Component: ARM Compiler 5.06 update 7 (build 960) Tool: armlink [4d3601]

==============================================================================

Section Cross References

    startup.o(STACK) refers (Special) to heapauxi.o(.text) for __use_two_region_memory
    startup.o(HEAP) refers (Special) to heapauxi.o(.text) for __use_two_region_memory
    startup.o(RESET) refers (Special) to heapauxi.o(.text) for __use_two_region_memory
    startup.o(RESET) refers to startup.o(STACK) for Stack_Top
    startup.o(RESET) refers to __main.o(!!!main) for __main
    startup.o(.text) refers (Special) to heapauxi.o(.text) for __use_two_region_memory
    startup.o(.text) refers to startup.o(HEAP) for Heap_Mem
    startup.o(.text) refers to startup.o(STACK) for Stack_Mem
    appl.o(i.Appl_HW_Init) refers to uart.o(i.UART_Init) for UART_Init
    appl.o(i.Appl_HW_Init) refers to io_lib.o(i.Output_Dev_Init) for Output_Dev_Init
    appl.o(i.Appl_HW_Init) refers to lcd.o(i.LCD_Init) for LCD_Init
    appl.o(i.Appl_HW_Init) refers to sw_lib.o(i.SW_Init) for SW_Init
    appl.o(i.Appl_HW_Init) refers to uart.o(i.Print) for Print
    appl.o(i.Appl_Init) refers to gen_std_lib_part_1.o(i.Next_Data_Conf_Parameter) for Next_Data_Conf_Parameter
    appl.o(i.Appl_Init) refers to gen_std_lib_part_1.o(i.Error_or_Warning_Proc) for Error_or_Warning_Proc
    appl.o(i.Appl_Init) refers to appl.o(.data) for .data
    appl.o(i.Appl_Init) refers to main.o(.data) for system_status_flag
    appl.o(i.Appl_Proc) refers to gen_std_lib_part_1.o(i.Error_or_Warning_Proc) for Error_or_Warning_Proc
    appl.o(i.Appl_Proc) refers to appl.o(i.Ctrl_Water_Lvl_FSM_Proc) for Ctrl_Water_Lvl_FSM_Proc
    appl.o(i.Appl_Proc) refers to main.o(.data) for cur_data_id
    appl.o(i.Appl_Proc) refers to appl.o(.data) for .data
    appl.o(i.Appl_Reset) refers to gen_std_lib_part_1.o(i.Error_or_Warning_Proc) for Error_or_Warning_Proc
    appl.o(i.Appl_Reset) refers to appl.o(i.Appl_Reset_Proc) for Appl_Reset_Proc
    appl.o(i.Appl_Reset) refers to appl.o(.data) for .data
    appl.o(i.Appl_Reset_Proc) refers to appl.o(i.Reset_Water_Lvl_Datas) for Reset_Water_Lvl_Datas
    appl.o(i.Ctrl_Water_Lvl_Error_Proc) refers to timer.o(i.Timer_Stop) for Timer_Stop
    appl.o(i.Ctrl_Water_Lvl_Error_Proc) refers to io_lib.o(i.IO_Channel_Write) for IO_Channel_Write
    appl.o(i.Ctrl_Water_Lvl_Error_Proc) refers to sw_lib.o(i.SW_Oper) for SW_Oper
    appl.o(i.Ctrl_Water_Lvl_Error_Proc) refers to appl.o(i.LCD_Data_Disp) for LCD_Data_Disp
    appl.o(i.Ctrl_Water_Lvl_Error_Proc) refers to appl.o(.data) for .data
    appl.o(i.Ctrl_Water_Lvl_FSM_Proc) refers to appl.o(i.LCD_Data_Disp) for LCD_Data_Disp
    appl.o(i.Ctrl_Water_Lvl_FSM_Proc) refers to gen_std_lib_part_1.o(i.Error_or_Warning_Proc) for Error_or_Warning_Proc
    appl.o(i.Ctrl_Water_Lvl_FSM_Proc) refers to io_lib.o(i.IO_Channel_Write) for IO_Channel_Write
    appl.o(i.Ctrl_Water_Lvl_FSM_Proc) refers to sw_lib.o(i.SW_Oper) for SW_Oper
    appl.o(i.Ctrl_Water_Lvl_FSM_Proc) refers to uart.o(i.Print) for Print
    appl.o(i.Ctrl_Water_Lvl_FSM_Proc) refers to io_lib.o(i.Port_Read) for Port_Read
    appl.o(i.Ctrl_Water_Lvl_FSM_Proc) refers to gen_std_lib_part_1.o(i.Test_Consucc_Bits) for Test_Consucc_Bits
    appl.o(i.Ctrl_Water_Lvl_FSM_Proc) refers to appl.o(.data) for .data
    appl.o(i.Ctrl_Water_Lvl_FSM_Proc) refers to main.o(.data) for system_status_flag
    appl.o(i.Ctrl_Water_Lvl_FSM_Proc) refers to main.o(.data) for error_or_warning_proc_flag
    appl.o(i.Ctrl_Water_Lvl_FSM_Proc) refers to sw_lib.o(i.SW_Present_State_By_IO_Ch) for SW_Present_State_By_IO_Ch
    appl.o(i.Ctrl_Water_Lvl_FSM_Proc) refers to main.o(.data) for sws_io_ch_map_datas
    appl.o(i.Ctrl_Water_Lvl_FSM_Proc) refers to appl.o(i.Ctrl_Water_Lvl_Error_Proc) for Ctrl_Water_Lvl_Error_Proc
    appl.o(i.Error_or_Warning_Occured_Proc) refers to appl.o(i.Ctrl_Water_Lvl_Error_Proc) for Ctrl_Water_Lvl_Error_Proc
    appl.o(i.Error_or_Warning_Occured_Proc) refers to main.o(.data) for error_or_warning_proc_flag
    appl.o(i.Error_or_Warning_Occured_Proc) refers to main.o(.data) for system_status_flag
    appl.o(i.Ext_Interrupt_3_Proc) refers to isr.o(i.Disable_Ext_Interrupt) for Disable_Ext_Interrupt
    appl.o(i.Ext_Interrupt_3_Proc) refers to gen_std_lib_part_1.o(i.Error_or_Warning_Proc) for Error_or_Warning_Proc
    appl.o(i.Ext_Interrupt_3_Proc) refers to isr.o(i.Delete_Src_Interrupt_Data_Arr_By_Src) for Delete_Src_Interrupt_Data_Arr_By_Src
    appl.o(i.Ext_Interrupt_3_Proc) refers to appl.o(.data) for .data
    appl.o(i.LCD_Data_Disp) refers to lcd.o(i.LCD_Disp_Goto_XY) for LCD_Disp_Goto_XY
    appl.o(i.LCD_Data_Disp) refers to gen_std_lib_part_1.o(i.Error_or_Warning_Proc) for Error_or_Warning_Proc
    appl.o(i.LCD_Data_Disp) refers to lcd.o(i.LCD_Disp_Str) for LCD_Disp_Str
    appl.o(i.LCD_Data_Disp) refers to lcd.o(i.LCD_Disp_Num) for LCD_Disp_Num
[...]
    ../fplib/fmul.s                          0x00000000   Number         0  fmul.o ABSOLUTE
    ../fplib/fnaninf.s                       0x00000000   Number         0  fnaninf.o ABSOLUTE
    ../fplib/fpinit.s                        0x00000000   Number         0  fpinit.o ABSOLUTE
    ../fplib/fretinf.s                       0x00000000   Number         0  fretinf.o ABSOLUTE
    ../fplib/usenofp.s                       0x00000000   Number         0  usenofp.o ABSOLUTE
    Startup.s                                0x00000000   Number         0  startup.o ABSOLUTE
    appl.c                                   0x00000000   Number         0  appl.o ABSOLUTE
    dc.s                                     0x00000000   Number         0  dc.o ABSOLUTE
    dev_oper.c                               0x00000000   Number         0  dev_oper.o ABSOLUTE
    gen_std_lib_part_1.c                     0x00000000   Number         0  gen_std_lib_part_1.o ABSOLUTE
    gen_std_lib_part_2.c                     0x00000000   Number         0  gen_std_lib_part_2.o ABSOLUTE
    io_lib.c                                 0x00000000   Number         0  io_lib.o ABSOLUTE
    isr.c                                    0x00000000   Number         0  isr.o ABSOLUTE
    lcd.c                                    0x00000000   Number         0  lcd.o ABSOLUTE
    main.c                                   0x00000000   Number         0  main.o ABSOLUTE
    sw_lib.c                                 0x00000000   Number         0  sw_lib.o ABSOLUTE
    timer.c                                  0x00000000   Number         0  timer.o ABSOLUTE
    uart.c                                   0x00000000   Number         0  uart.o ABSOLUTE
    Undef_Handler                            0x00000040   ARM Code       4  startup.o(RESET)
    SWI_Handler                              0x00000044   ARM Code       4  startup.o(RESET)
    PAbt_Handler                             0x00000048   ARM Code       4  startup.o(RESET)
    DAbt_Handler                             0x0000004c   ARM Code       4  startup.o(RESET)
    IRQ_Handler                              0x00000050   ARM Code       4  startup.o(RESET)
    FIQ_Handler                              0x00000054   ARM Code       4  startup.o(RESET)
    !!!main                                  0x00000110   Section        8  __main.o(!!!main)
    !!!scatter                               0x00000118   Section       60  __scatter.o(!!!scatter)
    !!dczerorl                               0x00000154   Section       68  __dczerorl.o(!!dczerorl)
    !!handler_zi                             0x00000198   Section       44  __scatter_zi.o(!!handler_zi)
    .ARM.Collect$$libinit$$00000000          0x000001cc   Section        2  libinit.o(.ARM.Collect$$libinit$$00000000)
    .ARM.Collect$$libinit$$00000002          0x000001ce   Section        0  libinit2.o(.ARM.Collect$$libinit$$00000002)
    .ARM.Collect$$libinit$$00000004          0x000001ce   Section        0  libinit2.o(.ARM.Collect$$libinit$$00000004)
    .ARM.Collect$$libinit$$0000000A          0x000001ce   Section        0  libinit2.o(.ARM.Collect$$libinit$$0000000A)
    .ARM.Collect$$libinit$$0000000C          0x000001ce   Section        0  libinit2.o(.ARM.Collect$$libinit$$0000000C)
    .ARM.Collect$$libinit$$0000000E          0x000001ce   Section        0  libinit2.o(.ARM.Collect$$libinit$$0000000E)
    .ARM.Collect$$libinit$$00000011          0x000001ce   Section        0  libinit2.o(.ARM.Collect$$libinit$$00000011)
    .ARM.Collect$$libinit$$00000013          0x000001ce   Section        0  libinit2.o(.ARM.Collect$$libinit$$00000013)
    .ARM.Collect$$libinit$$00000015          0x000001ce   Section        0  libinit2.o(.ARM.Collect$$libinit$$00000015)
    .ARM.Collect$$libinit$$00000017          0x000001ce   Section        0  libinit2.o(.ARM.Collect$$libinit$$00000017)
    .ARM.Collect$$libinit$$00000019          0x000001ce   Section        0  libinit2.o(.ARM.Collect$$libinit$$00000019)
    .ARM.Collect$$libinit$$0000001B          0x000001ce   Section        0  libinit2.o(.ARM.Collect$$libinit$$0000001B)
    .ARM.Collect$$libinit$$0000001D          0x000001ce   Section        0  libinit2.o(.ARM.Collect$$libinit$$0000001D)
    .ARM.Collect$$libinit$$0000001F          0x000001ce   Section        0  libinit2.o(.ARM.Collect$$libinit$$0000001F)
    .ARM.Collect$$libinit$$00000021          0x000001ce   Section        0  libinit2.o(.ARM.Collect$$libinit$$00000021)
    .ARM.Collect$$libinit$$00000023          0x000001ce   Section        0  libinit2.o(.ARM.Collect$$libinit$$00000023)
    .ARM.Collect$$libinit$$00000025          0x000001ce   Section        0  libinit2.o(.ARM.Collect$$libinit$$00000025)
    .ARM.Collect$$libinit$$0000002C          0x000001ce   Section        0  libinit2.o(.ARM.Collect$$libinit$$0000002C)
    .ARM.Collect$$libinit$$0000002E          0x000001ce   Section        0  libinit2.o(.ARM.Collect$$libinit$$0000002E)
    .ARM.Collect$$libinit$$00000030          0x000001ce   Section        0  libinit2.o(.ARM.Collect$$libinit$$00000030)
    .ARM.Collect$$libinit$$00000032          0x000001ce   Section        0  libinit2.o(.ARM.Collect$$libinit$$00000032)
    .ARM.Collect$$libinit$$00000033          0x000001ce   Section       12  libinit2.o(.ARM.Collect$$libinit$$00000033)
    .ARM.Collect$$libshutdown$$00000000      0x000001e4   Section        4  libshutdown.o(.ARM.Collect$$libshutdown$$00000000)
    .ARM.Collect$$libshutdown$$00000002      0x000001e8   Section        0  libshutdown2.o(.ARM.Collect$$libshutdown$$00000002)
    .ARM.Collect$$libshutdown$$00000004      0x000001e8   Section        0  libshutdown2.o(.ARM.Collect$$libshutdown$$00000004)
    .ARM.Collect$$libshutdown$$00000006      0x000001e8   Section        0  libshutdown2.o(.ARM.Collect$$libshutdown$$00000006)
    .ARM.Collect$$libshutdown$$00000009      0x000001e8   Section        0  libshutdown2.o(.ARM.Collect$$libshutdown$$00000009)
    .ARM.Collect$$libshutdown$$0000000C      0x000001e8   Section        0  libshutdown2.o(.ARM.Collect$$libshutdown$$0000000C)
    .ARM.Collect$$libshutdown$$0000000E      0x000001e8   Section        0  libshutdown2.o(.ARM.Collect$$libshutdown$$0000000E)
    .ARM.Collect$$libshutdown$$00000011      0x000001e8   Section        0  libshutdown2.o(.ARM.Collect$$libshutdown$$00000011)
    .ARM.Collect$$libshutdown$$00000012      0x000001e8   Section        6  libshutdown2.o(.ARM.Collect$$libshutdown$$00000012)
    .ARM.Collect$$rtentry$$00000000          0x000001f0   Section        0  __rtentry.o(.ARM.Collect$$rtentry$$00000000)
    .ARM.Collect$$rtentry$$00000002          0x000001f0   Section        0  __rtentry2.o(.ARM.Collect$$rtentry$$00000002)
    .ARM.Collect$$rtentry$$00000004          0x000001f0   Section        8  __rtentry4.o(.ARM.Collect$$rtentry$$00000004)
    .ARM.Collect$$rtentry$$00000009          0x000001f8   Section        0  __rtentry2.o(.ARM.Collect$$rtentry$$00000009)
    .ARM.Collect$$rtentry$$0000000A          0x000001f8   Section        4  __rtentry2.o(.ARM.Collect$$rtentry$$0000000A)
    .ARM.Collect$$rtentry$$0000000C          0x000001fc   Section        0  __rtentry2.o(.ARM.Collect$$rtentry$$0000000C)
    .ARM.Collect$$rtentry$$0000000D          0x000001fc   Section       40  __rtentry2.o(.ARM.Collect$$rtentry$$0000000D)
    .ARM.Collect$$rtexit$$00000000           0x00000228   Section        4  rtexit.o(.ARM.Collect$$rtexit$$00000000)
    .ARM.Collect$$rtexit$$00000002           0x0000022c   Section        0  rtexit2.o(.ARM.Collect$$rtexit$$00000002)
    .ARM.Collect$$rtexit$$00000003           0x0000022c   Section        4  rtexit2.o(.ARM.Collect$$rtexit$$00000003)
    .ARM.Collect$$rtexit$$00000004           0x00000230   Section        8  rtexit2.o(.ARM.Collect$$rtexit$$00000004)
    .text                                    0x00000238   Section       32  startup.o(.text)
    .text                                    0x00000260   Section        0  strcpy.o(.text)
    .text                                    0x000002b0   Section      212  rt_memcpy.o(.text)
    .text                                    0x00000384   Section       64  rt_memclr.o(.text)
    .text                                    0x000003c4   Section       84  rt_memclr_w.o(.text)
    .text                                    0x00000418   Section      384  aeabi_sdiv.o(.text)
    __arm_div8                               0x00000444   ARM Code       0  aeabi_sdiv.o(.text)
    __arm_div5                               0x00000468   ARM Code       0  aeabi_sdiv.o(.text)
    __arm_div2                               0x0000048c   ARM Code       0  aeabi_sdiv.o(.text)
    __arm_div_large                          0x000004c8   ARM Code       0  aeabi_sdiv.o(.text)
    .text                                    0x00000598   Section        0  heapauxi.o(.text)
    .text                                    0x000005a0   Section      100  rt_memcpy_w.o(.text)
    .text                                    0x00000604   Section       12  libspace.o(.text)
    .text                                    0x00000610   Section       96  sys_stackheap_outer.o(.text)
    .text                                    0x00000670   Section        0  exit.o(.text)
    .text                                    0x0000068c   Section        0  sys_exit.o(.text)
    .text                                    0x00000698   Section        4  use_no_semi.o(.text)
    .text                                    0x0000069c   Section        0  indicate_semi.o(.text)
    .text_udiv                               0x0000069c   Section       36  aeabi_sdiv.o(.text_udiv)
    i.Appl_Data_Retrieve_Para                0x000006c0   Section        0  gen_std_lib_part_1.o(i.Appl_Data_Retrieve_Para)
    i.Appl_HW_Init                           0x00000974   Section        0  appl.o(i.Appl_HW_Init)
    i.Appl_Init                              0x00000a78   Section        0  appl.o(i.Appl_Init)
    i.Appl_Proc                              0x00000adc   Section        0  appl.o(i.Appl_Proc)
    i.Appl_Reset                             0x00000b54   Section        0  appl.o(i.Appl_Reset)
    i.Appl_Reset_Proc                        0x00000bb4   Section        0  appl.o(i.Appl_Reset_Proc)
    i.Check_GPIO_Func                        0x00000bcc   Section        0  io_lib.o(i.Check_GPIO_Func)
    i.Comm_Error_Proc                        0x00000e70   Section        0  gen_std_lib_part_1.o(i.Comm_Error_Proc)
    i.Config_Consucc_Bits                    0x000012f0   Section        0  gen_std_lib_part_1.o(i.Config_Consucc_Bits)
    i.Config_GPIO_Func_Set                   0x000013f0   Section        0  io_lib.o(i.Config_GPIO_Func_Set)
    Config_GPIO_Func_Set                     0x000013f0   ARM Code     896  io_lib.o(i.Config_GPIO_Func_Set)
    i.Config_Port_Pin_Range_Validate         0x00001770   Section        0  io_lib.o(i.Config_Port_Pin_Range_Validate)
    i.Config_Port_Pin_Validate               0x00001890   Section        0  io_lib.o(i.Config_Port_Pin_Validate)
    Config_Port_Pin_Validate                 0x00001890   ARM Code     156  io_lib.o(i.Config_Port_Pin_Validate)
    i.Conv_Ext_Interrupt_Ch_ID_to_IO_Ch      0x0000194c   Section        0  isr.o(i.Conv_Ext_Interrupt_Ch_ID_to_IO_Ch)
    Conv_Ext_Interrupt_Ch_ID_to_IO_Ch        0x0000194c   ARM Code     468  isr.o(i.Conv_Ext_Interrupt_Ch_ID_to_IO_Ch)
    i.Ctrl_Water_Lvl_Error_Proc              0x00001b68   Section        0  appl.o(i.Ctrl_Water_Lvl_Error_Proc)
    i.Ctrl_Water_Lvl_FSM_Proc                0x00001c68   Section        0  appl.o(i.Ctrl_Water_Lvl_FSM_Proc)
    i.Cur_Data_ID_Dev_Src_Basic_Oper_Func    0x00003458   Section        0  dev_oper.o(i.Cur_Data_ID_Dev_Src_Basic_Oper_Func)
    Cur_Data_ID_Dev_Src_Basic_Oper_Func      0x00003458   ARM Code    1832  dev_oper.o(i.Cur_Data_ID_Dev_Src_Basic_Oper_Func)
    i.Cur_Data_ID_Devs_Src_Basic_Oper_Func   0x00003b80   Section        0  dev_oper.o(i.Cur_Data_ID_Devs_Src_Basic_Oper_Func)
    i.Data_Dev_Src_Access_Oper_Func          0x00003f20   Section        0  dev_oper.o(i.Data_Dev_Src_Access_Oper_Func)
    i.Data_ID_Set_Para                       0x00004220   Section        0  gen_std_lib_part_1.o(i.Data_ID_Set_Para)
    i.Data_IDs_Set_Para                      0x00004340   Section        0  gen_std_lib_part_1.o(i.Data_IDs_Set_Para)
    i.Debug_IO_Func_Set_Validate             0x000043ec   Section        0  io_lib.o(i.Debug_IO_Func_Set_Validate)
    Debug_IO_Func_Set_Validate               0x000043ec   ARM Code      92  io_lib.o(i.Debug_IO_Func_Set_Validate)
    i.Delay_MS                               0x00004458   Section        0  gen_std_lib_part_1.o(i.Delay_MS)
    i.Delete_Src_Interrupt_Data_Arr_By_Src   0x00004490   Section        0  isr.o(i.Delete_Src_Interrupt_Data_Arr_By_Src)
    i.Dev_ID_To_Interrupt_Src_ID_Conv        0x0000454c   Section        0  isr.o(i.Dev_ID_To_Interrupt_Src_ID_Conv)
    i.Dev_IO_Chs_Map_Data_Validate           0x00004a54   Section        0  io_lib.o(i.Dev_IO_Chs_Map_Data_Validate)
    i.Disable_All_LCDs                       0x00004bd4   Section        0  lcd.o(i.Disable_All_LCDs)
    i.Disable_All_SWs                        0x00004c00   Section        0  sw_lib.o(i.Disable_All_SWs)
    i.Disable_All_UARTs                      0x00004c2c   Section        0  uart.o(i.Disable_All_UARTs)
    i.Disable_Ext_Interrupt                  0x00004c64   Section        0  isr.o(i.Disable_Ext_Interrupt)
    i.Disable_Interrupt_Src                  0x00004e34   Section        0  isr.o(i.Disable_Interrupt_Src)
    i.Disable_Timer_Interrupt                0x00004ff8   Section        0  timer.o(i.Disable_Timer_Interrupt)
    i.Error_Or_Warning_UART_Proc             0x000050ec   Section        0  uart.o(i.Error_Or_Warning_UART_Proc)
    i.Error_or_Warning_LCD_Proc              0x00005154   Section        0  lcd.o(i.Error_or_Warning_LCD_Proc)
    Error_or_Warning_LCD_Proc                0x00005154   ARM Code      80  lcd.o(i.Error_or_Warning_LCD_Proc)
    i.Error_or_Warning_Occured_Proc          0x000051a8   Section        0  appl.o(i.Error_or_Warning_Occured_Proc)
    i.Error_or_Warning_Proc                  0x00005248   Section        0  gen_std_lib_part_1.o(i.Error_or_Warning_Proc)
    i.Ext_Interrupt_0_Proc                   0x000052d0   Section        0  appl.o(i.Ext_Interrupt_0_Proc)
    i.Ext_Interrupt_1_Proc                   0x000052d8   Section        0  appl.o(i.Ext_Interrupt_1_Proc)
    i.Ext_Interrupt_2_Proc                   0x000052e0   Section        0  appl.o(i.Ext_Interrupt_2_Proc)
    i.Ext_Interrupt_3_Proc                   0x000052e8   Section        0  appl.o(i.Ext_Interrupt_3_Proc)
    i.File_Flush                             0x000053a8   Section        0  gen_std_lib_part_1.o(i.File_Flush)
    i.GPIO_Func_Set                          0x00005410   Section        0  io_lib.o(i.GPIO_Func_Set)
    GPIO_Func_Set                            0x00005410   ARM Code     360  io_lib.o(i.GPIO_Func_Set)
    i.Get_IO_Func_Mode                       0x0000559c   Section        0  io_lib.o(i.Get_IO_Func_Mode)
    i.HW_Init                                0x00005738   Section        0  main.o(i.HW_Init)
    HW_Init                                  0x00005738   ARM Code      76  main.o(i.HW_Init)
    i.IO_Ch_Func_Reset                       0x00005794   Section        0  io_lib.o(i.IO_Ch_Func_Reset)
    i.IO_Ch_To_SW_Ch                         0x000059f8   Section        0  sw_lib.o(i.IO_Ch_To_SW_Ch)
    i.IO_Ch_Validate                         0x00005b0c   Section        0  io_lib.o(i.IO_Ch_Validate)
    i.IO_Channel_Read                        0x00005ce8   Section        0  io_lib.o(i.IO_Channel_Read)
    i.IO_Channel_Write                       0x00005d80   Section        0  io_lib.o(i.IO_Channel_Write)
    i.IO_Channels_Func_Set                   0x00005ec0   Section        0  io_lib.o(i.IO_Channels_Func_Set)
    i.ISR_Brown_Out_Detect                   0x00006190   Section        0  main.o(i.ISR_Brown_Out_Detect)
    i.ISR_Ext_Interrupt_0                    0x000061a4   Section        0  isr.o(i.ISR_Ext_Interrupt_0)
    i.ISR_Ext_Interrupt_1                    0x00006270   Section        0  isr.o(i.ISR_Ext_Interrupt_1)
    i.ISR_Ext_Interrupt_2                    0x0000633c   Section        0  isr.o(i.ISR_Ext_Interrupt_2)
    i.ISR_Ext_Interrupt_3                    0x00006408   Section        0  isr.o(i.ISR_Ext_Interrupt_3)
    i.ISR_Non_Vector_IRQ                     0x000064d4   Section        0  isr.o(i.ISR_Non_Vector_IRQ)
    i.ISR_PLL                                0x000064e8   Section        0  main.o(i.ISR_PLL)
    i.ISR_Timer_0                            0x000064fc   Section        0  timer.o(i.ISR_Timer_0)
    i.ISR_Timer_1                            0x000065b0   Section        0  timer.o(i.ISR_Timer_1)
    i.ISR_UART_0                             0x00006788   Section        0  uart.o(i.ISR_UART_0)
    i.ISR_UART_1                             0x0000679c   Section        0  uart.o(i.ISR_UART_1)
    i.Init_File                              0x000067b0   Section        0  gen_std_lib_part_1.o(i.Init_File)
    i.LCD_Allow_Access                       0x00006934   Section        0  lcd.o(i.LCD_Allow_Access)
    i.LCD_Check_Busy                         0x00006998   Section        0  lcd.o(i.LCD_Check_Busy)
    LCD_Check_Busy                           0x00006998   ARM Code     900  lcd.o(i.LCD_Check_Busy)
    i.LCD_Clear_Screen                       0x00006d1c   Section        0  lcd.o(i.LCD_Clear_Screen)
    i.LCD_Data_Disp                          0x00006dc4   Section        0  appl.o(i.LCD_Data_Disp)
    i.LCD_DeInit                             0x00007628   Section        0  lcd.o(i.LCD_DeInit)
    i.LCD_Disable                            0x000077a8   Section        0  lcd.o(i.LCD_Disable)
    i.LCD_Disp_Char                          0x0000780c   Section        0  lcd.o(i.LCD_Disp_Char)
    i.LCD_Disp_Goto_XY                       0x00007c2c   Section        0  lcd.o(i.LCD_Disp_Goto_XY)
    i.LCD_Disp_Num                           0x00007e50   Section        0  lcd.o(i.LCD_Disp_Num)
    i.LCD_Disp_Str                           0x000082e8   Section        0  lcd.o(i.LCD_Disp_Str)
    i.LCD_Enable                             0x000083dc   Section        0  lcd.o(i.LCD_Enable)
    i.LCD_From_Loc_to_XY                     0x00008440   Section        0  lcd.o(i.LCD_From_Loc_to_XY)
    i.LCD_Init                               0x00008620   Section        0  lcd.o(i.LCD_Init)
    i.LCD_No_Access                          0x00008c18   Section        0  lcd.o(i.LCD_No_Access)
    i.LCD_Read_Command                       0x00008c84   Section        0  lcd.o(i.LCD_Read_Command)
    LCD_Read_Command                         0x00008c84   ARM Code     752  lcd.o(i.LCD_Read_Command)
    i.LCD_Read_Data_from_IO_Ch               0x00008f74   Section        0  lcd.o(i.LCD_Read_Data_from_IO_Ch)
    LCD_Read_Data_from_IO_Ch                 0x00008f74   ARM Code     268  lcd.o(i.LCD_Read_Data_from_IO_Ch)
    i.LCD_Write                              0x000090b4   Section        0  lcd.o(i.LCD_Write)
    i.LCD_Write_Command                      0x0000957c   Section        0  lcd.o(i.LCD_Write_Command)
    i.LCD_Write_Command_NO_BF                0x000098d0   Section        0  lcd.o(i.LCD_Write_Command_NO_BF)
    i.LCD_Write_Data_to_IO_Ch                0x00009ab8   Section        0  lcd.o(i.LCD_Write_Data_to_IO_Ch)
    LCD_Write_Data_to_IO_Ch                  0x00009ab8   ARM Code     268  lcd.o(i.LCD_Write_Data_to_IO_Ch)
    i.Next_Data_Conf_Parameter               0x00009c10   Section        0  gen_std_lib_part_1.o(i.Next_Data_Conf_Parameter)
    i.Non_GPIO_Func_Set                      0x00009cd4   Section        0  io_lib.o(i.Non_GPIO_Func_Set)
    i.Num_To_Str_Conv_No_Conf_Size           0x00009dbc   Section        0  gen_std_lib_part_1.o(i.Num_To_Str_Conv_No_Conf_Size)
    i.Output_Dev_Init                        0x00009f3c   Section        0  io_lib.o(i.Output_Dev_Init)
    i.PLL_Init                               0x00009fcc   Section        0  main.o(i.PLL_Init)
    PLL_Init                                 0x00009fcc   ARM Code      80  main.o(i.PLL_Init)
    i.Port_Read                              0x0000a020   Section        0  io_lib.o(i.Port_Read)
    i.Power_Of                               0x0000a160   Section        0  gen_std_lib_part_1.o(i.Power_Of)
    i.Print                                  0x0000a190   Section        0  uart.o(i.Print)
    i.Put_Char                               0x0000a44c   Section        0  uart.o(i.Put_Char)
    i.Put_Str                                0x0000a4f0   Section        0  uart.o(i.Put_Str)
    i.Reset_All_Interrupts                   0x0000a660   Section        0  isr.o(i.Reset_All_Interrupts)
    i.Reset_Data_ID_Status                   0x0000a754   Section        0  gen_std_lib_part_1.o(i.Reset_Data_ID_Status)
    i.Reset_Data_IDs_Status                  0x0000a844   Section        0  gen_std_lib_part_1.o(i.Reset_Data_IDs_Status)
    i.Reset_IO_Chs                           0x0000a878   Section        0  io_lib.o(i.Reset_IO_Chs)
    i.Reset_Ports                            0x0000a888   Section        0  io_lib.o(i.Reset_Ports)
    i.Reset_Process                          0x0000a8fc   Section        0  main.o(i.Reset_Process)
    i.Reset_SW_Ch                            0x0000a9bc   Section        0  sw_lib.o(i.Reset_SW_Ch)
    i.Reset_SW_Chs                           0x0000aa64   Section        0  sw_lib.o(i.Reset_SW_Chs)
    i.Reset_Src_Interrupt_Data_Arr           0x0000aaa8   Section        0  isr.o(i.Reset_Src_Interrupt_Data_Arr)
    i.Reset_Src_Interrupt_Data_Arr_By_Specific_Index 0x0000ab20   Section        0  isr.o(i.Reset_Src_Interrupt_Data_Arr_By_Specific_Index)
    Reset_Src_Interrupt_Data_Arr_By_Specific_Index 0x0000ab20   ARM Code      96  isr.o(i.Reset_Src_Interrupt_Data_Arr_By_Specific_Index)
    i.Reset_Water_Lvl_Datas                  0x0000ab94   Section        0  appl.o(i.Reset_Water_Lvl_Datas)
    i.SW_Allow_Access                        0x0000ae74   Section        0  sw_lib.o(i.SW_Allow_Access)
    i.SW_Ch_ID_Check_And_Alloc               0x0000aee8   Section        0  sw_lib.o(i.SW_Ch_ID_Check_And_Alloc)
    i.SW_Ch_UnConfig_By_IO_Ch                0x0000b17c   Section        0  sw_lib.o(i.SW_Ch_UnConfig_By_IO_Ch)
    i.SW_Ch_Validate                         0x0000b204   Section        0  sw_lib.o(i.SW_Ch_Validate)
    SW_Ch_Validate                           0x0000b204   ARM Code     144  sw_lib.o(i.SW_Ch_Validate)
    i.SW_DeInit                              0x0000b2b4   Section        0  sw_lib.o(i.SW_DeInit)
    i.SW_Disable                             0x0000b3a4   Section        0  sw_lib.o(i.SW_Disable)
    i.SW_Enable                              0x0000b410   Section        0  sw_lib.o(i.SW_Enable)
    i.SW_Init                                0x0000b484   Section        0  sw_lib.o(i.SW_Init)
    i.SW_No_Access                           0x0000b64c   Section        0  sw_lib.o(i.SW_No_Access)
    i.SW_Oper                                0x0000b6b8   Section        0  sw_lib.o(i.SW_Oper)
    i.SW_Para_Init                           0x0000b950   Section        0  sw_lib.o(i.SW_Para_Init)
    i.SW_Present_State_By_IO_Ch              0x0000ba4c   Section        0  sw_lib.o(i.SW_Present_State_By_IO_Ch)
    i.SW_Press_Proc                          0x0000bb9c   Section        0  sw_lib.o(i.SW_Press_Proc)
    i.SW_Read                                0x0000bfa8   Section        0  sw_lib.o(i.SW_Read)
    i.Search_Src_Interrupt_Data_Arr_Free_Index 0x0000c0a8   Section        0  isr.o(i.Search_Src_Interrupt_Data_Arr_Free_Index)
    i.Set_Status_Reset_Data_IDs              0x0000c138   Section        0  gen_std_lib_part_1.o(i.Set_Status_Reset_Data_IDs)
    i.Str_Len                                0x0000c1ac   Section        0  gen_std_lib_part_1.o(i.Str_Len)
    i.System_Init                            0x0000c20c   Section        0  main.o(i.System_Init)
    System_Init                              0x0000c20c   ARM Code     172  main.o(i.System_Init)
    i.Test_Consucc_Bits                      0x0000c2e0   Section        0  gen_std_lib_part_1.o(i.Test_Consucc_Bits)
    i.Timer_0_Timeout_Proc                   0x0000c430   Section        0  appl.o(i.Timer_0_Timeout_Proc)
    i.Timer_1_Timeout_Proc                   0x0000c524   Section        0  appl.o(i.Timer_1_Timeout_Proc)
    i.Timer_Stop                             0x0000c618   Section        0  timer.o(i.Timer_Stop)
    i.Trace_IO_Func_Set_Validate             0x0000c7e8   Section        0  io_lib.o(i.Trace_IO_Func_Set_Validate)
    Trace_IO_Func_Set_Validate               0x0000c7e8   ARM Code      92  io_lib.o(i.Trace_IO_Func_Set_Validate)
    i.UART_Allow_Access                      0x0000c854   Section        0  uart.o(i.UART_Allow_Access)
    i.UART_DeInit                            0x0000c8c0   Section        0  uart.o(i.UART_DeInit)
    i.UART_Disable                           0x0000ca7c   Section        0  uart.o(i.UART_Disable)
    i.UART_Enable                            0x0000cae8   Section        0  uart.o(i.UART_Enable)
    i.UART_Init                              0x0000cb54   Section        0  uart.o(i.UART_Init)
    i.UART_No_Access                         0x0000ce20   Section        0  uart.o(i.UART_No_Access)
    i.UART_Receive_Char                      0x0000ce90   Section        0  uart.o(i.UART_Receive_Char)
    i.UART_Receive_Enable_Ctrl               0x0000d1a4   Section        0  uart.o(i.UART_Receive_Enable_Ctrl)
    i.UART_Reset_Status                      0x0000d244   Section        0  uart.o(i.UART_Reset_Status)
    i.UART_Transmit                          0x0000d33c   Section        0  uart.o(i.UART_Transmit)
    i.UART_Transmit_Char                     0x0000d6f0   Section        0  uart.o(i.UART_Transmit_Char)
    i.UART_Transmit_Enable_Ctrl              0x0000d7fc   Section        0  uart.o(i.UART_Transmit_Enable_Ctrl)
    i.UART_Transmit_Num                      0x0000d8a8   Section        0  uart.o(i.UART_Transmit_Num)
    i.UART_Transmit_Str                      0x0000dd44   Section        0  uart.o(i.UART_Transmit_Str)
    i.Write_Bit_in_Data                      0x0000de38   Section        0  gen_std_lib_part_1.o(i.Write_Bit_in_Data)
    i.main                                   0x0000deec   Section        0  main.o(i.main)
    .constdata                               0x0000df1c   Section        2  dev_oper.o(.constdata)
    .constdata                               0x0000df20   Section       44  io_lib.o(.constdata)
    io_dir_ptr                               0x0000df20   Data           8  io_lib.o(.constdata)
    pin_sel_ptr                              0x0000df40   Data          12  io_lib.o(.constdata)
    .constdata                               0x0000df4c   Section       11  main.o(.constdata)
    .constdata                               0x0000df57   Section        8  main.o(.constdata)
    .constdata                               0x0000df60   Section       14  main.o(.constdata)
    .constdata                               0x0000df6e   Section        1  main.o(.constdata)
    .constdata                               0x0000df70   Section       48  timer.o(.constdata)
    tmr_ctcr_ptr                             0x0000df70   Data           8  timer.o(.constdata)
    tmr_pr_ptr                               0x0000df78   Data           8  timer.o(.constdata)
    tmr_tcr_ptr                              0x0000df80   Data           8  timer.o(.constdata)
    tmr_tc_ptr                               0x0000df88   Data           8  timer.o(.constdata)
    tmr_ir_ptr                               0x0000df98   Data           8  timer.o(.constdata)
    .constdata                               0x0000dfa0   Section       16  timer.o(.constdata)
    tmr0_mr_ptr                              0x0000dfa0   Data          16  timer.o(.constdata)
    .constdata                               0x0000dfb0   Section       16  timer.o(.constdata)
    tmr1_mr_ptr                              0x0000dfb0   Data          16  timer.o(.constdata)
    .constdata                               0x0000dfc0   Section       56  uart.o(.constdata)
    uart_lcr_ptr                             0x0000dfc0   Data           8  uart.o(.constdata)
    uart_dll_ptr                             0x0000dfc8   Data           8  uart.o(.constdata)
    uart_dlm_ptr                             0x0000dfd0   Data           8  uart.o(.constdata)
    uart_fcr_ptr                             0x0000dfd8   Data           8  uart.o(.constdata)
    uart_lsr_ptr                             0x0000dfe0   Data           8  uart.o(.constdata)
    uart_rbr_ptr                             0x0000dfe8   Data           8  uart.o(.constdata)
    uart_thr_ptr                             0x0000dff0   Data           8  uart.o(.constdata)
    .data                                    0x40000000   Section       16  appl.o(.data)
    proc_data                                0x40000000   Data           1  appl.o(.data)
    temp_cur_water_lvl                       0x40000001   Data           1  appl.o(.data)
    prev_water_lvl_sensor_map                0x40000002   Data           1  appl.o(.data)
    .data                                    0x40000010   Section      556  dev_oper.o(.data)
    i                                        0x40000010   Data           1  dev_oper.o(.data)
    .data                                    0x4000023c   Section        2  gen_std_lib_part_1.o(.data)
    prev_data_id                             0x4000023d   Data           1  gen_std_lib_part_1.o(.data)
    .data                                    0x40000240   Section        8  io_lib.o(.data)
    config_port_pin                          0x40000240   Data           8  io_lib.o(.data)
    .data                                    0x40000248   Section       28  isr.o(.data)
    .data                                    0x40000264   Section       16  main.o(.data)
    .data                                    0x40000274   Section        6  main.o(.data)
    .data                                    0x4000027a   Section        3  main.o(.data)
    .data                                    0x4000027e   Section        4  main.o(.data)
    .data                                    0x40000282   Section        8  main.o(.data)
    .data                                    0x4000028c   Section      176  main.o(.data)
    .data                                    0x4000033c   Section       12  main.o(.data)
    .data                                    0x40000348   Section        4  main.o(.data)
    .data                                    0x4000034c   Section        1  main.o(.data)
    .data                                    0x4000034d   Section        1  main.o(.data)
    .data                                    0x40000350   Section        4  main.o(.data)
    .data                                    0x40000354   Section        1  sw_lib.o(.data)
    .data                                    0x40000358   Section       32  timer.o(.data)
    timer_mr_ptr                             0x40000368   Data           8  timer.o(.data)
    .bss                                     0x40000378   Section       48  dev_oper.o(.bss)
    .bss                                     0x400003a8   Section       80  isr.o(.bss)
    .bss                                     0x400003f8   Section       14  lcd.o(.bss)
    .bss                                     0x40000408   Section       24  main.o(.bss)
    .bss                                     0x40000420   Section       16  timer.o(.bss)
    .bss                                     0x40000430   Section       65  uart.o(.bss)
    .bss                                     0x40000474   Section       96  libspace.o(.bss)
    HEAP                                     0x400004d8   Section        0  startup.o(HEAP)
    STACK                                    0x400004d8   Section     1160  startup.o(STACK)
    Heap_Mem                                 0x400004d8   Data           0  startup.o(HEAP)
    Stack_Mem                                0x400004d8   Data        1024  startup.o(STACK)
    Stack_Top                                0x40000960   Data           0  startup.o(STACK)

    Global Symbols

    Symbol Name                              Value     Ov Type        Size  Object(Section)

    BuildAttributes$$THM_ISAv1$ARM_ISAv4$S$PE$A:L22$X:L11$S22$IEEE1$IW$USESV6$~STKCKD$USESV7$~SHL$OSPACE$ROPI$EBA8$UX$STANDARDLIB$REQ8$PRES8$EABIv2 0x00000000   Number         0  anon$$obj.o ABSOLUTE
    __ARM_use_no_argv                        0x00000000   Number         0  main.o ABSOLUTE
    __ARM_exceptions_init                     - Undefined Weak Reference
    __alloca_initialize                       - Undefined Weak Reference
    __arm_fini_                               - Undefined Weak Reference
    __arm_preinit_                            - Undefined Weak Reference
    __cpp_initialize__aeabi_                  - Undefined Weak Reference
    __cxa_finalize                            - Undefined Weak Reference
    __sigvec_lookup                           - Undefined Weak Reference
    _atexit_init                              - Undefined Weak Reference
    _call_atexit_fns                          - Undefined Weak Reference
    _clock_init                               - Undefined Weak Reference
    _fp_trap_init                             - Undefined Weak Reference
    _fp_trap_shutdown                         - Undefined Weak Reference
    _get_lc_collate                           - Undefined Weak Reference
    _get_lc_monetary                          - Undefined Weak Reference
    _get_lc_numeric                           - Undefined Weak Reference
    _get_lc_time                              - Undefined Weak Reference
    _getenv_init                              - Undefined Weak Reference
    _handle_redirection                       - Undefined Weak Reference
    _init_alloc                               - Undefined Weak Reference
    _init_user_alloc                          - Undefined Weak Reference
    _initio                                   - Undefined Weak Reference
    _rand_init                                - Undefined Weak Reference
    _signal_finish                            - Undefined Weak Reference
    _signal_init                              - Undefined Weak Reference
    _terminate_alloc                          - Undefined Weak Reference
    _terminate_user_alloc                     - Undefined Weak Reference
    _terminateio                              - Undefined Weak Reference
    Reset_Handler                            0x00000058   ARM Code       0  startup.o(RESET)
    __main                                   0x00000110   ARM Code       8  __main.o(!!!main)
    __scatterload                            0x00000118   ARM Code       0  __scatter.o(!!!scatter)
    __scatterload_rt2                        0x00000118   ARM Code      52  __scatter.o(!!!scatter)
    __scatterload_null                       0x0000012c   ARM Code       0  __scatter.o(!!!scatter)
    __decompress                             0x00000154   ARM Code      68  __dczerorl.o(!!dczerorl)
    __decompress0                            0x00000154   ARM Code       0  __dczerorl.o(!!dczerorl)
    __scatterload_zeroinit                   0x00000198   ARM Code      44  __scatter_zi.o(!!handler_zi)
    Inline ARM to Thumb Veneer to __rt_lib_init 0x000001c4   ARM Code       8  libinit.o(.ARM.Collect$$libinit$$00000000)
    __rt_lib_init                            0x000001cd   Thumb Code     0  libinit.o(.ARM.Collect$$libinit$$00000000)
    __rt_lib_init_alloca_1                   0x000001cf   Thumb Code     0  libinit2.o(.ARM.Collect$$libinit$$0000002E)
    __rt_lib_init_argv_1                     0x000001cf   Thumb Code     0  libinit2.o(.ARM.Collect$$libinit$$0000002C)
    __rt_lib_init_atexit_1                   0x000001cf   Thumb Code     0  libinit2.o(.ARM.Collect$$libinit$$0000001B)
    __rt_lib_init_clock_1                    0x000001cf   Thumb Code     0  libinit2.o(.ARM.Collect$$libinit$$00000021)
    __rt_lib_init_cpp_1                      0x000001cf   Thumb Code     0  libinit2.o(.ARM.Collect$$libinit$$00000032)
    __rt_lib_init_exceptions_1               0x000001cf   Thumb Code     0  libinit2.o(.ARM.Collect$$libinit$$00000030)
    __rt_lib_init_fp_1                       0x000001cf   Thumb Code     0  libinit2.o(.ARM.Collect$$libinit$$00000002)
    __rt_lib_init_fp_trap_1                  0x000001cf   Thumb Code     0  libinit2.o(.ARM.Collect$$libinit$$0000001F)
    __rt_lib_init_getenv_1                   0x000001cf   Thumb Code     0  libinit2.o(.ARM.Collect$$libinit$$00000023)
    __rt_lib_init_heap_1                     0x000001cf   Thumb Code     0  libinit2.o(.ARM.Collect$$libinit$$0000000A)
    __rt_lib_init_lc_collate_1               0x000001cf   Thumb Code     0  libinit2.o(.ARM.Collect$$libinit$$00000011)
    __rt_lib_init_lc_ctype_1                 0x000001cf   Thumb Code     0  libinit2.o(.ARM.Collect$$libinit$$00000013)
    __rt_lib_init_lc_monetary_1              0x000001cf   Thumb Code     0  libinit2.o(.ARM.Collect$$libinit$$00000015)
    __rt_lib_init_lc_numeric_1               0x000001cf   Thumb Code     0  libinit2.o(.ARM.Collect$$libinit$$00000017)
    __rt_lib_init_lc_time_1                  0x000001cf   Thumb Code     0  libinit2.o(.ARM.Collect$$libinit$$00000019)
    __rt_lib_init_preinit_1                  0x000001cf   Thumb Code     0  libinit2.o(.ARM.Collect$$libinit$$00000004)
    __rt_lib_init_rand_1                     0x000001cf   Thumb Code     0  libinit2.o(.ARM.Collect$$libinit$$0000000E)
    __rt_lib_init_return                     0x000001cf   Thumb Code     0  libinit2.o(.ARM.Collect$$libinit$$00000033)
    __rt_lib_init_signal_1                   0x000001cf   Thumb Code     0  libinit2.o(.ARM.Collect$$libinit$$0000001D)
    __rt_lib_init_stdio_1                    0x000001cf   Thumb Code     0  libinit2.o(.ARM.Collect$$libinit$$00000025)
    __rt_lib_init_user_alloc_1               0x000001cf   Thumb Code     0  libinit2.o(.ARM.Collect$$libinit$$0000000C)
    Inline ARM to Thumb Veneer to __rt_lib_shutdown 0x000001dc   ARM Code       8  libshutdown.o(.ARM.Collect$$libshutdown$$00000000)
    __rt_lib_shutdown                        0x000001e5   Thumb Code     0  libshutdown.o(.ARM.Collect$$libshutdown$$00000000)
    __rt_lib_shutdown_cpp_1                  0x000001e9   Thumb Code     0  libshutdown2.o(.ARM.Collect$$libshutdown$$00000004)
    __rt_lib_shutdown_fini_1                 0x000001e9   Thumb Code     0  libshutdown2.o(.ARM.Collect$$libshutdown$$00000002)
    __rt_lib_shutdown_fp_trap_1              0x000001e9   Thumb Code     0  libshutdown2.o(.ARM.Collect$$libshutdown$$00000009)
    __rt_lib_shutdown_heap_1                 0x000001e9   Thumb Code     0  libshutdown2.o(.ARM.Collect$$libshutdown$$00000011)
    __rt_lib_shutdown_return                 0x000001e9   Thumb Code     0  libshutdown2.o(.ARM.Collect$$libshutdown$$00000012)
    __rt_lib_shutdown_signal_1               0x000001e9   Thumb Code     0  libshutdown2.o(.ARM.Collect$$libshutdown$$0000000C)
    __rt_lib_shutdown_stdio_1                0x000001e9   Thumb Code     0  libshutdown2.o(.ARM.Collect$$libshutdown$$00000006)
    __rt_lib_shutdown_user_alloc_1           0x000001e9   Thumb Code     0  libshutdown2.o(.ARM.Collect$$libshutdown$$0000000E)
    __rt_entry                               0x000001f0   ARM Code       0  __rtentry.o(.ARM.Collect$$rtentry$$00000000)
    __rt_entry_presh_1                       0x000001f0   ARM Code       0  __rtentry2.o(.ARM.Collect$$rtentry$$00000002)
    __rt_entry_sh                            0x000001f0   ARM Code       0  __rtentry4.o(.ARM.Collect$$rtentry$$00000004)
    __rt_entry_li                            0x000001f8   ARM Code       0  __rtentry2.o(.ARM.Collect$$rtentry$$0000000A)
    __rt_entry_postsh_1                      0x000001f8   ARM Code       0  __rtentry2.o(.ARM.Collect$$rtentry$$00000009)
    __rt_entry_main                          0x000001fc   ARM Code       0  __rtentry2.o(.ARM.Collect$$rtentry$$0000000D)
    __rt_entry_postli_1                      0x000001fc   ARM Code       0  __rtentry2.o(.ARM.Collect$$rtentry$$0000000C)
    Inline Thumb to ARM Veneer to __rt_exit  0x00000225   Thumb Code     4  rtexit.o(.ARM.Collect$$rtexit$$00000000)
    __rt_exit                                0x00000228   ARM Code       0  rtexit.o(.ARM.Collect$$rtexit$$00000000)
    __rt_exit_ls                             0x0000022c   ARM Code       0  rtexit2.o(.ARM.Collect$$rtexit$$00000003)
    __rt_exit_prels_1                        0x0000022c   ARM Code       0  rtexit2.o(.ARM.Collect$$rtexit$$00000002)
    __rt_exit_exit                           0x00000230   ARM Code       0  rtexit2.o(.ARM.Collect$$rtexit$$00000004)
    __user_initial_stackheap                 0x00000238   ARM Code       0  startup.o(.text)
    Inline ARM to Thumb Veneer to strcpy     0x00000258   ARM Code       8  strcpy.o(.text)
    strcpy                                   0x00000261   Thumb Code    74  strcpy.o(.text)
    __aeabi_memcpy                           0x000002b0   ARM Code       0  rt_memcpy.o(.text)
    __rt_memcpy                              0x000002b0   ARM Code     212  rt_memcpy.o(.text)
    _memcpy_lastbytes                        0x00000364   ARM Code       0  rt_memcpy.o(.text)
    __aeabi_memclr                           0x00000384   ARM Code       0  rt_memclr.o(.text)
    __rt_memclr                              0x00000384   ARM Code      64  rt_memclr.o(.text)
    _memset                                  0x00000388   ARM Code       0  rt_memclr.o(.text)
    __aeabi_memclr4                          0x000003c4   ARM Code       0  rt_memclr_w.o(.text)
    __aeabi_memclr8                          0x000003c4   ARM Code       0  rt_memclr_w.o(.text)
    __rt_memclr_w                            0x000003c4   ARM Code      84  rt_memclr_w.o(.text)
    _memset_w                                0x000003c8   ARM Code       0  rt_memclr_w.o(.text)
    __aeabi_idiv                             0x00000418   ARM Code       0  aeabi_sdiv.o(.text)
    __aeabi_idivmod                          0x00000418   ARM Code     384  aeabi_sdiv.o(.text)
    __use_two_region_memory                  0x00000599   Thumb Code     2  heapauxi.o(.text)
    __rt_heap_escrow$2region                 0x0000059b   Thumb Code     2  heapauxi.o(.text)
    __rt_heap_expand$2region                 0x0000059d   Thumb Code     2  heapauxi.o(.text)
    __aeabi_memcpy4                          0x000005a0   ARM Code       0  rt_memcpy_w.o(.text)
    __aeabi_memcpy8                          0x000005a0   ARM Code       0  rt_memcpy_w.o(.text)
    __rt_memcpy_w                            0x000005a0   ARM Code     100  rt_memcpy_w.o(.text)
    _memcpy_lastbytes_aligned                0x000005ec   ARM Code       0  rt_memcpy_w.o(.text)
    __user_libspace                          0x00000604   ARM Code      12  libspace.o(.text)
    __user_perproc_libspace                  0x00000604   ARM Code       0  libspace.o(.text)
    __user_perthread_libspace                0x00000604   ARM Code       0  libspace.o(.text)
    __user_setup_stackheap                   0x00000610   ARM Code      96  sys_stackheap_outer.o(.text)
    exit                                     0x00000671   Thumb Code    20  exit.o(.text)
    Inline ARM to Thumb Veneer to _sys_exit  0x00000684   ARM Code       8  sys_exit.o(.text)
    _sys_exit                                0x0000068d   Thumb Code     8  sys_exit.o(.text)
    __I$use$semihosting                      0x00000698   ARM Code       0  use_no_semi.o(.text)
    __use_no_semihosting_swi                 0x00000698   ARM Code       4  use_no_semi.o(.text)
    __aeabi_uidiv                            0x0000069c   ARM Code       0  aeabi_sdiv.o(.text_udiv)
    __aeabi_uidivmod                         0x0000069c   ARM Code      36  aeabi_sdiv.o(.text_udiv)
    __semihosting_library_function           0x0000069c   ARM Code       0  indicate_semi.o(.text)
    Appl_Data_Retrieve_Para                  0x000006c0   ARM Code     692  gen_std_lib_part_1.o(i.Appl_Data_Retrieve_Para)
    Appl_HW_Init                             0x00000974   ARM Code     240  appl.o(i.Appl_HW_Init)
    Appl_Init                                0x00000a78   ARM Code      80  appl.o(i.Appl_Init)
    Appl_Proc                                0x00000adc   ARM Code     100  appl.o(i.Appl_Proc)
    Appl_Reset                               0x00000b54   ARM Code      80  appl.o(i.Appl_Reset)
    Appl_Reset_Proc                          0x00000bb4   ARM Code      24  appl.o(i.Appl_Reset_Proc)
    Check_GPIO_Func                          0x00000bcc   ARM Code     556  io_lib.o(i.Check_GPIO_Func)
    Comm_Error_Proc                          0x00000e70   ARM Code    1152  gen_std_lib_part_1.o(i.Comm_Error_Proc)
    Config_Consucc_Bits                      0x000012f0   ARM Code     228  gen_std_lib_part_1.o(i.Config_Consucc_Bits)
    Config_Port_Pin_Range_Validate           0x00001770   ARM Code     244  io_lib.o(i.Config_Port_Pin_Range_Validate)
    Ctrl_Water_Lvl_Error_Proc                0x00001b68   ARM Code     248  appl.o(i.Ctrl_Water_Lvl_Error_Proc)
    Ctrl_Water_Lvl_FSM_Proc                  0x00001c68   ARM Code    6084  appl.o(i.Ctrl_Water_Lvl_FSM_Proc)
    Cur_Data_ID_Devs_Src_Basic_Oper_Func     0x00003b80   ARM Code     928  dev_oper.o(i.Cur_Data_ID_Devs_Src_Basic_Oper_Func)
    Data_Dev_Src_Access_Oper_Func            0x00003f20   ARM Code     768  dev_oper.o(i.Data_Dev_Src_Access_Oper_Func)
    Data_ID_Set_Para                         0x00004220   ARM Code     244  gen_std_lib_part_1.o(i.Data_ID_Set_Para)
    Data_IDs_Set_Para                        0x00004340   ARM Code     144  gen_std_lib_part_1.o(i.Data_IDs_Set_Para)
    Delay_MS                                 0x00004458   ARM Code      52  gen_std_lib_part_1.o(i.Delay_MS)
    Delete_Src_Interrupt_Data_Arr_By_Src     0x00004490   ARM Code     168  isr.o(i.Delete_Src_Interrupt_Data_Arr_By_Src)
    Dev_ID_To_Interrupt_Src_ID_Conv          0x0000454c   ARM Code    1240  isr.o(i.Dev_ID_To_Interrupt_Src_ID_Conv)
    Dev_IO_Chs_Map_Data_Validate             0x00004a54   ARM Code     316  io_lib.o(i.Dev_IO_Chs_Map_Data_Validate)
    Disable_All_LCDs                         0x00004bd4   ARM Code      44  lcd.o(i.Disable_All_LCDs)
    Disable_All_SWs                          0x00004c00   ARM Code      44  sw_lib.o(i.Disable_All_SWs)
    Disable_All_UARTs                        0x00004c2c   ARM Code      56  uart.o(i.Disable_All_UARTs)
    Disable_Ext_Interrupt                    0x00004c64   ARM Code     392  isr.o(i.Disable_Ext_Interrupt)
    Disable_Interrupt_Src                    0x00004e34   ARM Code     416  isr.o(i.Disable_Interrupt_Src)
    Disable_Timer_Interrupt                  0x00004ff8   ARM Code     200  timer.o(i.Disable_Timer_Interrupt)
    Error_Or_Warning_UART_Proc               0x000050ec   ARM Code      96  uart.o(i.Error_Or_Warning_UART_Proc)
    Error_or_Warning_Occured_Proc            0x000051a8   ARM Code     152  appl.o(i.Error_or_Warning_Occured_Proc)
    Error_or_Warning_Proc                    0x00005248   ARM Code     128  gen_std_lib_part_1.o(i.Error_or_Warning_Proc)
    Ext_Interrupt_0_Proc                     0x000052d0   ARM Code       8  appl.o(i.Ext_Interrupt_0_Proc)
    Ext_Interrupt_1_Proc                     0x000052d8   ARM Code       8  appl.o(i.Ext_Interrupt_1_Proc)
    Ext_Interrupt_2_Proc                     0x000052e0   ARM Code       8  appl.o(i.Ext_Interrupt_2_Proc)
    Ext_Interrupt_3_Proc                     0x000052e8   ARM Code     160  appl.o(i.Ext_Interrupt_3_Proc)
    File_Flush                               0x000053a8   ARM Code      88  gen_std_lib_part_1.o(i.File_Flush)
    Get_IO_Func_Mode                         0x0000559c   ARM Code     360  io_lib.o(i.Get_IO_Func_Mode)
    IO_Ch_Func_Reset                         0x00005794   ARM Code     528  io_lib.o(i.IO_Ch_Func_Reset)
    IO_Ch_To_SW_Ch                           0x000059f8   ARM Code     200  sw_lib.o(i.IO_Ch_To_SW_Ch)
    IO_Ch_Validate                           0x00005b0c   ARM Code     348  io_lib.o(i.IO_Ch_Validate)
    IO_Channel_Read                          0x00005ce8   ARM Code     132  io_lib.o(i.IO_Channel_Read)
    IO_Channel_Write                         0x00005d80   ARM Code     272  io_lib.o(i.IO_Channel_Write)
    IO_Channels_Func_Set                     0x00005ec0   ARM Code     720  io_lib.o(i.IO_Channels_Func_Set)
    ISR_Brown_Out_Detect                     0x00006190   ARM Code      20  main.o(i.ISR_Brown_Out_Detect)
    ISR_Ext_Interrupt_0                      0x000061a4   ARM Code     176  isr.o(i.ISR_Ext_Interrupt_0)
    ISR_Ext_Interrupt_1                      0x00006270   ARM Code     176  isr.o(i.ISR_Ext_Interrupt_1)
    ISR_Ext_Interrupt_2                      0x0000633c   ARM Code     176  isr.o(i.ISR_Ext_Interrupt_2)
    ISR_Ext_Interrupt_3                      0x00006408   ARM Code     176  isr.o(i.ISR_Ext_Interrupt_3)
    ISR_Non_Vector_IRQ                       0x000064d4   ARM Code      20  isr.o(i.ISR_Non_Vector_IRQ)
    ISR_PLL                                  0x000064e8   ARM Code      20  main.o(i.ISR_PLL)
    ISR_Timer_0                              0x000064fc   ARM Code     148  timer.o(i.ISR_Timer_0)
    ISR_Timer_1                              0x000065b0   ARM Code     428  timer.o(i.ISR_Timer_1)
    ISR_UART_0                               0x00006788   ARM Code      20  uart.o(i.ISR_UART_0)
    ISR_UART_1                               0x0000679c   ARM Code      20  uart.o(i.ISR_UART_1)
    Init_File                                0x000067b0   ARM Code     316  gen_std_lib_part_1.o(i.Init_File)
    LCD_Allow_Access                         0x00006934   ARM Code      80  lcd.o(i.LCD_Allow_Access)
    LCD_Clear_Screen                         0x00006d1c   ARM Code     140  lcd.o(i.LCD_Clear_Screen)
    LCD_Data_Disp                            0x00006dc4   ARM Code    2136  appl.o(i.LCD_Data_Disp)
    LCD_DeInit                               0x00007628   ARM Code     348  lcd.o(i.LCD_DeInit)
    LCD_Disable                              0x000077a8   ARM Code      80  lcd.o(i.LCD_Disable)
    LCD_Disp_Char                            0x0000780c   ARM Code    1044  lcd.o(i.LCD_Disp_Char)
    LCD_Disp_Goto_XY                         0x00007c2c   ARM Code     428  lcd.o(i.LCD_Disp_Goto_XY)
    LCD_Disp_Num                             0x00007e50   ARM Code    1152  lcd.o(i.LCD_Disp_Num)
    LCD_Disp_Str                             0x000082e8   ARM Code     204  lcd.o(i.LCD_Disp_Str)
    LCD_Enable                               0x000083dc   ARM Code      80  lcd.o(i.LCD_Enable)
    LCD_From_Loc_to_XY                       0x00008440   ARM Code     424  lcd.o(i.LCD_From_Loc_to_XY)
    LCD_Init                                 0x00008620   ARM Code    1428  lcd.o(i.LCD_Init)
    LCD_No_Access                            0x00008c18   ARM Code      88  lcd.o(i.LCD_No_Access)
    LCD_Write                                0x000090b4   ARM Code    1188  lcd.o(i.LCD_Write)
    LCD_Write_Command                        0x0000957c   ARM Code     852  lcd.o(i.LCD_Write_Command)
    LCD_Write_Command_NO_BF                  0x000098d0   ARM Code     404  lcd.o(i.LCD_Write_Command_NO_BF)
    Next_Data_Conf_Parameter                 0x00009c10   ARM Code     160  gen_std_lib_part_1.o(i.Next_Data_Conf_Parameter)
    Non_GPIO_Func_Set                        0x00009cd4   ARM Code     200  io_lib.o(i.Non_GPIO_Func_Set)
    Num_To_Str_Conv_No_Conf_Size             0x00009dbc   ARM Code     340  gen_std_lib_part_1.o(i.Num_To_Str_Conv_No_Conf_Size)
    Output_Dev_Init                          0x00009f3c   ARM Code     128  io_lib.o(i.Output_Dev_Init)
    Port_Read                                0x0000a020   ARM Code     272  io_lib.o(i.Port_Read)
    Power_Of                                 0x0000a160   ARM Code      48  gen_std_lib_part_1.o(i.Power_Of)
    Print                                    0x0000a190   ARM Code     700  uart.o(i.Print)
    Put_Char                                 0x0000a44c   ARM Code     144  uart.o(i.Put_Char)
    Put_Str                                  0x0000a4f0   ARM Code     312  uart.o(i.Put_Str)
    Reset_All_Interrupts                     0x0000a660   ARM Code     216  isr.o(i.Reset_All_Interrupts)
    Reset_Data_ID_Status                     0x0000a754   ARM Code     208  gen_std_lib_part_1.o(i.Reset_Data_ID_Status)
    Reset_Data_IDs_Status                    0x0000a844   ARM Code      44  gen_std_lib_part_1.o(i.Reset_Data_IDs_Status)
    Reset_IO_Chs                             0x0000a878   ARM Code      16  io_lib.o(i.Reset_IO_Chs)
    Reset_Ports                              0x0000a888   ARM Code     104  io_lib.o(i.Reset_Ports)
    Reset_Process                            0x0000a8fc   ARM Code     176  main.o(i.Reset_Process)
    Reset_SW_Ch                              0x0000a9bc   ARM Code     140  sw_lib.o(i.Reset_SW_Ch)
    Reset_SW_Chs                             0x0000aa64   ARM Code      60  sw_lib.o(i.Reset_SW_Chs)
    Reset_Src_Interrupt_Data_Arr             0x0000aaa8   ARM Code     104  isr.o(i.Reset_Src_Interrupt_Data_Arr)
    Reset_Water_Lvl_Datas                    0x0000ab94   ARM Code     736  appl.o(i.Reset_Water_Lvl_Datas)
    SW_Allow_Access                          0x0000ae74   ARM Code      92  sw_lib.o(i.SW_Allow_Access)
    SW_Ch_ID_Check_And_Alloc                 0x0000aee8   ARM Code     660  sw_lib.o(i.SW_Ch_ID_Check_And_Alloc)
    SW_Ch_UnConfig_By_IO_Ch                  0x0000b17c   ARM Code     120  sw_lib.o(i.SW_Ch_UnConfig_By_IO_Ch)
    SW_DeInit                                0x0000b2b4   ARM Code     208  sw_lib.o(i.SW_DeInit)
    SW_Disable                               0x0000b3a4   ARM Code      88  sw_lib.o(i.SW_Disable)
    SW_Enable                                0x0000b410   ARM Code      92  sw_lib.o(i.SW_Enable)
    SW_Init                                  0x0000b484   ARM Code     380  sw_lib.o(i.SW_Init)
    SW_No_Access                             0x0000b64c   ARM Code      88  sw_lib.o(i.SW_No_Access)
    SW_Oper                                  0x0000b6b8   ARM Code     664  sw_lib.o(i.SW_Oper)
    SW_Para_Init                             0x0000b950   ARM Code     220  sw_lib.o(i.SW_Para_Init)
    SW_Present_State_By_IO_Ch                0x0000ba4c   ARM Code     280  sw_lib.o(i.SW_Present_State_By_IO_Ch)
    SW_Press_Proc                            0x0000bb9c   ARM Code    1036  sw_lib.o(i.SW_Press_Proc)
    SW_Read                                  0x0000bfa8   ARM Code     212  sw_lib.o(i.SW_Read)
    Search_Src_Interrupt_Data_Arr_Free_Index 0x0000c0a8   ARM Code     124  isr.o(i.Search_Src_Interrupt_Data_Arr_Free_Index)
    Set_Status_Reset_Data_IDs                0x0000c138   ARM Code     100  gen_std_lib_part_1.o(i.Set_Status_Reset_Data_IDs)
    Str_Len                                  0x0000c1ac   ARM Code      80  gen_std_lib_part_1.o(i.Str_Len)
    Test_Consucc_Bits                        0x0000c2e0   ARM Code     308  gen_std_lib_part_1.o(i.Test_Consucc_Bits)
    Timer_0_Timeout_Proc                     0x0000c430   ARM Code     204  appl.o(i.Timer_0_Timeout_Proc)
    Timer_1_Timeout_Proc                     0x0000c524   ARM Code     204  appl.o(i.Timer_1_Timeout_Proc)
    Timer_Stop                               0x0000c618   ARM Code     416  timer.o(i.Timer_Stop)
    UART_Allow_Access                        0x0000c854   ARM Code      88  uart.o(i.UART_Allow_Access)
    UART_DeInit                              0x0000c8c0   ARM Code     388  uart.o(i.UART_DeInit)
    UART_Disable                             0x0000ca7c   ARM Code      88  uart.o(i.UART_Disable)
    UART_Enable                              0x0000cae8   ARM Code      88  uart.o(i.UART_Enable)
    UART_Init                                0x0000cb54   ARM Code     716  uart.o(i.UART_Init)
    UART_No_Access                           0x0000ce20   ARM Code      92  uart.o(i.UART_No_Access)
    UART_Receive_Char                        0x0000ce90   ARM Code     788  uart.o(i.UART_Receive_Char)
    UART_Receive_Enable_Ctrl                 0x0000d1a4   ARM Code     140  uart.o(i.UART_Receive_Enable_Ctrl)
    UART_Reset_Status                        0x0000d244   ARM Code     216  uart.o(i.UART_Reset_Status)
    UART_Transmit                            0x0000d33c   ARM Code     936  uart.o(i.UART_Transmit)
    UART_Transmit_Char                       0x0000d6f0   ARM Code     224  uart.o(i.UART_Transmit_Char)
    UART_Transmit_Enable_Ctrl                0x0000d7fc   ARM Code     140  uart.o(i.UART_Transmit_Enable_Ctrl)
    UART_Transmit_Num                        0x0000d8a8   ARM Code    1156  uart.o(i.UART_Transmit_Num)
    UART_Transmit_Str                        0x0000dd44   ARM Code     204  uart.o(i.UART_Transmit_Str)
    Write_Bit_in_Data                        0x0000de38   ARM Code     152  gen_std_lib_part_1.o(i.Write_Bit_in_Data)
    main                                     0x0000deec   ARM Code      48  main.o(i.main)
    io_set_ptr                               0x0000df28   Data           8  io_lib.o(.constdata)
    io_clr_ptr                               0x0000df30   Data           8  io_lib.o(.constdata)
    io_pin_ptr                               0x0000df38   Data           8  io_lib.o(.constdata)
    lcd_io_ch_ctrl                           0x0000df4c   Data          11  main.o(.constdata)
    data_id_ctrl_para                        0x0000df57   Data           8  main.o(.constdata)
    data_ids_dev_srcs                        0x0000df60   Data          14  main.o(.constdata)
    internal_error_led_io_ch                 0x0000df6e   Data           1  main.o(.constdata)
    tmr_mcr_ptr                              0x0000df90   Data           8  timer.o(.constdata)
    Region$$Table$$Base                      0x0000dff8   Number         0  anon$$obj.o(Region$$Table)
    Region$$Table$$Limit                     0x0000e018   Number         0  anon$$obj.o(Region$$Table)
    appl_status_flag                         0x40000004   Data           4  appl.o(.data)
    io_chs_map_data                          0x40000008   Data           4  appl.o(.data)
    water_lvl_data                           0x4000000c   Data           4  appl.o(.data)
    Dev_Oper_Func_Table                      0x40000014   Data         520  dev_oper.o(.data)
    Comm_Dev_Spec_Oper_Enable_Ctrl_Func_Table 0x4000021c   Data          32  dev_oper.o(.data)
    internal_error_state                     0x4000023c   Data           1  gen_std_lib_part_1.o(.data)
    isr_vector_irq_alloc                     0x40000248   Data           2  isr.o(.data)
    enable_interrupt_req_src_bitfield        0x4000024c   Data           4  isr.o(.data)
    ext_interrupt_status                     0x40000250   Data           4  isr.o(.data)
    Ext_Intp_Event_Proc                      0x40000254   Data          16  isr.o(.data)
    sw_para                                  0x40000264   Data          16  main.o(.data)
    sws_io_ch_map_datas                      0x40000274   Data           6  main.o(.data)
    lcd_ctrl                                 0x4000027a   Data           3  main.o(.data)
    uart_ctrl                                0x4000027e   Data           4  main.o(.data)
    ext_interrupt_ctrl                       0x40000282   Data           8  main.o(.data)
    interrupt_request_ctrl                   0x4000028c   Data         176  main.o(.data)
    timer_or_counter_id_ctrl                 0x4000033c   Data          12  main.o(.data)
    system_status_flag                       0x40000348   Data           4  main.o(.data)
    cur_data_id                              0x4000034c   Data           1  main.o(.data)
    error_or_warning_proc_flag               0x4000034d   Data           1  main.o(.data)
    uint32_temp_disp_data                    0x40000350   Data           4  main.o(.data)
    last_sw_ch_id                            0x40000354   Data           1  sw_lib.o(.data)
    timer_or_counter_interrupt_data          0x40000358   Data           4  timer.o(.data)
    timer_0_ctrl                             0x4000035c   Data           4  timer.o(.data)
    timer_or_counter_dev_status              0x40000360   Data           6  timer.o(.data)
    Timer_Timeout_Proc_Func_Ptr              0x40000370   Data           8  timer.o(.data)
    alloc_dev_ids_ch_id_bit_field            0x40000378   Data          48  dev_oper.o(.bss)
    src_interrupt_dev_data                   0x400003a8   Data          80  isr.o(.bss)
    lcd_status                               0x400003f8   Data          14  lcd.o(.bss)
    data_id_status_para                      0x40000408   Data          24  main.o(.bss)
    timer_or_counter_id_status               0x40000420   Data          16  timer.o(.bss)
    uart_status                              0x40000430   Data          10  uart.o(.bss)
    stdout_vt                                0x4000043a   Data          55  uart.o(.bss)
    __libspace_start                         0x40000474   Data          96  libspace.o(.bss)
    __temporary_stack_top$libspace           0x400004d4   Data           0  libspace.o(.bss)



==============================================================================

Memory Map of the image

  Image Entry point : 0x00000110

  Load Region LR_IROM1 (Base: 0x00000000, Size: 0x0000e390, Max: 0x00080000, ABSOLUTE, COMPRESSED[0x0000e118])

    Execution Region ER_IROM1 (Exec base: 0x00000000, Load base: 0x00000000, Size: 0x0000e018, Max: 0x00080000, ABSOLUTE)

    Exec Addr    Load Addr    Size         Type   Attr      Idx    E Section Name        Object

    0x00000000   0x00000000   0x00000110   Code   RO            3    RESET               startup.o
    0x00000110   0x00000110   0x00000008   Code   RO         1728  * !!!main             c_t.l(__main.o)
    0x00000118   0x00000118   0x0000003c   Code   RO         1964    !!!scatter          c_t.l(__scatter.o)
    0x00000154   0x00000154   0x00000044   Code   RO         1962    !!dczerorl          c_t.l(__dczerorl.o)
    0x00000198   0x00000198   0x0000002c   Code   RO         1966    !!handler_zi        c_t.l(__scatter_zi.o)
    0x000001c4   0x000001c4   0x00000008   Ven    RO         1878    .ARM.Collect$$libinit$$00000000  c_t.l(libinit.o)
    0x000001cc   0x000001cc   0x00000002   Code   RO         1878    .ARM.Collect$$libinit$$00000000  c_t.l(libinit.o)
    0x000001ce   0x000001ce   0x00000000   Code   RO         1819    .ARM.Collect$$libinit$$00000002  c_t.l(libinit2.o)
    0x000001ce   0x000001ce   0x00000000   Code   RO         1821    .ARM.Collect$$libinit$$00000004  c_t.l(libinit2.o)
    0x000001ce   0x000001ce   0x00000000   Code   RO         1824    .ARM.Collect$$libinit$$0000000A  c_t.l(libinit2.o)
    0x000001ce   0x000001ce   0x00000000   Code   RO         1826    .ARM.Collect$$libinit$$0000000C  c_t.l(libinit2.o)
    0x000001ce   0x000001ce   0x00000000   Code   RO         1828    .ARM.Collect$$libinit$$0000000E  c_t.l(libinit2.o)
    0x000001ce   0x000001ce   0x00000000   Code   RO         1831    .ARM.Collect$$libinit$$00000011  c_t.l(libinit2.o)
    0x000001ce   0x000001ce   0x00000000   Code   RO         1833    .ARM.Collect$$libinit$$00000013  c_t.l(libinit2.o)
    0x000001ce   0x000001ce   0x00000000   Code   RO         1835    .ARM.Collect$$libinit$$00000015  c_t.l(libinit2.o)
    0x000001ce   0x000001ce   0x00000000   Code   RO         1837    .ARM.Collect$$libinit$$00000017  c_t.l(libinit2.o)
    0x000001ce   0x000001ce   0x00000000   Code   RO         1839    .ARM.Collect$$libinit$$00000019  c_t.l(libinit2.o)
    0x000001ce   0x000001ce   0x00000000   Code   RO         1841    .ARM.Collect$$libinit$$0000001B  c_t.l(libinit2.o)
    0x000001ce   0x000001ce   0x00000000   Code   RO         1843    .ARM.Collect$$libinit$$0000001D  c_t.l(libinit2.o)
    0x000001ce   0x000001ce   0x00000000   Code   RO         1845    .ARM.Collect$$libinit$$0000001F  c_t.l(libinit2.o)
    0x000001ce   0x000001ce   0x00000000   Code   RO         1847    .ARM.Collect$$libinit$$00000021  c_t.l(libinit2.o)
    0x000001ce   0x000001ce   0x00000000   Code   RO         1849    .ARM.Collect$$libinit$$00000023  c_t.l(libinit2.o)
    0x000001ce   0x000001ce   0x00000000   Code   RO         1851    .ARM.Collect$$libinit$$00000025  c_t.l(libinit2.o)
    0x000001ce   0x000001ce   0x00000000   Code   RO         1855    .ARM.Collect$$libinit$$0000002C  c_t.l(libinit2.o)
    0x000001ce   0x000001ce   0x00000000   Code   RO         1857    .ARM.Collect$$libinit$$0000002E  c_t.l(libinit2.o)
    0x000001ce   0x000001ce   0x00000000   Code   RO         1859    .ARM.Collect$$libinit$$00000030  c_t.l(libinit2.o)
    0x000001ce   0x000001ce   0x00000000   Code   RO         1861    .ARM.Collect$$libinit$$00000032  c_t.l(libinit2.o)
    0x000001ce   0x000001ce   0x0000000c   Code   RO         1862    .ARM.Collect$$libinit$$00000033  c_t.l(libinit2.o)
    0x000001da   0x000001da   0x00000002   PAD
    0x000001dc   0x000001dc   0x00000008   Ven    RO         1927    .ARM.Collect$$libshutdown$$00000000  c_t.l(libshutdown.o)
    0x000001e4   0x000001e4   0x00000004   Code   RO         1927    .ARM.Collect$$libshutdown$$00000000  c_t.l(libshutdown.o)
    0x000001e8   0x000001e8   0x00000000   Code   RO         1943    .ARM.Collect$$libshutdown$$00000002  c_t.l(libshutdown2.o)
    0x000001e8   0x000001e8   0x00000000   Code   RO         1945    .ARM.Collect$$libshutdown$$00000004  c_t.l(libshutdown2.o)
    0x000001e8   0x000001e8   0x00000000   Code   RO         1947    .ARM.Collect$$libshutdown$$00000006  c_t.l(libshutdown2.o)
    0x000001e8   0x000001e8   0x00000000   Code   RO         1950    .ARM.Collect$$libshutdown$$00000009  c_t.l(libshutdown2.o)
    0x000001e8   0x000001e8   0x00000000   Code   RO         1953    .ARM.Collect$$libshutdown$$0000000C  c_t.l(libshutdown2.o)
    0x000001e8   0x000001e8   0x00000000   Code   RO         1955    .ARM.Collect$$libshutdown$$0000000E  c_t.l(libshutdown2.o)
    0x000001e8   0x000001e8   0x00000000   Code   RO         1958    .ARM.Collect$$libshutdown$$00000011  c_t.l(libshutdown2.o)
    0x000001e8   0x000001e8   0x00000006   Code   RO         1959    .ARM.Collect$$libshutdown$$00000012  c_t.l(libshutdown2.o)
    0x000001ee   0x000001ee   0x00000002   PAD
    0x000001f0   0x000001f0   0x00000000   Code   RO         1770    .ARM.Collect$$rtentry$$00000000  c_t.l(__rtentry.o)
    0x000001f0   0x000001f0   0x00000000   Code   RO         1800    .ARM.Collect$$rtentry$$00000002  c_t.l(__rtentry2.o)
    0x000001f0   0x000001f0   0x00000008   Code   RO         1812    .ARM.Collect$$rtentry$$00000004  c_t.l(__rtentry4.o)
    0x000001f8   0x000001f8   0x00000000   Code   RO         1802    .ARM.Collect$$rtentry$$00000009  c_t.l(__rtentry2.o)
    0x000001f8   0x000001f8   0x00000004   Code   RO         1803    .ARM.Collect$$rtentry$$0000000A  c_t.l(__rtentry2.o)
    0x000001fc   0x000001fc   0x00000000   Code   RO         1805    .ARM.Collect$$rtentry$$0000000C  c_t.l(__rtentry2.o)
    0x000001fc   0x000001fc   0x00000028   Code   RO         1806    .ARM.Collect$$rtentry$$0000000D  c_t.l(__rtentry2.o)
    0x00000224   0x00000224   0x00000004   Ven    RO         1881    .ARM.Collect$$rtexit$$00000000  c_t.l(rtexit.o)
    0x00000228   0x00000228   0x00000004   Code   RO         1881    .ARM.Collect$$rtexit$$00000000  c_t.l(rtexit.o)
    0x0000022c   0x0000022c   0x00000000   Code   RO         1898    .ARM.Collect$$rtexit$$00000002  c_t.l(rtexit2.o)
    0x0000022c   0x0000022c   0x00000004   Code   RO         1899    .ARM.Collect$$rtexit$$00000003  c_t.l(rtexit2.o)
    0x00000230   0x00000230   0x00000008   Code   RO         1900    .ARM.Collect$$rtexit$$00000004  c_t.l(rtexit2.o)
    0x00000238   0x00000238   0x00000020   Code   RO            4    .text               startup.o
    0x00000258   0x00000258   0x00000008   Ven    RO         1700    .text               c_t.l(strcpy.o)
    0x00000260   0x00000260   0x00000050   Code   RO         1700    .text               c_t.l(strcpy.o)
    0x000002b0   0x000002b0   0x000000d4   Code   RO         1702    .text               c_t.l(rt_memcpy.o)
    0x00000384   0x00000384   0x00000040   Code   RO         1706    .text               c_t.l(rt_memclr.o)
    0x000003c4   0x000003c4   0x00000054   Code   RO         1708    .text               c_t.l(rt_memclr_w.o)
    0x00000418   0x00000418   0x00000180   Code   RO         1710    .text               c_t.l(aeabi_sdiv.o)
    0x00000598   0x00000598   0x00000006   Code   RO         1726    .text               c_t.l(heapauxi.o)
    0x0000059e   0x0000059e   0x00000002   PAD
    0x000005a0   0x000005a0   0x00000064   Code   RO         1783    .text               c_t.l(rt_memcpy_w.o)
    0x00000604   0x00000604   0x0000000c   Code   RO         1796    .text               c_t.l(libspace.o)
    0x00000610   0x00000610   0x00000060   Code   RO         1863    .text               c_t.l(sys_stackheap_outer.o)
    0x00000670   0x00000670   0x00000014   Code   RO         1865    .text               c_t.l(exit.o)
    0x00000684   0x00000684   0x00000008   Ven    RO         1895    .text               c_t.l(sys_exit.o)
    0x0000068c   0x0000068c   0x0000000c   Code   RO         1895    .text               c_t.l(sys_exit.o)
    0x00000698   0x00000698   0x00000004   Code   RO         1918    .text               c_t.l(use_no_semi.o)
    0x0000069c   0x0000069c   0x00000000   Code   RO         1920    .text               c_t.l(indicate_semi.o)
    0x0000069c   0x0000069c   0x00000024   Code   RO         1711    .text_udiv          c_t.l(aeabi_sdiv.o)
    0x000006c0   0x000006c0   0x000002b4   Code   RO          297    i.Appl_Data_Retrieve_Para  gen_std_lib_part_1.o
    0x00000974   0x00000974   0x00000104   Code   RO           11    i.Appl_HW_Init      appl.o
    0x00000a78   0x00000a78   0x00000064   Code   RO           12    i.Appl_Init         appl.o
    0x00000adc   0x00000adc   0x00000078   Code   RO           13    i.Appl_Proc         appl.o
    0x00000b54   0x00000b54   0x00000060   Code   RO           14    i.Appl_Reset        appl.o
    0x00000bb4   0x00000bb4   0x00000018   Code   RO           15    i.Appl_Reset_Proc   appl.o
    0x00000bcc   0x00000bcc   0x000002a4   Code   RO          674    i.Check_GPIO_Func   io_lib.o
    0x00000e70   0x00000e70   0x00000480   Code   RO          298    i.Comm_Error_Proc   gen_std_lib_part_1.o
    0x000012f0   0x000012f0   0x00000100   Code   RO          299    i.Config_Consucc_Bits  gen_std_lib_part_1.o
    0x000013f0   0x000013f0   0x00000380   Code   RO          675    i.Config_GPIO_Func_Set  io_lib.o
    0x00001770   0x00001770   0x00000120   Code   RO          676    i.Config_Port_Pin_Range_Validate  io_lib.o
    0x00001890   0x00001890   0x000000bc   Code   RO          677    i.Config_Port_Pin_Validate  io_lib.o
    0x0000194c   0x0000194c   0x0000021c   Code   RO          816    i.Conv_Ext_Interrupt_Ch_ID_to_IO_Ch  isr.o
    0x00001b68   0x00001b68   0x00000100   Code   RO           16    i.Ctrl_Water_Lvl_Error_Proc  appl.o
    0x00001c68   0x00001c68   0x000017f0   Code   RO           17    i.Ctrl_Water_Lvl_FSM_Proc  appl.o
    0x00003458   0x00003458   0x00000728   Code   RO          184    i.Cur_Data_ID_Dev_Src_Basic_Oper_Func  dev_oper.o
    0x00003b80   0x00003b80   0x000003a0   Code   RO          185    i.Cur_Data_ID_Devs_Src_Basic_Oper_Func  dev_oper.o
    0x00003f20   0x00003f20   0x00000300   Code   RO          188    i.Data_Dev_Src_Access_Oper_Func  dev_oper.o
    0x00004220   0x00004220   0x00000120   Code   RO          300    i.Data_ID_Set_Para  gen_std_lib_part_1.o
    0x00004340   0x00004340   0x000000ac   Code   RO          301    i.Data_IDs_Set_Para  gen_std_lib_part_1.o
    0x000043ec   0x000043ec   0x0000006c   Code   RO          678    i.Debug_IO_Func_Set_Validate  io_lib.o
    0x00004458   0x00004458   0x00000038   Code   RO          302    i.Delay_MS          gen_std_lib_part_1.o
    0x00004490   0x00004490   0x000000bc   Code   RO          817    i.Delete_Src_Interrupt_Data_Arr_By_Src  isr.o
    0x0000454c   0x0000454c   0x00000508   Code   RO          818    i.Dev_ID_To_Interrupt_Src_ID_Conv  isr.o
    0x00004a54   0x00004a54   0x00000180   Code   RO          680    i.Dev_IO_Chs_Map_Data_Validate  io_lib.o
    0x00004bd4   0x00004bd4   0x0000002c   Code   RO          942    i.Disable_All_LCDs  lcd.o
    0x00004c00   0x00004c00   0x0000002c   Code   RO         1281    i.Disable_All_SWs   sw_lib.o
    0x00004c2c   0x00004c2c   0x00000038   Code   RO         1509    i.Disable_All_UARTs  uart.o
    0x00004c64   0x00004c64   0x000001d0   Code   RO          819    i.Disable_Ext_Interrupt  isr.o
    0x00004e34   0x00004e34   0x000001c4   Code   RO          820    i.Disable_Interrupt_Src  isr.o
    0x00004ff8   0x00004ff8   0x000000f4   Code   RO         1415    i.Disable_Timer_Interrupt  timer.o
    0x000050ec   0x000050ec   0x00000068   Code   RO         1510    i.Error_Or_Warning_UART_Proc  uart.o
    0x00005154   0x00005154   0x00000054   Code   RO          943    i.Error_or_Warning_LCD_Proc  lcd.o
    0x000051a8   0x000051a8   0x000000a0   Code   RO           18    i.Error_or_Warning_Occured_Proc  appl.o
    0x00005248   0x00005248   0x00000088   Code   RO          303    i.Error_or_Warning_Proc  gen_std_lib_part_1.o
    0x000052d0   0x000052d0   0x00000008   Code   RO           19    i.Ext_Interrupt_0_Proc  appl.o
    0x000052d8   0x000052d8   0x00000008   Code   RO           20    i.Ext_Interrupt_1_Proc  appl.o
    0x000052e0   0x000052e0   0x00000008   Code   RO           21    i.Ext_Interrupt_2_Proc  appl.o
    0x000052e8   0x000052e8   0x000000c0   Code   RO           22    i.Ext_Interrupt_3_Proc  appl.o
    0x000053a8   0x000053a8   0x00000068   Code   RO          304    i.File_Flush        gen_std_lib_part_1.o
    0x00005410   0x00005410   0x0000018c   Code   RO          681    i.GPIO_Func_Set     io_lib.o
    0x0000559c   0x0000559c   0x0000019c   Code   RO          682    i.Get_IO_Func_Mode  io_lib.o
    0x00005738   0x00005738   0x0000005c   Code   RO         1171    i.HW_Init           main.o
    0x00005794   0x00005794   0x00000264   Code   RO          683    i.IO_Ch_Func_Reset  io_lib.o
    0x000059f8   0x000059f8   0x00000114   Code   RO         1282    i.IO_Ch_To_SW_Ch    sw_lib.o
    0x00005b0c   0x00005b0c   0x000001dc   Code   RO          684    i.IO_Ch_Validate    io_lib.o
    0x00005ce8   0x00005ce8   0x00000098   Code   RO          685    i.IO_Channel_Read   io_lib.o
    0x00005d80   0x00005d80   0x00000140   Code   RO          686    i.IO_Channel_Write  io_lib.o
    0x00005ec0   0x00005ec0   0x000002d0   Code   RO          687    i.IO_Channels_Func_Set  io_lib.o
    0x00006190   0x00006190   0x00000014   Code   RO         1172    i.ISR_Brown_Out_Detect  main.o
    0x000061a4   0x000061a4   0x000000cc   Code   RO          824    i.ISR_Ext_Interrupt_0  isr.o
    0x00006270   0x00006270   0x000000cc   Code   RO          825    i.ISR_Ext_Interrupt_1  isr.o
    0x0000633c   0x0000633c   0x000000cc   Code   RO          826    i.ISR_Ext_Interrupt_2  isr.o
    0x00006408   0x00006408   0x000000cc   Code   RO          827    i.ISR_Ext_Interrupt_3  isr.o
    0x000064d4   0x000064d4   0x00000014   Code   RO          828    i.ISR_Non_Vector_IRQ  isr.o
    0x000064e8   0x000064e8   0x00000014   Code   RO         1173    i.ISR_PLL           main.o
    0x000064fc   0x000064fc   0x000000b4   Code   RO         1416    i.ISR_Timer_0       timer.o
    0x000065b0   0x000065b0   0x000001d8   Code   RO         1417    i.ISR_Timer_1       timer.o
    0x00006788   0x00006788   0x00000014   Code   RO         1511    i.ISR_UART_0        uart.o
    0x0000679c   0x0000679c   0x00000014   Code   RO         1512    i.ISR_UART_1        uart.o
    0x000067b0   0x000067b0   0x00000184   Code   RO          306    i.Init_File         gen_std_lib_part_1.o
    0x00006934   0x00006934   0x00000064   Code   RO          944    i.LCD_Allow_Access  lcd.o
    0x00006998   0x00006998   0x00000384   Code   RO          945    i.LCD_Check_Busy    lcd.o
    0x00006d1c   0x00006d1c   0x000000a8   Code   RO          946    i.LCD_Clear_Screen  lcd.o
    0x00006dc4   0x00006dc4   0x00000864   Code   RO           23    i.LCD_Data_Disp     appl.o
    0x00007628   0x00007628   0x00000180   Code   RO          951    i.LCD_DeInit        lcd.o
    0x000077a8   0x000077a8   0x00000064   Code   RO          952    i.LCD_Disable       lcd.o
    0x0000780c   0x0000780c   0x00000420   Code   RO          953    i.LCD_Disp_Char     lcd.o
    0x00007c2c   0x00007c2c   0x00000224   Code   RO          954    i.LCD_Disp_Goto_XY  lcd.o
    0x00007e50   0x00007e50   0x00000498   Code   RO          955    i.LCD_Disp_Num      lcd.o
    0x000082e8   0x000082e8   0x000000f4   Code   RO          956    i.LCD_Disp_Str      lcd.o
    0x000083dc   0x000083dc   0x00000064   Code   RO          957    i.LCD_Enable        lcd.o
    0x00008440   0x00008440   0x000001e0   Code   RO          958    i.LCD_From_Loc_to_XY  lcd.o
    0x00008620   0x00008620   0x000005f8   Code   RO          960    i.LCD_Init          lcd.o
    0x00008c18   0x00008c18   0x0000006c   Code   RO          963    i.LCD_No_Access     lcd.o
    0x00008c84   0x00008c84   0x000002f0   Code   RO          964    i.LCD_Read_Command  lcd.o
    0x00008f74   0x00008f74   0x00000140   Code   RO          965    i.LCD_Read_Data_from_IO_Ch  lcd.o
    0x000090b4   0x000090b4   0x000004c8   Code   RO          966    i.LCD_Write         lcd.o
    0x0000957c   0x0000957c   0x00000354   Code   RO          967    i.LCD_Write_Command  lcd.o
    0x000098d0   0x000098d0   0x000001e8   Code   RO          968    i.LCD_Write_Command_NO_BF  lcd.o
    0x00009ab8   0x00009ab8   0x00000158   Code   RO          969    i.LCD_Write_Data_to_IO_Ch  lcd.o
    0x00009c10   0x00009c10   0x000000c4   Code   RO          307    i.Next_Data_Conf_Parameter  gen_std_lib_part_1.o
    0x00009cd4   0x00009cd4   0x000000e8   Code   RO          688    i.Non_GPIO_Func_Set  io_lib.o
    0x00009dbc   0x00009dbc   0x00000180   Code   RO          308    i.Num_To_Str_Conv_No_Conf_Size  gen_std_lib_part_1.o
    0x00009f3c   0x00009f3c   0x00000090   Code   RO          690    i.Output_Dev_Init   io_lib.o
    0x00009fcc   0x00009fcc   0x00000054   Code   RO         1174    i.PLL_Init          main.o
    0x0000a020   0x0000a020   0x00000140   Code   RO          691    i.Port_Read         io_lib.o
    0x0000a160   0x0000a160   0x00000030   Code   RO          310    i.Power_Of          gen_std_lib_part_1.o
    0x0000a190   0x0000a190   0x000002bc   Code   RO         1513    i.Print             uart.o
    0x0000a44c   0x0000a44c   0x000000a4   Code   RO         1514    i.Put_Char          uart.o
    0x0000a4f0   0x0000a4f0   0x00000170   Code   RO         1515    i.Put_Str           uart.o
    0x0000a660   0x0000a660   0x000000f4   Code   RO          830    i.Reset_All_Interrupts  isr.o
    0x0000a754   0x0000a754   0x000000f0   Code   RO          311    i.Reset_Data_ID_Status  gen_std_lib_part_1.o
    0x0000a844   0x0000a844   0x00000034   Code   RO          312    i.Reset_Data_IDs_Status  gen_std_lib_part_1.o
    0x0000a878   0x0000a878   0x00000010   Code   RO          693    i.Reset_IO_Chs      io_lib.o
    0x0000a888   0x0000a888   0x00000074   Code   RO          694    i.Reset_Ports       io_lib.o
    0x0000a8fc   0x0000a8fc   0x000000c0   Code   RO         1175    i.Reset_Process     main.o
    0x0000a9bc   0x0000a9bc   0x000000a8   Code   RO         1283    i.Reset_SW_Ch       sw_lib.o
    0x0000aa64   0x0000aa64   0x00000044   Code   RO         1284    i.Reset_SW_Chs      sw_lib.o
    0x0000aaa8   0x0000aaa8   0x00000078   Code   RO          831    i.Reset_Src_Interrupt_Data_Arr  isr.o
    0x0000ab20   0x0000ab20   0x00000074   Code   RO          832    i.Reset_Src_Interrupt_Data_Arr_By_Specific_Index  isr.o
    0x0000ab94   0x0000ab94   0x000002e0   Code   RO           24    i.Reset_Water_Lvl_Datas  appl.o
    0x0000ae74   0x0000ae74   0x00000074   Code   RO         1285    i.SW_Allow_Access   sw_lib.o
    0x0000aee8   0x0000aee8   0x00000294   Code   RO         1286    i.SW_Ch_ID_Check_And_Alloc  sw_lib.o
    0x0000b17c   0x0000b17c   0x00000088   Code   RO         1288    i.SW_Ch_UnConfig_By_IO_Ch  sw_lib.o
    0x0000b204   0x0000b204   0x000000b0   Code   RO         1289    i.SW_Ch_Validate    sw_lib.o
    0x0000b2b4   0x0000b2b4   0x000000f0   Code   RO         1290    i.SW_DeInit         sw_lib.o
    0x0000b3a4   0x0000b3a4   0x0000006c   Code   RO         1291    i.SW_Disable        sw_lib.o
    0x0000b410   0x0000b410   0x00000074   Code   RO         1292    i.SW_Enable         sw_lib.o
    0x0000b484   0x0000b484   0x000001c8   Code   RO         1293    i.SW_Init           sw_lib.o
    0x0000b64c   0x0000b64c   0x0000006c   Code   RO         1294    i.SW_No_Access      sw_lib.o
    0x0000b6b8   0x0000b6b8   0x00000298   Code   RO         1295    i.SW_Oper           sw_lib.o
    0x0000b950   0x0000b950   0x000000fc   Code   RO         1296    i.SW_Para_Init      sw_lib.o
    0x0000ba4c   0x0000ba4c   0x00000150   Code   RO         1297    i.SW_Present_State_By_IO_Ch  sw_lib.o
    0x0000bb9c   0x0000bb9c   0x0000040c   Code   RO         1298    i.SW_Press_Proc     sw_lib.o
    0x0000bfa8   0x0000bfa8   0x00000100   Code   RO         1299    i.SW_Read           sw_lib.o
    0x0000c0a8   0x0000c0a8   0x00000090   Code   RO          834    i.Search_Src_Interrupt_Data_Arr_Free_Index  isr.o
    0x0000c138   0x0000c138   0x00000074   Code   RO          316    i.Set_Status_Reset_Data_IDs  gen_std_lib_part_1.o
    0x0000c1ac   0x0000c1ac   0x00000060   Code   RO          317    i.Str_Len           gen_std_lib_part_1.o
    0x0000c20c   0x0000c20c   0x000000d4   Code   RO         1176    i.System_Init       main.o
    0x0000c2e0   0x0000c2e0   0x00000150   Code   RO          319    i.Test_Consucc_Bits  gen_std_lib_part_1.o
    0x0000c430   0x0000c430   0x000000f4   Code   RO           25    i.Timer_0_Timeout_Proc  appl.o
    0x0000c524   0x0000c524   0x000000f4   Code   RO           26    i.Timer_1_Timeout_Proc  appl.o
    0x0000c618   0x0000c618   0x000001d0   Code   RO         1427    i.Timer_Stop        timer.o
    0x0000c7e8   0x0000c7e8   0x0000006c   Code   RO          695    i.Trace_IO_Func_Set_Validate  io_lib.o
    0x0000c854   0x0000c854   0x0000006c   Code   RO         1516    i.UART_Allow_Access  uart.o
    0x0000c8c0   0x0000c8c0   0x000001bc   Code   RO         1517    i.UART_DeInit       uart.o
    0x0000ca7c   0x0000ca7c   0x0000006c   Code   RO         1518    i.UART_Disable      uart.o
    0x0000cae8   0x0000cae8   0x0000006c   Code   RO         1519    i.UART_Enable       uart.o
    0x0000cb54   0x0000cb54   0x000002cc   Code   RO         1520    i.UART_Init         uart.o
    0x0000ce20   0x0000ce20   0x00000070   Code   RO         1521    i.UART_No_Access    uart.o
    0x0000ce90   0x0000ce90   0x00000314   Code   RO         1522    i.UART_Receive_Char  uart.o
    0x0000d1a4   0x0000d1a4   0x000000a0   Code   RO         1523    i.UART_Receive_Enable_Ctrl  uart.o
    0x0000d244   0x0000d244   0x000000f8   Code   RO         1524    i.UART_Reset_Status  uart.o
    0x0000d33c   0x0000d33c   0x000003b4   Code   RO         1526    i.UART_Transmit     uart.o
    0x0000d6f0   0x0000d6f0   0x0000010c   Code   RO         1527    i.UART_Transmit_Char  uart.o
    0x0000d7fc   0x0000d7fc   0x000000ac   Code   RO         1529    i.UART_Transmit_Enable_Ctrl  uart.o
    0x0000d8a8   0x0000d8a8   0x0000049c   Code   RO         1530    i.UART_Transmit_Num  uart.o
    0x0000dd44   0x0000dd44   0x000000f4   Code   RO         1531    i.UART_Transmit_Str  uart.o
    0x0000de38   0x0000de38   0x000000b4   Code   RO          320    i.Write_Bit_in_Data  gen_std_lib_part_1.o
    0x0000deec   0x0000deec   0x00000030   Code   RO         1177    i.main              main.o
    0x0000df1c   0x0000df1c   0x00000002   Data   RO          196    .constdata          dev_oper.o
    0x0000df1e   0x0000df1e   0x00000002   PAD
    0x0000df20   0x0000df20   0x0000002c   Data   RO          696    .constdata          io_lib.o
    0x0000df4c   0x0000df4c   0x0000000b   Data   RO         1179    .constdata          main.o
    0x0000df57   0x0000df57   0x00000008   Data   RO         1180    .constdata          main.o
    0x0000df5f   0x0000df5f   0x00000001   PAD
    0x0000df60   0x0000df60   0x0000000e   Data   RO         1181    .constdata          main.o
    0x0000df6e   0x0000df6e   0x00000001   Data   RO         1182    .constdata          main.o
    0x0000df6f   0x0000df6f   0x00000001   PAD
    0x0000df70   0x0000df70   0x00000030   Data   RO         1429    .constdata          timer.o
    0x0000dfa0   0x0000dfa0   0x00000010   Data   RO         1430    .constdata          timer.o
    0x0000dfb0   0x0000dfb0   0x00000010   Data   RO         1431    .constdata          timer.o
    0x0000dfc0   0x0000dfc0   0x00000038   Data   RO         1533    .constdata          uart.o
    0x0000dff8   0x0000dff8   0x00000020   Data   RO         1960    Region$$Table       anon$$obj.o


    Execution Region RW_IRAM1 (Exec base: 0x40000000, Load base: 0x0000e018, Size: 0x00000960, Max: 0x00008000, ABSOLUTE, COMPRESSED[0x00000100])

    Exec Addr    Load Addr    Size         Type   Attr      Idx    E Section Name        Object

    0x40000000   COMPRESSED   0x00000010   Data   RW           27    .data               appl.o
    0x40000010   COMPRESSED   0x0000022c   Data   RW          197    .data               dev_oper.o
    0x4000023c   COMPRESSED   0x00000002   Data   RW          326    .data               gen_std_lib_part_1.o
    0x4000023e   COMPRESSED   0x00000002   PAD
    0x40000240   COMPRESSED   0x00000008   Data   RW          698    .data               io_lib.o
    0x40000248   COMPRESSED   0x0000001c   Data   RW          836    .data               isr.o
    0x40000264   COMPRESSED   0x00000010   Data   RW         1183    .data               main.o
    0x40000274   COMPRESSED   0x00000006   Data   RW         1184    .data               main.o
    0x4000027a   COMPRESSED   0x00000003   Data   RW         1185    .data               main.o
    0x4000027d   COMPRESSED   0x00000001   PAD
    0x4000027e   COMPRESSED   0x00000004   Data   RW         1187    .data               main.o
    0x40000282   COMPRESSED   0x00000008   Data   RW         1188    .data               main.o
    0x4000028a   COMPRESSED   0x00000002   PAD
    0x4000028c   COMPRESSED   0x000000b0   Data   RW         1189    .data               main.o
    0x4000033c   COMPRESSED   0x0000000c   Data   RW         1190    .data               main.o
    0x40000348   COMPRESSED   0x00000004   Data   RW         1191    .data               main.o
    0x4000034c   COMPRESSED   0x00000001   Data   RW         1192    .data               main.o
    0x4000034d   COMPRESSED   0x00000001   Data   RW         1193    .data               main.o
    0x4000034e   COMPRESSED   0x00000002   PAD
    0x40000350   COMPRESSED   0x00000004   Data   RW         1197    .data               main.o
    0x40000354   COMPRESSED   0x00000001   Data   RW         1302    .data               sw_lib.o
    0x40000355   COMPRESSED   0x00000003   PAD
    0x40000358   COMPRESSED   0x00000020   Data   RW         1432    .data               timer.o
    0x40000378        -       0x00000030   Zero   RW          195    .bss                dev_oper.o
    0x400003a8        -       0x00000050   Zero   RW          835    .bss                isr.o
    0x400003f8        -       0x0000000e   Zero   RW          973    .bss                lcd.o
    0x40000406   COMPRESSED   0x00000002   PAD
    0x40000408        -       0x00000018   Zero   RW         1178    .bss                main.o
    0x40000420        -       0x00000010   Zero   RW         1428    .bss                timer.o
    0x40000430        -       0x00000041   Zero   RW         1532    .bss                uart.o
    0x40000471   COMPRESSED   0x00000003   PAD
    0x40000474        -       0x00000060   Zero   RW         1797    .bss                c_t.l(libspace.o)
    0x400004d4   COMPRESSED   0x00000004   PAD
    0x400004d8        -       0x00000000   Zero   RW            2    HEAP                startup.o
    0x400004d8        -       0x00000488   Zero   RW            1    STACK               startup.o


==============================================================================

Image component sizes


      Code (inc. data)   RO Data    RW Data    ZI Data      Debug   Object Name

     10732       2792          0         16          0      43411   appl.o
      3528        432          2        556         48      28026   dev_oper.o
      4892        492          0          2          0      37827   gen_std_lib_part_1.o
         0          0          0          0          0        564   gen_std_lib_part_2.o
      6564        980         44          8          0      20097   io_lib.o
      4392        580          0         28         80      14208   isr.o
     11000       1704          0          0         14      43829   lcd.o
       668         76         34        235         24      30823   main.o
       304         60          0          0       1160        612   startup.o
      5216        892          0          1          0      14788   sw_lib.o
      1360        168         80         32         16       6412   timer.o
      7036        928         56          0         65      42845   uart.o

    ----------------------------------------------------------------------
     55692       9104        252        888       1412     283442   Object Totals
         0          0         32          0          0          0   (incl. Generated)
         0          0          4         10          5          0   (incl. Padding)

    ----------------------------------------------------------------------

      Code (inc. data)   RO Data    RW Data    ZI Data      Debug   Library Member Name

        68          2          0          0          0          0   __dczerorl.o
         8          0          0          0          0         68   __main.o
         0          0          0          0          0          0   __rtentry.o
        44          4          0          0          0          0   __rtentry2.o
         8          0          0          0          0          0   __rtentry4.o
        60          8          0          0          0          0   __scatter.o
        44          0          0          0          0          0   __scatter_zi.o
       420          0          0          0          0        148   aeabi_sdiv.o
        20          0          0          0          0         80   exit.o
         6          0          0          0          0        136   heapauxi.o
         0          0          0          0          0          0   indicate_semi.o
        10          0          0          0          0          0   libinit.o
        12          0          0          0          0          0   libinit2.o
        12          0          0          0          0          0   libshutdown.o
         6          0          0          0          0          0   libshutdown2.o
        12          4          0          0         96         68   libspace.o
        64          0          0          0          0         68   rt_memclr.o
        84          0          0          0          0         80   rt_memclr_w.o
       212          0          0          0          0         68   rt_memcpy.o
       100          0          0          0          0         80   rt_memcpy_w.o
         8          0          0          0          0          0   rtexit.o
        12          0          0          0          0          0   rtexit2.o
        88          6          0          0          0         76   strcpy.o
        20          4          0          0          0         60   sys_exit.o
        96          0          0          0          0         80   sys_stackheap_outer.o
         4          0          0          0          0         68   use_no_semi.o

    ----------------------------------------------------------------------
      1424         28          0          0        100       1080   Library Totals
         6          0          0          0          4          0   (incl. Padding)

    ----------------------------------------------------------------------

      Code (inc. data)   RO Data    RW Data    ZI Data      Debug   Library Name

      1418         28          0          0         96       1080   c_t.l

    ----------------------------------------------------------------------
      1424         28          0          0        100       1080   Library Totals

    ----------------------------------------------------------------------

==============================================================================


      Code (inc. data)   RO Data    RW Data    ZI Data      Debug   

     57116       9132        252        888       1512     276950   Grand Totals
     57116       9132        252        256       1512     276950   ELF Image Totals (compressed)
     57116       9132        252        256          0          0   ROM Totals

==============================================================================

    Total RO  Size (Code + RO Data)                57368 (  56.02kB)
    Total RW  Size (RW Data + ZI Data)              2400 (   2.34kB)
    Total ROM Size (Code + RO Data + RW Data)      57624 (  56.27kB)

==============================================================================

