Component: ARM Compiler 5.06 update 7 (build 960) Tool: armlink [4d3601]

==============================================================================

Section Cross References

    startup.o(STACK) refers (Special) to heapauxi.o(.text) for __use_two_region_memory
    startup.o(HEAP) refers (Special) to heapauxi.o(.text) for __use_two_region_memory
    startup.o(RESET) refers (Special) to heapauxi.o(.text) for __use_two_region_memory
    startup.o(RESET) refers to startup.o(STACK) for Stack_Top
    startup.o(RESET) refers to __main.o(!!!main) for __main
    startup.o(.text) refers (Special) to heapauxi.o(.text) for __use_two_region_memory
    startup.o(.text) refers to startup.o(HEAP) for Heap_Mem
    startup.o(.text) refers to startup.o(STACK) for Stack_Mem
    appl.o(i.Appl_HW_Init) refers to uart.o(i.UART_Init) for UART_Init
    appl.o(i.Appl_HW_Init) refers to io_lib.o(i.Output_Dev_Init) for Output_Dev_Init
    appl.o(i.Appl_HW_Init) refers to lcd.o(i.LCD_Init) for LCD_Init
    appl.o(i.Appl_HW_Init) refers to sw_lib.o(i.SW_Init) for SW_Init
    appl.o(i.Appl_HW_Init) refers to uart.o(i.Print) for Print
    appl.o(i.Appl_Init) refers to gen_std_lib_part_1.o(i.Next_Data_Conf_Parameter) for Next_Data_Conf_Parameter
    appl.o(i.Appl_Init) refers to gen_std_lib_part_1.o(i.Error_or_Warning_Proc) for Error_or_Warning_Proc
    appl.o(i.Appl_Init) refers to lcd.o(i.LCD_Enable) for LCD_Enable
    appl.o(i.Appl_Init) refers to uart.o(i.UART_Transmit_Enable_Ctrl) for UART_Transmit_Enable_Ctrl
    appl.o(i.Appl_Init) refers to uart.o(i.UART_Receive_Enable_Ctrl) for UART_Receive_Enable_Ctrl
    appl.o(i.Appl_Init) refers to uart.o(i.UART_Enable) for UART_Enable
    appl.o(i.Appl_Init) refers to sw_lib.o(i.SW_Allow_Access) for SW_Allow_Access
    appl.o(i.Appl_Init) refers to sw_lib.o(i.SW_Enable) for SW_Enable
    appl.o(i.Appl_Init) refers to appl.o(.data) for .data
    appl.o(i.Appl_Init) refers to main.o(.data) for system_status_flag
    appl.o(i.Appl_Proc) refers to gen_std_lib_part_1.o(i.Error_or_Warning_Proc) for Error_or_Warning_Proc
    appl.o(i.Appl_Proc) refers to appl.o(i.SWs_Sensors_Read_Proc) for SWs_Sensors_Read_Proc
    appl.o(i.Appl_Proc) refers to main.o(.data) for cur_data_id
    appl.o(i.Appl_Proc) refers to appl.o(.data) for .data
    appl.o(i.Appl_Reset) refers to gen_std_lib_part_1.o(i.Error_or_Warning_Proc) for Error_or_Warning_Proc
    appl.o(i.Appl_Reset) refers to appl.o(i.Appl_Reset_Proc) for Appl_Reset_Proc
    appl.o(i.Appl_Reset) refers to appl.o(.data) for .data
    appl.o(i.Appl_Reset_Proc) refers to appl.o(i.Reset_Water_Lvl_Datas) for Reset_Water_Lvl_Datas
    appl.o(i.Error_or_Warning_Occured_Proc) refers to appl.o(i.Water_Lvl_Error_Proc) for Water_Lvl_Error_Proc
    appl.o(i.Error_or_Warning_Occured_Proc) refers to main.o(.data) for error_or_warning_proc_flag
    appl.o(i.Error_or_Warning_Occured_Proc) refers to main.o(.data) for system_status_flag
    appl.o(i.LCD_Data_Disp) refers to lcd.o(i.LCD_Disp_Goto_XY) for LCD_Disp_Goto_XY
    appl.o(i.LCD_Data_Disp) refers to gen_std_lib_part_1.o(i.Error_or_Warning_Proc) for Error_or_Warning_Proc
    appl.o(i.LCD_Data_Disp) refers to lcd.o(i.LCD_Disp_Str) for LCD_Disp_Str
    appl.o(i.LCD_Data_Disp) refers to lcd.o(i.LCD_Disp_Num) for LCD_Disp_Num
    appl.o(i.LCD_Data_Disp) refers to appl.o(.data) for .data
    appl.o(i.LCD_Data_Disp) refers to lcd.o(i.LCD_Disp_Char) for LCD_Disp_Char
    appl.o(i.LCD_Data_Disp) refers to main.o(.data) for lcd_ctrl
    appl.o(i.Reset_Water_Lvl_Datas) refers to lcd.o(i.LCD_Clear_Screen) for LCD_Clear_Screen
    appl.o(i.Reset_Water_Lvl_Datas) refers to gen_std_lib_part_1.o(i.Error_or_Warning_Proc) for Error_or_Warning_Proc
    appl.o(i.Reset_Water_Lvl_Datas) refers to appl.o(i.LCD_Data_Disp) for LCD_Data_Disp
    appl.o(i.Reset_Water_Lvl_Datas) refers to io_lib.o(i.Dev_IO_Chs_Map_Data_Validate) for Dev_IO_Chs_Map_Data_Validate
    appl.o(i.Reset_Water_Lvl_Datas) refers to io_lib.o(i.IO_Channel_Write) for IO_Channel_Write
    appl.o(i.Reset_Water_Lvl_Datas) refers to sw_lib.o(i.SW_Oper) for SW_Oper
    appl.o(i.Reset_Water_Lvl_Datas) refers to uart.o(i.Print) for Print
    appl.o(i.Reset_Water_Lvl_Datas) refers to appl.o(.data) for .data
    appl.o(i.Reset_Water_Lvl_Datas) refers to main.o(.data) for sws_io_ch_map_datas
    appl.o(i.Reset_Water_Lvl_Datas) refers to main.o(.data) for system_status_flag
    appl.o(i.Reset_Water_Lvl_Datas) refers to main.o(.data) for error_or_warning_proc_flag
    appl.o(i.SWs_Sensors_Read_Proc) refers to io_lib.o(i.Port_Read) for Port_Read
    appl.o(i.SWs_Sensors_Read_Proc) refers to gen_std_lib_part_1.o(i.Error_or_Warning_Proc) for Error_or_Warning_Proc
    appl.o(i.SWs_Sensors_Read_Proc) refers to gen_std_lib_part_1.o(i.Test_Consucc_Bits) for Test_Consucc_Bits
    appl.o(i.SWs_Sensors_Read_Proc) refers to appl.o(i.LCD_Data_Disp) for LCD_Data_Disp
[...]
    ../clib/divrt.s                          0x00000000   Number         0  divrt_7tdmi.o ABSOLUTE
    ../clib/heapalloc.c                      0x00000000   Number         0  hrguard.o ABSOLUTE
    ../clib/heapaux.c                        0x00000000   Number         0  heapauxi.o ABSOLUTE
    ../clib/libinit.s                        0x00000000   Number         0  libshutdown.o ABSOLUTE
    ../clib/libinit.s                        0x00000000   Number         0  libshutdown2.o ABSOLUTE
    ../clib/libinit.s                        0x00000000   Number         0  libinit2.o ABSOLUTE
    ../clib/libinit.s                        0x00000000   Number         0  libinit.o ABSOLUTE
    ../clib/locale.s                         0x00000000   Number         0  lc_ctype_c.o ABSOLUTE
    ../clib/memcpset.s                       0x00000000   Number         0  strcmp.o ABSOLUTE
    ../clib/memcpset.s                       0x00000000   Number         0  aeabi_memset.o ABSOLUTE
    ../clib/memcpset.s                       0x00000000   Number         0  rt_memclr.o ABSOLUTE
    ../clib/memcpset.s                       0x00000000   Number         0  rt_memcpy_w.o ABSOLUTE
    ../clib/memcpset.s                       0x00000000   Number         0  rt_memcpy.o ABSOLUTE
    ../clib/memcpset.s                       0x00000000   Number         0  rt_memclr_w.o ABSOLUTE
    ../clib/signal.c                         0x00000000   Number         0  defsig_segv_inner.o ABSOLUTE
    ../clib/signal.c                         0x00000000   Number         0  defsig_other.o ABSOLUTE
    ../clib/signal.c                         0x00000000   Number         0  defsig_exit.o ABSOLUTE
    ../clib/signal.c                         0x00000000   Number         0  defsig_cppl_inner.o ABSOLUTE
    ../clib/signal.c                         0x00000000   Number         0  defsig_rtmem_inner.o ABSOLUTE
    ../clib/signal.c                         0x00000000   Number         0  defsig_fpe_inner.o ABSOLUTE
    ../clib/signal.c                         0x00000000   Number         0  defsig_pvfn_inner.o ABSOLUTE
    ../clib/signal.c                         0x00000000   Number         0  defsig_stak_inner.o ABSOLUTE
    ../clib/signal.c                         0x00000000   Number         0  defsig_rtred_inner.o ABSOLUTE
    ../clib/signal.c                         0x00000000   Number         0  defsig_rtmem_formal.o ABSOLUTE
    ../clib/signal.c                         0x00000000   Number         0  defsig_rtmem_outer.o ABSOLUTE
    ../clib/signal.c                         0x00000000   Number         0  defsig_general.o ABSOLUTE
    ../clib/signal.c                         0x00000000   Number         0  __raise.o ABSOLUTE
    ../clib/signal.c                         0x00000000   Number         0  defsig_abrt_inner.o ABSOLUTE
    ../clib/signal.c                         0x00000000   Number         0  defsig_fpe_outer.o ABSOLUTE
    ../clib/signal.c                         0x00000000   Number         0  defsig_fpe_formal.o ABSOLUTE
    ../clib/signal.s                         0x00000000   Number         0  defsig.o ABSOLUTE
    ../clib/stdlib.c                         0x00000000   Number         0  exit.o ABSOLUTE
    ../clib/string.c                         0x00000000   Number         0  strcpy.o ABSOLUTE
    ../fplib/d2f.s                           0x00000000   Number         0  d2f.o ABSOLUTE
    ../fplib/daddsub.s                       0x00000000   Number         0  daddsub_noclz.o ABSOLUTE
    ../fplib/dcmpi.s                         0x00000000   Number         0  dcmpi.o ABSOLUTE
    ../fplib/ddiv.s                          0x00000000   Number         0  ddiv.o ABSOLUTE
    ../fplib/dfix.s                          0x00000000   Number         0  dfix.o ABSOLUTE
    ../fplib/dflt.s                          0x00000000   Number         0  dflt_noclz.o ABSOLUTE
    ../fplib/dleqf.s                         0x00000000   Number         0  dleqf.o ABSOLUTE
    ../fplib/dmul.s                          0x00000000   Number         0  dmul.o ABSOLUTE
    ../fplib/dnaninf.s                       0x00000000   Number         0  dnaninf.o ABSOLUTE
    ../fplib/dretinf.s                       0x00000000   Number         0  dretinf.o ABSOLUTE
    ../fplib/faddsub.s                       0x00000000   Number         0  faddsub_noclz.o ABSOLUTE
    ../fplib/ffix.s                          0x00000000   Number         0  ffix.o ABSOLUTE
    ../fplib/fflt.s                          0x00000000   Number         0  fflt_noclz.o ABSOLUTE
    ../fplib/fmul.s                          0x00000000   Number         0  fmul.o ABSOLUTE
    ../fplib/fnaninf.s                       0x00000000   Number         0  fnaninf.o ABSOLUTE
    ../fplib/fpinit.s                        0x00000000   Number         0  fpinit.o ABSOLUTE
    ../fplib/fretinf.s                       0x00000000   Number         0  fretinf.o ABSOLUTE
    ../fplib/usenofp.s                       0x00000000   Number         0  usenofp.o ABSOLUTE
    Startup.s                                0x00000000   Number         0  startup.o ABSOLUTE
    appl.c                                   0x00000000   Number         0  appl.o ABSOLUTE
    dc.s                                     0x00000000   Number         0  dc.o ABSOLUTE
    dev_oper.c                               0x00000000   Number         0  dev_oper.o ABSOLUTE
    gen_std_lib_part_1.c                     0x00000000   Number         0  gen_std_lib_part_1.o ABSOLUTE
    gen_std_lib_part_2.c                     0x00000000   Number         0  gen_std_lib_part_2.o ABSOLUTE
    io_lib.c                                 0x00000000   Number         0  io_lib.o ABSOLUTE
    isr.c                                    0x00000000   Number         0  isr.o ABSOLUTE
    lcd.c                                    0x00000000   Number         0  lcd.o ABSOLUTE
    main.c                                   0x00000000   Number         0  main.o ABSOLUTE
    sw_lib.c                                 0x00000000   Number         0  sw_lib.o ABSOLUTE
    timer.c                                  0x00000000   Number         0  timer.o ABSOLUTE
    uart.c                                   0x00000000   Number         0  uart.o ABSOLUTE
    Undef_Handler                            0x00000040   ARM Code       4  startup.o(RESET)
    SWI_Handler                              0x00000044   ARM Code       4  startup.o(RESET)
    PAbt_Handler                             0x00000048   ARM Code       4  startup.o(RESET)
    DAbt_Handler                             0x0000004c   ARM Code       4  startup.o(RESET)
    IRQ_Handler                              0x00000050   ARM Code       4  startup.o(RESET)
    FIQ_Handler                              0x00000054   ARM Code       4  startup.o(RESET)
    !!!main                                  0x00000110   Section        8  __main.o(!!!main)
    !!!scatter                               0x00000118   Section       60  __scatter.o(!!!scatter)
    !!dczerorl                               0x00000154   Section       68  __dczerorl.o(!!dczerorl)
    !!handler_zi                             0x00000198   Section       44  __scatter_zi.o(!!handler_zi)
    .ARM.Collect$$libinit$$00000000          0x000001cc   Section        2  libinit.o(.ARM.Collect$$libinit$$00000000)
    .ARM.Collect$$libinit$$00000002          0x000001ce   Section        0  libinit2.o(.ARM.Collect$$libinit$$00000002)
    .ARM.Collect$$libinit$$00000004          0x000001ce   Section        0  libinit2.o(.ARM.Collect$$libinit$$00000004)
    .ARM.Collect$$libinit$$0000000A          0x000001ce   Section        0  libinit2.o(.ARM.Collect$$libinit$$0000000A)
    .ARM.Collect$$libinit$$0000000C          0x000001ce   Section        0  libinit2.o(.ARM.Collect$$libinit$$0000000C)
    .ARM.Collect$$libinit$$0000000E          0x000001ce   Section        0  libinit2.o(.ARM.Collect$$libinit$$0000000E)
    .ARM.Collect$$libinit$$00000011          0x000001ce   Section        0  libinit2.o(.ARM.Collect$$libinit$$00000011)
    .ARM.Collect$$libinit$$00000013          0x000001ce   Section        0  libinit2.o(.ARM.Collect$$libinit$$00000013)
    .ARM.Collect$$libinit$$00000015          0x000001ce   Section        0  libinit2.o(.ARM.Collect$$libinit$$00000015)
    .ARM.Collect$$libinit$$00000017          0x000001ce   Section        0  libinit2.o(.ARM.Collect$$libinit$$00000017)
    .ARM.Collect$$libinit$$00000019          0x000001ce   Section        0  libinit2.o(.ARM.Collect$$libinit$$00000019)
    .ARM.Collect$$libinit$$0000001B          0x000001ce   Section        0  libinit2.o(.ARM.Collect$$libinit$$0000001B)
    .ARM.Collect$$libinit$$0000001D          0x000001ce   Section        0  libinit2.o(.ARM.Collect$$libinit$$0000001D)
    .ARM.Collect$$libinit$$0000001F          0x000001ce   Section        0  libinit2.o(.ARM.Collect$$libinit$$0000001F)
    .ARM.Collect$$libinit$$00000021          0x000001ce   Section        0  libinit2.o(.ARM.Collect$$libinit$$00000021)
    .ARM.Collect$$libinit$$00000023          0x000001ce   Section        0  libinit2.o(.ARM.Collect$$libinit$$00000023)
    .ARM.Collect$$libinit$$00000025          0x000001ce   Section        0  libinit2.o(.ARM.Collect$$libinit$$00000025)
    .ARM.Collect$$libinit$$0000002C          0x000001ce   Section        0  libinit2.o(.ARM.Collect$$libinit$$0000002C)
    .ARM.Collect$$libinit$$0000002E          0x000001ce   Section        0  libinit2.o(.ARM.Collect$$libinit$$0000002E)
    .ARM.Collect$$libinit$$00000030          0x000001ce   Section        0  libinit2.o(.ARM.Collect$$libinit$$00000030)
    .ARM.Collect$$libinit$$00000032          0x000001ce   Section        0  libinit2.o(.ARM.Collect$$libinit$$00000032)
    .ARM.Collect$$libinit$$00000033          0x000001ce   Section       12  libinit2.o(.ARM.Collect$$libinit$$00000033)
    .ARM.Collect$$libshutdown$$00000000      0x000001e4   Section        4  libshutdown.o(.ARM.Collect$$libshutdown$$00000000)
    .ARM.Collect$$libshutdown$$00000002      0x000001e8   Section        0  libshutdown2.o(.ARM.Collect$$libshutdown$$00000002)
    .ARM.Collect$$libshutdown$$00000004      0x000001e8   Section        0  libshutdown2.o(.ARM.Collect$$libshutdown$$00000004)
    .ARM.Collect$$libshutdown$$00000006      0x000001e8   Section        0  libshutdown2.o(.ARM.Collect$$libshutdown$$00000006)
    .ARM.Collect$$libshutdown$$00000009      0x000001e8   Section        0  libshutdown2.o(.ARM.Collect$$libshutdown$$00000009)
    .ARM.Collect$$libshutdown$$0000000C      0x000001e8   Section        0  libshutdown2.o(.ARM.Collect$$libshutdown$$0000000C)
    .ARM.Collect$$libshutdown$$0000000E      0x000001e8   Section        0  libshutdown2.o(.ARM.Collect$$libshutdown$$0000000E)
    .ARM.Collect$$libshutdown$$00000011      0x000001e8   Section        0  libshutdown2.o(.ARM.Collect$$libshutdown$$00000011)
    .ARM.Collect$$libshutdown$$00000012      0x000001e8   Section        6  libshutdown2.o(.ARM.Collect$$libshutdown$$00000012)
    .ARM.Collect$$rtentry$$00000000          0x000001f0   Section        0  __rtentry.o(.ARM.Collect$$rtentry$$00000000)
    .ARM.Collect$$rtentry$$00000002          0x000001f0   Section        0  __rtentry2.o(.ARM.Collect$$rtentry$$00000002)
    .ARM.Collect$$rtentry$$00000004          0x000001f0   Section        8  __rtentry4.o(.ARM.Collect$$rtentry$$00000004)
    .ARM.Collect$$rtentry$$00000009          0x000001f8   Section        0  __rtentry2.o(.ARM.Collect$$rtentry$$00000009)
    .ARM.Collect$$rtentry$$0000000A          0x000001f8   Section        4  __rtentry2.o(.ARM.Collect$$rtentry$$0000000A)
    .ARM.Collect$$rtentry$$0000000C          0x000001fc   Section        0  __rtentry2.o(.ARM.Collect$$rtentry$$0000000C)
    .ARM.Collect$$rtentry$$0000000D          0x000001fc   Section       40  __rtentry2.o(.ARM.Collect$$rtentry$$0000000D)
    .ARM.Collect$$rtexit$$00000000           0x00000228   Section        4  rtexit.o(.ARM.Collect$$rtexit$$00000000)
    .ARM.Collect$$rtexit$$00000002           0x0000022c   Section        0  rtexit2.o(.ARM.Collect$$rtexit$$00000002)
    .ARM.Collect$$rtexit$$00000003           0x0000022c   Section        4  rtexit2.o(.ARM.Collect$$rtexit$$00000003)
    .ARM.Collect$$rtexit$$00000004           0x00000230   Section        8  rtexit2.o(.ARM.Collect$$rtexit$$00000004)
    .text                                    0x00000238   Section       32  startup.o(.text)
    .text                                    0x00000260   Section        0  strcpy.o(.text)
    .text                                    0x000002b0   Section      212  rt_memcpy.o(.text)
    .text                                    0x00000384   Section       64  rt_memclr.o(.text)
    .text                                    0x000003c4   Section       84  rt_memclr_w.o(.text)
    .text                                    0x00000418   Section      384  aeabi_sdiv.o(.text)
    __arm_div8                               0x00000444   ARM Code       0  aeabi_sdiv.o(.text)
    __arm_div5                               0x00000468   ARM Code       0  aeabi_sdiv.o(.text)
    __arm_div2                               0x0000048c   ARM Code       0  aeabi_sdiv.o(.text)
    __arm_div_large                          0x000004c8   ARM Code       0  aeabi_sdiv.o(.text)
    .text                                    0x00000598   Section        0  heapauxi.o(.text)
    .text                                    0x000005a0   Section      100  rt_memcpy_w.o(.text)
    .text                                    0x00000604   Section       12  libspace.o(.text)
    .text                                    0x00000610   Section       96  sys_stackheap_outer.o(.text)
    .text                                    0x00000670   Section        0  exit.o(.text)
    .text                                    0x0000068c   Section        0  sys_exit.o(.text)
    .text                                    0x00000698   Section        4  use_no_semi.o(.text)
    .text                                    0x0000069c   Section        0  indicate_semi.o(.text)
    .text_udiv                               0x0000069c   Section       36  aeabi_sdiv.o(.text_udiv)
    i.Appl_Data_Retrieve_Para                0x000006c0   Section        0  gen_std_lib_part_1.o(i.Appl_Data_Retrieve_Para)
    i.Appl_HW_Init                           0x00000974   Section        0  appl.o(i.Appl_HW_Init)
    i.Appl_Init                              0x00000a78   Section        0  appl.o(i.Appl_Init)
    i.Appl_Proc                              0x00000c90   Section        0  appl.o(i.Appl_Proc)
    i.Appl_Reset                             0x00000d0c   Section        0  appl.o(i.Appl_Reset)
    i.Appl_Reset_Proc                        0x00000d6c   Section        0  appl.o(i.Appl_Reset_Proc)
    i.Check_GPIO_Func                        0x00000d84   Section        0  io_lib.o(i.Check_GPIO_Func)
    i.Comm_Error_Proc                        0x00001028   Section        0  gen_std_lib_part_1.o(i.Comm_Error_Proc)
    i.Config_Consucc_Bits                    0x000014a8   Section        0  gen_std_lib_part_1.o(i.Config_Consucc_Bits)
    i.Config_GPIO_Func_Set                   0x000015a8   Section        0  io_lib.o(i.Config_GPIO_Func_Set)
    Config_GPIO_Func_Set                     0x000015a8   ARM Code     896  io_lib.o(i.Config_GPIO_Func_Set)
    i.Config_Port_Pin_Range_Validate         0x00001928   Section        0  io_lib.o(i.Config_Port_Pin_Range_Validate)
    i.Config_Port_Pin_Validate               0x00001a48   Section        0  io_lib.o(i.Config_Port_Pin_Validate)
    Config_Port_Pin_Validate                 0x00001a48   ARM Code     156  io_lib.o(i.Config_Port_Pin_Validate)
    i.Cur_Data_ID_Dev_Src_Basic_Oper_Func    0x00001b04   Section        0  dev_oper.o(i.Cur_Data_ID_Dev_Src_Basic_Oper_Func)
    Cur_Data_ID_Dev_Src_Basic_Oper_Func      0x00001b04   ARM Code    1832  dev_oper.o(i.Cur_Data_ID_Dev_Src_Basic_Oper_Func)
    i.Cur_Data_ID_Devs_Src_Basic_Oper_Func   0x0000222c   Section        0  dev_oper.o(i.Cur_Data_ID_Devs_Src_Basic_Oper_Func)
    i.Data_Dev_Src_Access_Oper_Func          0x000025cc   Section        0  dev_oper.o(i.Data_Dev_Src_Access_Oper_Func)
    i.Data_ID_Set_Para                       0x000028cc   Section        0  gen_std_lib_part_1.o(i.Data_ID_Set_Para)
    i.Data_IDs_Set_Para                      0x000029ec   Section        0  gen_std_lib_part_1.o(i.Data_IDs_Set_Para)
    i.Debug_IO_Func_Set_Validate             0x00002a98   Section        0  io_lib.o(i.Debug_IO_Func_Set_Validate)
    Debug_IO_Func_Set_Validate               0x00002a98   ARM Code      92  io_lib.o(i.Debug_IO_Func_Set_Validate)
    i.Delay_MS                               0x00002b04   Section        0  gen_std_lib_part_1.o(i.Delay_MS)
    i.Dev_IO_Chs_Map_Data_Validate           0x00002b3c   Section        0  io_lib.o(i.Dev_IO_Chs_Map_Data_Validate)
    i.Disable_All_LCDs                       0x00002cbc   Section        0  lcd.o(i.Disable_All_LCDs)
    i.Disable_All_SWs                        0x00002ce8   Section        0  sw_lib.o(i.Disable_All_SWs)
    i.Disable_All_UARTs                      0x00002d14   Section        0  uart.o(i.Disable_All_UARTs)
    i.Disable_Interrupt_Src                  0x00002d4c   Section        0  isr.o(i.Disable_Interrupt_Src)
    i.Disable_Timer_Interrupt                0x00002f10   Section        0  timer.o(i.Disable_Timer_Interrupt)
    i.Error_Or_Warning_UART_Proc             0x00003004   Section        0  uart.o(i.Error_Or_Warning_UART_Proc)
    i.Error_or_Warning_LCD_Proc              0x0000306c   Section        0  lcd.o(i.Error_or_Warning_LCD_Proc)
    Error_or_Warning_LCD_Proc                0x0000306c   ARM Code      80  lcd.o(i.Error_or_Warning_LCD_Proc)
    i.Error_or_Warning_Occured_Proc          0x000030c0   Section        0  appl.o(i.Error_or_Warning_Occured_Proc)
    i.Error_or_Warning_Proc                  0x00003160   Section        0  gen_std_lib_part_1.o(i.Error_or_Warning_Proc)
    i.File_Flush                             0x000031e8   Section        0  gen_std_lib_part_1.o(i.File_Flush)
    i.GPIO_Func_Set                          0x00003250   Section        0  io_lib.o(i.GPIO_Func_Set)
    GPIO_Func_Set                            0x00003250   ARM Code     360  io_lib.o(i.GPIO_Func_Set)
    i.Get_IO_Func_Mode                       0x000033dc   Section        0  io_lib.o(i.Get_IO_Func_Mode)
    i.HW_Init                                0x00003578   Section        0  main.o(i.HW_Init)
    HW_Init                                  0x00003578   ARM Code      76  main.o(i.HW_Init)
    i.IO_Ch_Func_Reset                       0x000035d4   Section        0  io_lib.o(i.IO_Ch_Func_Reset)
    i.IO_Ch_To_SW_Ch                         0x00003838   Section        0  sw_lib.o(i.IO_Ch_To_SW_Ch)
    i.IO_Ch_Validate                         0x0000394c   Section        0  io_lib.o(i.IO_Ch_Validate)
    i.IO_Channel_Read                        0x00003b28   Section        0  io_lib.o(i.IO_Channel_Read)
    i.IO_Channel_Write                       0x00003bc0   Section        0  io_lib.o(i.IO_Channel_Write)
    i.IO_Channels_Func_Set                   0x00003d00   Section        0  io_lib.o(i.IO_Channels_Func_Set)
    i.ISR_Brown_Out_Detect                   0x00003fd0   Section        0  main.o(i.ISR_Brown_Out_Detect)
    i.ISR_Non_Vector_IRQ                     0x00003fe4   Section        0  isr.o(i.ISR_Non_Vector_IRQ)
    i.ISR_PLL                                0x00003ff8   Section        0  main.o(i.ISR_PLL)
    i.ISR_Timer_0                            0x0000400c   Section        0  timer.o(i.ISR_Timer_0)
    i.ISR_Timer_1                            0x000040c0   Section        0  timer.o(i.ISR_Timer_1)
    i.ISR_UART_0                             0x00004298   Section        0  uart.o(i.ISR_UART_0)
    i.ISR_UART_1                             0x000042ac   Section        0  uart.o(i.ISR_UART_1)
    i.Init_File                              0x000042c0   Section        0  gen_std_lib_part_1.o(i.Init_File)
    i.LCD_Allow_Access                       0x00004444   Section        0  lcd.o(i.LCD_Allow_Access)
    i.LCD_Check_Busy                         0x000044a8   Section        0  lcd.o(i.LCD_Check_Busy)
    LCD_Check_Busy                           0x000044a8   ARM Code     900  lcd.o(i.LCD_Check_Busy)
    i.LCD_Clear_Screen                       0x0000482c   Section        0  lcd.o(i.LCD_Clear_Screen)
    i.LCD_Data_Disp                          0x000048d4   Section        0  appl.o(i.LCD_Data_Disp)
    i.LCD_DeInit                             0x00005138   Section        0  lcd.o(i.LCD_DeInit)
    i.LCD_Disable                            0x000052b8   Section        0  lcd.o(i.LCD_Disable)
    i.LCD_Disp_Char                          0x0000531c   Section        0  lcd.o(i.LCD_Disp_Char)
    i.LCD_Disp_Goto_XY                       0x0000573c   Section        0  lcd.o(i.LCD_Disp_Goto_XY)
    i.LCD_Disp_Num                           0x00005960   Section        0  lcd.o(i.LCD_Disp_Num)
    i.LCD_Disp_Str                           0x00005df8   Section        0  lcd.o(i.LCD_Disp_Str)
    i.LCD_Enable                             0x00005eec   Section        0  lcd.o(i.LCD_Enable)
    i.LCD_From_Loc_to_XY                     0x00005f50   Section        0  lcd.o(i.LCD_From_Loc_to_XY)
    i.LCD_Init                               0x00006130   Section        0  lcd.o(i.LCD_Init)
    i.LCD_No_Access                          0x00006728   Section        0  lcd.o(i.LCD_No_Access)
    i.LCD_Read_Command                       0x00006794   Section        0  lcd.o(i.LCD_Read_Command)
    LCD_Read_Command                         0x00006794   ARM Code     752  lcd.o(i.LCD_Read_Command)
    i.LCD_Read_Data_from_IO_Ch               0x00006a84   Section        0  lcd.o(i.LCD_Read_Data_from_IO_Ch)
    LCD_Read_Data_from_IO_Ch                 0x00006a84   ARM Code     268  lcd.o(i.LCD_Read_Data_from_IO_Ch)
    i.LCD_Write                              0x00006bc4   Section        0  lcd.o(i.LCD_Write)
    i.LCD_Write_Command                      0x0000708c   Section        0  lcd.o(i.LCD_Write_Command)
    i.LCD_Write_Command_NO_BF                0x000073e0   Section        0  lcd.o(i.LCD_Write_Command_NO_BF)
    i.LCD_Write_Data_to_IO_Ch                0x000075c8   Section        0  lcd.o(i.LCD_Write_Data_to_IO_Ch)
    LCD_Write_Data_to_IO_Ch                  0x000075c8   ARM Code     268  lcd.o(i.LCD_Write_Data_to_IO_Ch)
    i.Next_Data_Conf_Parameter               0x00007720   Section        0  gen_std_lib_part_1.o(i.Next_Data_Conf_Parameter)
    i.Non_GPIO_Func_Set                      0x000077e4   Section        0  io_lib.o(i.Non_GPIO_Func_Set)
    i.Num_To_Str_Conv_No_Conf_Size           0x000078cc   Section        0  gen_std_lib_part_1.o(i.Num_To_Str_Conv_No_Conf_Size)
    i.Output_Dev_Init                        0x00007a4c   Section        0  io_lib.o(i.Output_Dev_Init)
    i.PLL_Init                               0x00007adc   Section        0  main.o(i.PLL_Init)
    PLL_Init                                 0x00007adc   ARM Code      80  main.o(i.PLL_Init)
    i.Port_Read                              0x00007b30   Section        0  io_lib.o(i.Port_Read)
    i.Power_Of                               0x00007c70   Section        0  gen_std_lib_part_1.o(i.Power_Of)
    i.Print                                  0x00007ca0   Section        0  uart.o(i.Print)
    i.Put_Char                               0x00007f5c   Section        0  uart.o(i.Put_Char)
    i.Put_Str                                0x00008000   Section        0  uart.o(i.Put_Str)
    i.Reset_All_Interrupts                   0x00008170   Section        0  isr.o(i.Reset_All_Interrupts)
    i.Reset_Data_ID_Status                   0x00008230   Section        0  gen_std_lib_part_1.o(i.Reset_Data_ID_Status)
    i.Reset_Data_IDs_Status                  0x00008320   Section        0  gen_std_lib_part_1.o(i.Reset_Data_IDs_Status)
    i.Reset_IO_Chs                           0x00008354   Section        0  io_lib.o(i.Reset_IO_Chs)
    i.Reset_Ports                            0x00008364   Section        0  io_lib.o(i.Reset_Ports)
    i.Reset_Process                          0x000083d8   Section        0  main.o(i.Reset_Process)
    i.Reset_SW_Ch                            0x00008498   Section        0  sw_lib.o(i.Reset_SW_Ch)
    i.Reset_SW_Chs                           0x00008540   Section        0  sw_lib.o(i.Reset_SW_Chs)
    i.Reset_Src_Interrupt_Data_Arr           0x00008584   Section        0  isr.o(i.Reset_Src_Interrupt_Data_Arr)
    i.Reset_Src_Interrupt_Data_Arr_By_Specific_Index 0x000085fc   Section        0  isr.o(i.Reset_Src_Interrupt_Data_Arr_By_Specific_Index)
    Reset_Src_Interrupt_Data_Arr_By_Specific_Index 0x000085fc   ARM Code      96  isr.o(i.Reset_Src_Interrupt_Data_Arr_By_Specific_Index)
    i.Reset_Water_Lvl_Datas                  0x00008670   Section        0  appl.o(i.Reset_Water_Lvl_Datas)
    i.SW_Allow_Access                        0x00008970   Section        0  sw_lib.o(i.SW_Allow_Access)
    i.SW_Ch_ID_Check_And_Alloc               0x000089e4   Section        0  sw_lib.o(i.SW_Ch_ID_Check_And_Alloc)
    i.SW_Ch_UnConfig_By_IO_Ch                0x00008c78   Section        0  sw_lib.o(i.SW_Ch_UnConfig_By_IO_Ch)
    i.SW_Ch_Validate                         0x00008d00   Section        0  sw_lib.o(i.SW_Ch_Validate)
    SW_Ch_Validate                           0x00008d00   ARM Code     144  sw_lib.o(i.SW_Ch_Validate)
    i.SW_DeInit                              0x00008db0   Section        0  sw_lib.o(i.SW_DeInit)
    i.SW_Disable                             0x00008ea0   Section        0  sw_lib.o(i.SW_Disable)
    i.SW_Enable                              0x00008f0c   Section        0  sw_lib.o(i.SW_Enable)
    i.SW_Init                                0x00008f80   Section        0  sw_lib.o(i.SW_Init)
    i.SW_No_Access                           0x00009148   Section        0  sw_lib.o(i.SW_No_Access)
    i.SW_Oper                                0x000091b4   Section        0  sw_lib.o(i.SW_Oper)
    i.SW_Para_Init                           0x0000944c   Section        0  sw_lib.o(i.SW_Para_Init)
    i.SW_Present_State_By_IO_Ch              0x00009548   Section        0  sw_lib.o(i.SW_Present_State_By_IO_Ch)
    i.SW_Press_Proc                          0x00009698   Section        0  sw_lib.o(i.SW_Press_Proc)
    i.SW_Read                                0x00009aa4   Section        0  sw_lib.o(i.SW_Read)
    i.SWs_Sensors_Read_Proc                  0x00009ba4   Section        0  appl.o(i.SWs_Sensors_Read_Proc)
    i.Search_Src_Interrupt_Data_Arr_Free_Index 0x0000ad80   Section        0  isr.o(i.Search_Src_Interrupt_Data_Arr_Free_Index)
    i.Set_Status_Reset_Data_IDs              0x0000ae10   Section        0  gen_std_lib_part_1.o(i.Set_Status_Reset_Data_IDs)
    i.Str_Len                                0x0000ae84   Section        0  gen_std_lib_part_1.o(i.Str_Len)
    i.System_Init                            0x0000aee4   Section        0  main.o(i.System_Init)
    System_Init                              0x0000aee4   ARM Code     172  main.o(i.System_Init)
    i.Test_Consucc_Bits                      0x0000afb8   Section        0  gen_std_lib_part_1.o(i.Test_Consucc_Bits)
    i.Timer_0_Timeout_Proc                   0x0000b108   Section        0  appl.o(i.Timer_0_Timeout_Proc)
    i.Timer_1_Timeout_Proc                   0x0000b1fc   Section        0  appl.o(i.Timer_1_Timeout_Proc)
    i.Timer_Stop                             0x0000b2f0   Section        0  timer.o(i.Timer_Stop)
    i.Trace_IO_Func_Set_Validate             0x0000b4c0   Section        0  io_lib.o(i.Trace_IO_Func_Set_Validate)
    Trace_IO_Func_Set_Validate               0x0000b4c0   ARM Code      92  io_lib.o(i.Trace_IO_Func_Set_Validate)
    i.UART_Allow_Access                      0x0000b52c   Section        0  uart.o(i.UART_Allow_Access)
    i.UART_DeInit                            0x0000b598   Section        0  uart.o(i.UART_DeInit)
    i.UART_Disable                           0x0000b754   Section        0  uart.o(i.UART_Disable)
    i.UART_Enable                            0x0000b7c0   Section        0  uart.o(i.UART_Enable)
    i.UART_Init                              0x0000b82c   Section        0  uart.o(i.UART_Init)
    i.UART_No_Access                         0x0000baf8   Section        0  uart.o(i.UART_No_Access)
    i.UART_Receive_Char                      0x0000bb68   Section        0  uart.o(i.UART_Receive_Char)
    i.UART_Receive_Enable_Ctrl               0x0000be7c   Section        0  uart.o(i.UART_Receive_Enable_Ctrl)
    i.UART_Reset_Status                      0x0000bf1c   Section        0  uart.o(i.UART_Reset_Status)
    i.UART_Transmit                          0x0000c014   Section        0  uart.o(i.UART_Transmit)
    i.UART_Transmit_Char                     0x0000c3c8   Section        0  uart.o(i.UART_Transmit_Char)
    i.UART_Transmit_Enable_Ctrl              0x0000c4d4   Section        0  uart.o(i.UART_Transmit_Enable_Ctrl)
    i.UART_Transmit_Num                      0x0000c580   Section        0  uart.o(i.UART_Transmit_Num)
    i.UART_Transmit_Str                      0x0000ca1c   Section        0  uart.o(i.UART_Transmit_Str)
    i.Water_Lvl_Error_Proc                   0x0000cb10   Section        0  appl.o(i.Water_Lvl_Error_Proc)
    i.Write_Bit_in_Data                      0x0000cc10   Section        0  gen_std_lib_part_1.o(i.Write_Bit_in_Data)
    i.main                                   0x0000ccc4   Section        0  main.o(i.main)
    .constdata                               0x0000ccf4   Section        2  dev_oper.o(.constdata)
    .constdata                               0x0000ccf8   Section       44  io_lib.o(.constdata)
    io_dir_ptr                               0x0000ccf8   Data           8  io_lib.o(.constdata)
    pin_sel_ptr                              0x0000cd18   Data          12  io_lib.o(.constdata)
    .constdata                               0x0000cd24   Section       11  main.o(.constdata)
    .constdata                               0x0000cd2f   Section        8  main.o(.constdata)
    .constdata                               0x0000cd38   Section       14  main.o(.constdata)
    .constdata                               0x0000cd46   Section        1  main.o(.constdata)
    .constdata                               0x0000cd48   Section       48  timer.o(.constdata)
    tmr_ctcr_ptr                             0x0000cd48   Data           8  timer.o(.constdata)
    tmr_pr_ptr                               0x0000cd50   Data           8  timer.o(.constdata)
    tmr_tcr_ptr                              0x0000cd58   Data           8  timer.o(.constdata)
    tmr_tc_ptr                               0x0000cd60   Data           8  timer.o(.constdata)
    tmr_ir_ptr                               0x0000cd70   Data           8  timer.o(.constdata)
    .constdata                               0x0000cd78   Section       16  timer.o(.constdata)
    tmr0_mr_ptr                              0x0000cd78   Data          16  timer.o(.constdata)
    .constdata                               0x0000cd88   Section       16  timer.o(.constdata)
    tmr1_mr_ptr                              0x0000cd88   Data          16  timer.o(.constdata)
    .constdata                               0x0000cd98   Section       56  uart.o(.constdata)
    uart_lcr_ptr                             0x0000cd98   Data           8  uart.o(.constdata)
    uart_dll_ptr                             0x0000cda0   Data           8  uart.o(.constdata)
    uart_dlm_ptr                             0x0000cda8   Data           8  uart.o(.constdata)
    uart_fcr_ptr                             0x0000cdb0   Data           8  uart.o(.constdata)
    uart_lsr_ptr                             0x0000cdb8   Data           8  uart.o(.constdata)
    uart_rbr_ptr                             0x0000cdc0   Data           8  uart.o(.constdata)
    uart_thr_ptr                             0x0000cdc8   Data           8  uart.o(.constdata)
    .data                                    0x40000000   Section       16  appl.o(.data)
    proc_data                                0x40000000   Data           1  appl.o(.data)
    temp_cur_water_lvl                       0x40000001   Data           1  appl.o(.data)
    prev_water_lvl_sensor_map                0x40000002   Data           1  appl.o(.data)
    .data                                    0x40000010   Section      556  dev_oper.o(.data)
    i                                        0x40000010   Data           1  dev_oper.o(.data)
    .data                                    0x4000023c   Section        8  io_lib.o(.data)
    config_port_pin                          0x4000023c   Data           8  io_lib.o(.data)
    .data                                    0x40000244   Section        8  isr.o(.data)
    .data                                    0x4000024c   Section       16  main.o(.data)
    .data                                    0x4000025c   Section        6  main.o(.data)
    .data                                    0x40000262   Section        3  main.o(.data)
    .data                                    0x40000266   Section        4  main.o(.data)
    .data                                    0x4000026c   Section      176  main.o(.data)
    .data                                    0x4000031c   Section       12  main.o(.data)
    .data                                    0x40000328   Section        4  main.o(.data)
    .data                                    0x4000032c   Section        1  main.o(.data)
    .data                                    0x4000032d   Section        1  main.o(.data)
    .data                                    0x40000330   Section        4  main.o(.data)
    .data                                    0x40000334   Section        1  sw_lib.o(.data)
    .data                                    0x40000338   Section       32  timer.o(.data)
    timer_mr_ptr                             0x40000348   Data           8  timer.o(.data)
    .data                                    0x40000358   Section        2  gen_std_lib_part_1.o(.data)
    prev_data_id                             0x40000359   Data           1  gen_std_lib_part_1.o(.data)
    .bss                                     0x4000035c   Section       48  dev_oper.o(.bss)
    .bss                                     0x4000038c   Section       80  isr.o(.bss)
    .bss                                     0x400003dc   Section       14  lcd.o(.bss)
    .bss                                     0x400003ec   Section       24  main.o(.bss)
    .bss                                     0x40000404   Section       16  timer.o(.bss)
    .bss                                     0x40000414   Section       65  uart.o(.bss)
    .bss                                     0x40000458   Section       96  libspace.o(.bss)
    HEAP                                     0x400004b8   Section        0  startup.o(HEAP)
    STACK                                    0x400004b8   Section     1160  startup.o(STACK)
    Heap_Mem                                 0x400004b8   Data           0  startup.o(HEAP)
    Stack_Mem                                0x400004b8   Data        1024  startup.o(STACK)
    Stack_Top                                0x40000940   Data           0  startup.o(STACK)

    Global Symbols

    Symbol Name                              Value     Ov Type        Size  Object(Section)

    BuildAttributes$$THM_ISAv1$ARM_ISAv4$S$PE$A:L22$X:L11$S22$IEEE1$IW$USESV6$~STKCKD$USESV7$~SHL$OSPACE$ROPI$EBA8$UX$STANDARDLIB$REQ8$PRES8$EABIv2 0x00000000   Number         0  anon$$obj.o ABSOLUTE
    __ARM_use_no_argv                        0x00000000   Number         0  main.o ABSOLUTE
    __ARM_exceptions_init                     - Undefined Weak Reference
    __alloca_initialize                       - Undefined Weak Reference
    __arm_fini_                               - Undefined Weak Reference
    __arm_preinit_                            - Undefined Weak Reference
    __cpp_initialize__aeabi_                  - Undefined Weak Reference
    __cxa_finalize                            - Undefined Weak Reference
    __sigvec_lookup                           - Undefined Weak Reference
    _atexit_init                              - Undefined Weak Reference
    _call_atexit_fns                          - Undefined Weak Reference
    _clock_init                               - Undefined Weak Reference
    _fp_trap_init                             - Undefined Weak Reference
    _fp_trap_shutdown                         - Undefined Weak Reference
    _get_lc_collate                           - Undefined Weak Reference
    _get_lc_monetary                          - Undefined Weak Reference
    _get_lc_numeric                           - Undefined Weak Reference
    _get_lc_time                              - Undefined Weak Reference
    _getenv_init                              - Undefined Weak Reference
    _handle_redirection                       - Undefined Weak Reference
    _init_alloc                               - Undefined Weak Reference
    _init_user_alloc                          - Undefined Weak Reference
    _initio                                   - Undefined Weak Reference
    _rand_init                                - Undefined Weak Reference
    _signal_finish                            - Undefined Weak Reference
    _signal_init                              - Undefined Weak Reference
    _terminate_alloc                          - Undefined Weak Reference
    _terminate_user_alloc                     - Undefined Weak Reference
    _terminateio                              - Undefined Weak Reference
    Reset_Handler                            0x00000058   ARM Code       0  startup.o(RESET)
    __main                                   0x00000110   ARM Code       8  __main.o(!!!main)
    __scatterload                            0x00000118   ARM Code       0  __scatter.o(!!!scatter)
    __scatterload_rt2                        0x00000118   ARM Code      52  __scatter.o(!!!scatter)
    __scatterload_null                       0x0000012c   ARM Code       0  __scatter.o(!!!scatter)
    __decompress                             0x00000154   ARM Code      68  __dczerorl.o(!!dczerorl)
    __decompress0                            0x00000154   ARM Code       0  __dczerorl.o(!!dczerorl)
    __scatterload_zeroinit                   0x00000198   ARM Code      44  __scatter_zi.o(!!handler_zi)
    Inline ARM to Thumb Veneer to __rt_lib_init 0x000001c4   ARM Code       8  libinit.o(.ARM.Collect$$libinit$$00000000)
    __rt_lib_init                            0x000001cd   Thumb Code     0  libinit.o(.ARM.Collect$$libinit$$00000000)
    __rt_lib_init_alloca_1                   0x000001cf   Thumb Code     0  libinit2.o(.ARM.Collect$$libinit$$0000002E)
    __rt_lib_init_argv_1                     0x000001cf   Thumb Code     0  libinit2.o(.ARM.Collect$$libinit$$0000002C)
    __rt_lib_init_atexit_1                   0x000001cf   Thumb Code     0  libinit2.o(.ARM.Collect$$libinit$$0000001B)
    __rt_lib_init_clock_1                    0x000001cf   Thumb Code     0  libinit2.o(.ARM.Collect$$libinit$$00000021)
    __rt_lib_init_cpp_1                      0x000001cf   Thumb Code     0  libinit2.o(.ARM.Collect$$libinit$$00000032)
    __rt_lib_init_exceptions_1               0x000001cf   Thumb Code     0  libinit2.o(.ARM.Collect$$libinit$$00000030)
    __rt_lib_init_fp_1                       0x000001cf   Thumb Code     0  libinit2.o(.ARM.Collect$$libinit$$00000002)
    __rt_lib_init_fp_trap_1                  0x000001cf   Thumb Code     0  libinit2.o(.ARM.Collect$$libinit$$0000001F)
    __rt_lib_init_getenv_1                   0x000001cf   Thumb Code     0  libinit2.o(.ARM.Collect$$libinit$$00000023)
    __rt_lib_init_heap_1                     0x000001cf   Thumb Code     0  libinit2.o(.ARM.Collect$$libinit$$0000000A)
    __rt_lib_init_lc_collate_1               0x000001cf   Thumb Code     0  libinit2.o(.ARM.Collect$$libinit$$00000011)
    __rt_lib_init_lc_ctype_1                 0x000001cf   Thumb Code     0  libinit2.o(.ARM.Collect$$libinit$$00000013)
    __rt_lib_init_lc_monetary_1              0x000001cf   Thumb Code     0  libinit2.o(.ARM.Collect$$libinit$$00000015)
    __rt_lib_init_lc_numeric_1               0x000001cf   Thumb Code     0  libinit2.o(.ARM.Collect$$libinit$$00000017)
    __rt_lib_init_lc_time_1                  0x000001cf   Thumb Code     0  libinit2.o(.ARM.Collect$$libinit$$00000019)
    __rt_lib_init_preinit_1                  0x000001cf   Thumb Code     0  libinit2.o(.ARM.Collect$$libinit$$00000004)
    __rt_lib_init_rand_1                     0x000001cf   Thumb Code     0  libinit2.o(.ARM.Collect$$libinit$$0000000E)
    __rt_lib_init_return                     0x000001cf   Thumb Code     0  libinit2.o(.ARM.Collect$$libinit$$00000033)
    __rt_lib_init_signal_1                   0x000001cf   Thumb Code     0  libinit2.o(.ARM.Collect$$libinit$$0000001D)
    __rt_lib_init_stdio_1                    0x000001cf   Thumb Code     0  libinit2.o(.ARM.Collect$$libinit$$00000025)
    __rt_lib_init_user_alloc_1               0x000001cf   Thumb Code     0  libinit2.o(.ARM.Collect$$libinit$$0000000C)
    Inline ARM to Thumb Veneer to __rt_lib_shutdown 0x000001dc   ARM Code       8  libshutdown.o(.ARM.Collect$$libshutdown$$00000000)
    __rt_lib_shutdown                        0x000001e5   Thumb Code     0  libshutdown.o(.ARM.Collect$$libshutdown$$00000000)
    __rt_lib_shutdown_cpp_1                  0x000001e9   Thumb Code     0  libshutdown2.o(.ARM.Collect$$libshutdown$$00000004)
    __rt_lib_shutdown_fini_1                 0x000001e9   Thumb Code     0  libshutdown2.o(.ARM.Collect$$libshutdown$$00000002)
    __rt_lib_shutdown_fp_trap_1              0x000001e9   Thumb Code     0  libshutdown2.o(.ARM.Collect$$libshutdown$$00000009)
    __rt_lib_shutdown_heap_1                 0x000001e9   Thumb Code     0  libshutdown2.o(.ARM.Collect$$libshutdown$$00000011)
    __rt_lib_shutdown_return                 0x000001e9   Thumb Code     0  libshutdown2.o(.ARM.Collect$$libshutdown$$00000012)
    __rt_lib_shutdown_signal_1               0x000001e9   Thumb Code     0  libshutdown2.o(.ARM.Collect$$libshutdown$$0000000C)
    __rt_lib_shutdown_stdio_1                0x000001e9   Thumb Code     0  libshutdown2.o(.ARM.Collect$$libshutdown$$00000006)
    __rt_lib_shutdown_user_alloc_1           0x000001e9   Thumb Code     0  libshutdown2.o(.ARM.Collect$$libshutdown$$0000000E)
    __rt_entry                               0x000001f0   ARM Code       0  __rtentry.o(.ARM.Collect$$rtentry$$00000000)
    __rt_entry_presh_1                       0x000001f0   ARM Code       0  __rtentry2.o(.ARM.Collect$$rtentry$$00000002)
    __rt_entry_sh                            0x000001f0   ARM Code       0  __rtentry4.o(.ARM.Collect$$rtentry$$00000004)
    __rt_entry_li                            0x000001f8   ARM Code       0  __rtentry2.o(.ARM.Collect$$rtentry$$0000000A)
    __rt_entry_postsh_1                      0x000001f8   ARM Code       0  __rtentry2.o(.ARM.Collect$$rtentry$$00000009)
    __rt_entry_main                          0x000001fc   ARM Code       0  __rtentry2.o(.ARM.Collect$$rtentry$$0000000D)
    __rt_entry_postli_1                      0x000001fc   ARM Code       0  __rtentry2.o(.ARM.Collect$$rtentry$$0000000C)
    Inline Thumb to ARM Veneer to __rt_exit  0x00000225   Thumb Code     4  rtexit.o(.ARM.Collect$$rtexit$$00000000)
    __rt_exit                                0x00000228   ARM Code       0  rtexit.o(.ARM.Collect$$rtexit$$00000000)
    __rt_exit_ls                             0x0000022c   ARM Code       0  rtexit2.o(.ARM.Collect$$rtexit$$00000003)
    __rt_exit_prels_1                        0x0000022c   ARM Code       0  rtexit2.o(.ARM.Collect$$rtexit$$00000002)
    __rt_exit_exit                           0x00000230   ARM Code       0  rtexit2.o(.ARM.Collect$$rtexit$$00000004)
    __user_initial_stackheap                 0x00000238   ARM Code       0  startup.o(.text)
    Inline ARM to Thumb Veneer to strcpy     0x00000258   ARM Code       8  strcpy.o(.text)
    strcpy                                   0x00000261   Thumb Code    74  strcpy.o(.text)
    __aeabi_memcpy                           0x000002b0   ARM Code       0  rt_memcpy.o(.text)
    __rt_memcpy                              0x000002b0   ARM Code     212  rt_memcpy.o(.text)
    _memcpy_lastbytes                        0x00000364   ARM Code       0  rt_memcpy.o(.text)
    __aeabi_memclr                           0x00000384   ARM Code       0  rt_memclr.o(.text)
    __rt_memclr                              0x00000384   ARM Code      64  rt_memclr.o(.text)
    _memset                                  0x00000388   ARM Code       0  rt_memclr.o(.text)
    __aeabi_memclr4                          0x000003c4   ARM Code       0  rt_memclr_w.o(.text)
    __aeabi_memclr8                          0x000003c4   ARM Code       0  rt_memclr_w.o(.text)
    __rt_memclr_w                            0x000003c4   ARM Code      84  rt_memclr_w.o(.text)
    _memset_w                                0x000003c8   ARM Code       0  rt_memclr_w.o(.text)
    __aeabi_idiv                             0x00000418   ARM Code       0  aeabi_sdiv.o(.text)
    __aeabi_idivmod                          0x00000418   ARM Code     384  aeabi_sdiv.o(.text)
    __use_two_region_memory                  0x00000599   Thumb Code     2  heapauxi.o(.text)
    __rt_heap_escrow$2region                 0x0000059b   Thumb Code     2  heapauxi.o(.text)
    __rt_heap_expand$2region                 0x0000059d   Thumb Code     2  heapauxi.o(.text)
    __aeabi_memcpy4                          0x000005a0   ARM Code       0  rt_memcpy_w.o(.text)
    __aeabi_memcpy8                          0x000005a0   ARM Code       0  rt_memcpy_w.o(.text)
    __rt_memcpy_w                            0x000005a0   ARM Code     100  rt_memcpy_w.o(.text)
    _memcpy_lastbytes_aligned                0x000005ec   ARM Code       0  rt_memcpy_w.o(.text)
    __user_libspace                          0x00000604   ARM Code      12  libspace.o(.text)
    __user_perproc_libspace                  0x00000604   ARM Code       0  libspace.o(.text)
    __user_perthread_libspace                0x00000604   ARM Code       0  libspace.o(.text)
    __user_setup_stackheap                   0x00000610   ARM Code      96  sys_stackheap_outer.o(.text)
    exit                                     0x00000671   Thumb Code    20  exit.o(.text)
    Inline ARM to Thumb Veneer to _sys_exit  0x00000684   ARM Code       8  sys_exit.o(.text)
    _sys_exit                                0x0000068d   Thumb Code     8  sys_exit.o(.text)
    __I$use$semihosting                      0x00000698   ARM Code       0  use_no_semi.o(.text)
    __use_no_semihosting_swi                 0x00000698   ARM Code       4  use_no_semi.o(.text)
    __aeabi_uidiv                            0x0000069c   ARM Code       0  aeabi_sdiv.o(.text_udiv)
    __aeabi_uidivmod                         0x0000069c   ARM Code      36  aeabi_sdiv.o(.text_udiv)
    __semihosting_library_function           0x0000069c   ARM Code       0  indicate_semi.o(.text)
    Appl_Data_Retrieve_Para                  0x000006c0   ARM Code     692  gen_std_lib_part_1.o(i.Appl_Data_Retrieve_Para)
    Appl_HW_Init                             0x00000974   ARM Code     240  appl.o(i.Appl_HW_Init)
    Appl_Init                                0x00000a78   ARM Code     444  appl.o(i.Appl_Init)
    Appl_Proc                                0x00000c90   ARM Code     100  appl.o(i.Appl_Proc)
    Appl_Reset                               0x00000d0c   ARM Code      80  appl.o(i.Appl_Reset)
    Appl_Reset_Proc                          0x00000d6c   ARM Code      24  appl.o(i.Appl_Reset_Proc)
    Check_GPIO_Func                          0x00000d84   ARM Code     556  io_lib.o(i.Check_GPIO_Func)
    Comm_Error_Proc                          0x00001028   ARM Code    1152  gen_std_lib_part_1.o(i.Comm_Error_Proc)
    Config_Consucc_Bits                      0x000014a8   ARM Code     228  gen_std_lib_part_1.o(i.Config_Consucc_Bits)
    Config_Port_Pin_Range_Validate           0x00001928   ARM Code     244  io_lib.o(i.Config_Port_Pin_Range_Validate)
    Cur_Data_ID_Devs_Src_Basic_Oper_Func     0x0000222c   ARM Code     928  dev_oper.o(i.Cur_Data_ID_Devs_Src_Basic_Oper_Func)
    Data_Dev_Src_Access_Oper_Func            0x000025cc   ARM Code     768  dev_oper.o(i.Data_Dev_Src_Access_Oper_Func)
    Data_ID_Set_Para                         0x000028cc   ARM Code     244  gen_std_lib_part_1.o(i.Data_ID_Set_Para)
    Data_IDs_Set_Para                        0x000029ec   ARM Code     144  gen_std_lib_part_1.o(i.Data_IDs_Set_Para)
    Delay_MS                                 0x00002b04   ARM Code      52  gen_std_lib_part_1.o(i.Delay_MS)
    Dev_IO_Chs_Map_Data_Validate             0x00002b3c   ARM Code     316  io_lib.o(i.Dev_IO_Chs_Map_Data_Validate)
    Disable_All_LCDs                         0x00002cbc   ARM Code      44  lcd.o(i.Disable_All_LCDs)
    Disable_All_SWs                          0x00002ce8   ARM Code      44  sw_lib.o(i.Disable_All_SWs)
    Disable_All_UARTs                        0x00002d14   ARM Code      56  uart.o(i.Disable_All_UARTs)
    Disable_Interrupt_Src                    0x00002d4c   ARM Code     416  isr.o(i.Disable_Interrupt_Src)
    Disable_Timer_Interrupt                  0x00002f10   ARM Code     200  timer.o(i.Disable_Timer_Interrupt)
    Error_Or_Warning_UART_Proc               0x00003004   ARM Code      96  uart.o(i.Error_Or_Warning_UART_Proc)
    Error_or_Warning_Occured_Proc            0x000030c0   ARM Code     152  appl.o(i.Error_or_Warning_Occured_Proc)
    Error_or_Warning_Proc                    0x00003160   ARM Code     128  gen_std_lib_part_1.o(i.Error_or_Warning_Proc)
    File_Flush                               0x000031e8   ARM Code      88  gen_std_lib_part_1.o(i.File_Flush)
    Get_IO_Func_Mode                         0x000033dc   ARM Code     360  io_lib.o(i.Get_IO_Func_Mode)
    IO_Ch_Func_Reset                         0x000035d4   ARM Code     528  io_lib.o(i.IO_Ch_Func_Reset)
    IO_Ch_To_SW_Ch                           0x00003838   ARM Code     200  sw_lib.o(i.IO_Ch_To_SW_Ch)
    IO_Ch_Validate                           0x0000394c   ARM Code     348  io_lib.o(i.IO_Ch_Validate)
    IO_Channel_Read                          0x00003b28   ARM Code     132  io_lib.o(i.IO_Channel_Read)
    IO_Channel_Write                         0x00003bc0   ARM Code     272  io_lib.o(i.IO_Channel_Write)
    IO_Channels_Func_Set                     0x00003d00   ARM Code     720  io_lib.o(i.IO_Channels_Func_Set)
    ISR_Brown_Out_Detect                     0x00003fd0   ARM Code      20  main.o(i.ISR_Brown_Out_Detect)
    ISR_Non_Vector_IRQ                       0x00003fe4   ARM Code      20  isr.o(i.ISR_Non_Vector_IRQ)
    ISR_PLL                                  0x00003ff8   ARM Code      20  main.o(i.ISR_PLL)
    ISR_Timer_0                              0x0000400c   ARM Code     148  timer.o(i.ISR_Timer_0)
    ISR_Timer_1                              0x000040c0   ARM Code     428  timer.o(i.ISR_Timer_1)
    ISR_UART_0                               0x00004298   ARM Code      20  uart.o(i.ISR_UART_0)
    ISR_UART_1                               0x000042ac   ARM Code      20  uart.o(i.ISR_UART_1)
    Init_File                                0x000042c0   ARM Code     316  gen_std_lib_part_1.o(i.Init_File)
    LCD_Allow_Access                         0x00004444   ARM Code      80  lcd.o(i.LCD_Allow_Access)
    LCD_Clear_Screen                         0x0000482c   ARM Code     140  lcd.o(i.LCD_Clear_Screen)
    LCD_Data_Disp                            0x000048d4   ARM Code    2136  appl.o(i.LCD_Data_Disp)
    LCD_DeInit                               0x00005138   ARM Code     348  lcd.o(i.LCD_DeInit)
    LCD_Disable                              0x000052b8   ARM Code      80  lcd.o(i.LCD_Disable)
    LCD_Disp_Char                            0x0000531c   ARM Code    1044  lcd.o(i.LCD_Disp_Char)
    LCD_Disp_Goto_XY                         0x0000573c   ARM Code     428  lcd.o(i.LCD_Disp_Goto_XY)
    LCD_Disp_Num                             0x00005960   ARM Code    1152  lcd.o(i.LCD_Disp_Num)
    LCD_Disp_Str                             0x00005df8   ARM Code     204  lcd.o(i.LCD_Disp_Str)
    LCD_Enable                               0x00005eec   ARM Code      80  lcd.o(i.LCD_Enable)
    LCD_From_Loc_to_XY                       0x00005f50   ARM Code     424  lcd.o(i.LCD_From_Loc_to_XY)
    LCD_Init                                 0x00006130   ARM Code    1428  lcd.o(i.LCD_Init)
    LCD_No_Access                            0x00006728   ARM Code      88  lcd.o(i.LCD_No_Access)
    LCD_Write                                0x00006bc4   ARM Code    1188  lcd.o(i.LCD_Write)
    LCD_Write_Command                        0x0000708c   ARM Code     852  lcd.o(i.LCD_Write_Command)
    LCD_Write_Command_NO_BF                  0x000073e0   ARM Code     404  lcd.o(i.LCD_Write_Command_NO_BF)
    Next_Data_Conf_Parameter                 0x00007720   ARM Code     160  gen_std_lib_part_1.o(i.Next_Data_Conf_Parameter)
    Non_GPIO_Func_Set                        0x000077e4   ARM Code     200  io_lib.o(i.Non_GPIO_Func_Set)
    Num_To_Str_Conv_No_Conf_Size             0x000078cc   ARM Code     340  gen_std_lib_part_1.o(i.Num_To_Str_Conv_No_Conf_Size)
    Output_Dev_Init                          0x00007a4c   ARM Code     128  io_lib.o(i.Output_Dev_Init)
    Port_Read                                0x00007b30   ARM Code     272  io_lib.o(i.Port_Read)
    Power_Of                                 0x00007c70   ARM Code      48  gen_std_lib_part_1.o(i.Power_Of)
    Print                                    0x00007ca0   ARM Code     700  uart.o(i.Print)
    Put_Char                                 0x00007f5c   ARM Code     144  uart.o(i.Put_Char)
    Put_Str                                  0x00008000   ARM Code     312  uart.o(i.Put_Str)
    Reset_All_Interrupts                     0x00008170   ARM Code     168  isr.o(i.Reset_All_Interrupts)
    Reset_Data_ID_Status                     0x00008230   ARM Code     208  gen_std_lib_part_1.o(i.Reset_Data_ID_Status)
    Reset_Data_IDs_Status                    0x00008320   ARM Code      44  gen_std_lib_part_1.o(i.Reset_Data_IDs_Status)
    Reset_IO_Chs                             0x00008354   ARM Code      16  io_lib.o(i.Reset_IO_Chs)
    Reset_Ports                              0x00008364   ARM Code     104  io_lib.o(i.Reset_Ports)
    Reset_Process                            0x000083d8   ARM Code     176  main.o(i.Reset_Process)
    Reset_SW_Ch                              0x00008498   ARM Code     140  sw_lib.o(i.Reset_SW_Ch)
    Reset_SW_Chs                             0x00008540   ARM Code      60  sw_lib.o(i.Reset_SW_Chs)
    Reset_Src_Interrupt_Data_Arr             0x00008584   ARM Code     104  isr.o(i.Reset_Src_Interrupt_Data_Arr)
    Reset_Water_Lvl_Datas                    0x00008670   ARM Code     768  appl.o(i.Reset_Water_Lvl_Datas)
    SW_Allow_Access                          0x00008970   ARM Code      92  sw_lib.o(i.SW_Allow_Access)
    SW_Ch_ID_Check_And_Alloc                 0x000089e4   ARM Code     660  sw_lib.o(i.SW_Ch_ID_Check_And_Alloc)
    SW_Ch_UnConfig_By_IO_Ch                  0x00008c78   ARM Code     120  sw_lib.o(i.SW_Ch_UnConfig_By_IO_Ch)
    SW_DeInit                                0x00008db0   ARM Code     208  sw_lib.o(i.SW_DeInit)
    SW_Disable                               0x00008ea0   ARM Code      88  sw_lib.o(i.SW_Disable)
    SW_Enable                                0x00008f0c   ARM Code      92  sw_lib.o(i.SW_Enable)
    SW_Init                                  0x00008f80   ARM Code     380  sw_lib.o(i.SW_Init)
    SW_No_Access                             0x00009148   ARM Code      88  sw_lib.o(i.SW_No_Access)
    SW_Oper                                  0x000091b4   ARM Code     664  sw_lib.o(i.SW_Oper)
    SW_Para_Init                             0x0000944c   ARM Code     220  sw_lib.o(i.SW_Para_Init)
    SW_Present_State_By_IO_Ch                0x00009548   ARM Code     280  sw_lib.o(i.SW_Present_State_By_IO_Ch)
    SW_Press_Proc                            0x00009698   ARM Code    1036  sw_lib.o(i.SW_Press_Proc)
    SW_Read                                  0x00009aa4   ARM Code     212  sw_lib.o(i.SW_Read)
    SWs_Sensors_Read_Proc                    0x00009ba4   ARM Code    4572  appl.o(i.SWs_Sensors_Read_Proc)
    Search_Src_Interrupt_Data_Arr_Free_Index 0x0000ad80   ARM Code     124  isr.o(i.Search_Src_Interrupt_Data_Arr_Free_Index)
    Set_Status_Reset_Data_IDs                0x0000ae10   ARM Code     100  gen_std_lib_part_1.o(i.Set_Status_Reset_Data_IDs)
    Str_Len                                  0x0000ae84   ARM Code      80  gen_std_lib_part_1.o(i.Str_Len)
    Test_Consucc_Bits                        0x0000afb8   ARM Code     308  gen_std_lib_part_1.o(i.Test_Consucc_Bits)
    Timer_0_Timeout_Proc                     0x0000b108   ARM Code     204  appl.o(i.Timer_0_Timeout_Proc)
    Timer_1_Timeout_Proc                     0x0000b1fc   ARM Code     204  appl.o(i.Timer_1_Timeout_Proc)
    Timer_Stop                               0x0000b2f0   ARM Code     416  timer.o(i.Timer_Stop)
    UART_Allow_Access                        0x0000b52c   ARM Code      88  uart.o(i.UART_Allow_Access)
    UART_DeInit                              0x0000b598   ARM Code     388  uart.o(i.UART_DeInit)
    UART_Disable                             0x0000b754   ARM Code      88  uart.o(i.UART_Disable)
    UART_Enable                              0x0000b7c0   ARM Code      88  uart.o(i.UART_Enable)
    UART_Init                                0x0000b82c   ARM Code     716  uart.o(i.UART_Init)
    UART_No_Access                           0x0000baf8   ARM Code      92  uart.o(i.UART_No_Access)
    UART_Receive_Char                        0x0000bb68   ARM Code     788  uart.o(i.UART_Receive_Char)
    UART_Receive_Enable_Ctrl                 0x0000be7c   ARM Code     140  uart.o(i.UART_Receive_Enable_Ctrl)
    UART_Reset_Status                        0x0000bf1c   ARM Code     216  uart.o(i.UART_Reset_Status)
    UART_Transmit                            0x0000c014   ARM Code     936  uart.o(i.UART_Transmit)
    UART_Transmit_Char                       0x0000c3c8   ARM Code     224  uart.o(i.UART_Transmit_Char)
    UART_Transmit_Enable_Ctrl                0x0000c4d4   ARM Code     140  uart.o(i.UART_Transmit_Enable_Ctrl)
    UART_Transmit_Num                        0x0000c580   ARM Code    1156  uart.o(i.UART_Transmit_Num)
    UART_Transmit_Str                        0x0000ca1c   ARM Code     204  uart.o(i.UART_Transmit_Str)
    Water_Lvl_Error_Proc                     0x0000cb10   ARM Code     248  appl.o(i.Water_Lvl_Error_Proc)
    Write_Bit_in_Data                        0x0000cc10   ARM Code     152  gen_std_lib_part_1.o(i.Write_Bit_in_Data)
    main                                     0x0000ccc4   ARM Code      48  main.o(i.main)
    io_set_ptr                               0x0000cd00   Data           8  io_lib.o(.constdata)
    io_clr_ptr                               0x0000cd08   Data           8  io_lib.o(.constdata)
    io_pin_ptr                               0x0000cd10   Data           8  io_lib.o(.constdata)
    lcd_io_ch_ctrl                           0x0000cd24   Data          11  main.o(.constdata)
    data_id_ctrl_para                        0x0000cd2f   Data           8  main.o(.constdata)
    data_ids_dev_srcs                        0x0000cd38   Data          14  main.o(.constdata)
    internal_error_led_io_ch                 0x0000cd46   Data           1  main.o(.constdata)
    tmr_mcr_ptr                              0x0000cd68   Data           8  timer.o(.constdata)
    Region$$Table$$Base                      0x0000cdd0   Number         0  anon$$obj.o(Region$$Table)
    Region$$Table$$Limit                     0x0000cdf0   Number         0  anon$$obj.o(Region$$Table)
    appl_status_flag                         0x40000004   Data           4  appl.o(.data)
    io_chs_map_data                          0x40000008   Data           4  appl.o(.data)
    water_lvl_data                           0x4000000c   Data           4  appl.o(.data)
    Dev_Oper_Func_Table                      0x40000014   Data         520  dev_oper.o(.data)
    Comm_Dev_Spec_Oper_Enable_Ctrl_Func_Table 0x4000021c   Data          32  dev_oper.o(.data)
    isr_vector_irq_alloc                     0x40000244   Data           2  isr.o(.data)
    enable_interrupt_req_src_bitfield        0x40000248   Data           4  isr.o(.data)
    sw_para                                  0x4000024c   Data          16  main.o(.data)
    sws_io_ch_map_datas                      0x4000025c   Data           6  main.o(.data)
    lcd_ctrl                                 0x40000262   Data           3  main.o(.data)
    uart_ctrl                                0x40000266   Data           4  main.o(.data)
    interrupt_request_ctrl                   0x4000026c   Data         176  main.o(.data)
    timer_or_counter_id_ctrl                 0x4000031c   Data          12  main.o(.data)
    system_status_flag                       0x40000328   Data           4  main.o(.data)
    cur_data_id                              0x4000032c   Data           1  main.o(.data)
    error_or_warning_proc_flag               0x4000032d   Data           1  main.o(.data)
    uint32_temp_disp_data                    0x40000330   Data           4  main.o(.data)
    last_sw_ch_id                            0x40000334   Data           1  sw_lib.o(.data)
    timer_or_counter_interrupt_data          0x40000338   Data           4  timer.o(.data)
    timer_0_ctrl                             0x4000033c   Data           4  timer.o(.data)
    timer_or_counter_dev_status              0x40000340   Data           6  timer.o(.data)
    Timer_Timeout_Proc_Func_Ptr              0x40000350   Data           8  timer.o(.data)
    internal_error_state                     0x40000358   Data           1  gen_std_lib_part_1.o(.data)
    alloc_dev_ids_ch_id_bit_field            0x4000035c   Data          48  dev_oper.o(.bss)
    src_interrupt_dev_data                   0x4000038c   Data          80  isr.o(.bss)
    lcd_status                               0x400003dc   Data          14  lcd.o(.bss)
    data_id_status_para                      0x400003ec   Data          24  main.o(.bss)
    timer_or_counter_id_status               0x40000404   Data          16  timer.o(.bss)
    uart_status                              0x40000414   Data          10  uart.o(.bss)
    stdout_vt                                0x4000041e   Data          55  uart.o(.bss)
    __libspace_start                         0x40000458   Data          96  libspace.o(.bss)
    __temporary_stack_top$libspace           0x400004b8   Data           0  libspace.o(.bss)



==============================================================================

Memory Map of the image

  Image Entry point : 0x00000110

  Load Region LR_IROM1 (Base: 0x00000000, Size: 0x0000d14c, Max: 0x00080000, ABSOLUTE, COMPRESSED[0x0000ced0])

    Execution Region ER_IROM1 (Exec base: 0x00000000, Load base: 0x00000000, Size: 0x0000cdf0, Max: 0x00080000, ABSOLUTE)

    Exec Addr    Load Addr    Size         Type   Attr      Idx    E Section Name        Object

    0x00000000   0x00000000   0x00000110   Code   RO            3    RESET               startup.o
    0x00000110   0x00000110   0x00000008   Code   RO         1656  * !!!main             c_t.l(__main.o)
    0x00000118   0x00000118   0x0000003c   Code   RO         1892    !!!scatter          c_t.l(__scatter.o)
    0x00000154   0x00000154   0x00000044   Code   RO         1890    !!dczerorl          c_t.l(__dczerorl.o)
    0x00000198   0x00000198   0x0000002c   Code   RO         1894    !!handler_zi        c_t.l(__scatter_zi.o)
    0x000001c4   0x000001c4   0x00000008   Ven    RO         1806    .ARM.Collect$$libinit$$00000000  c_t.l(libinit.o)
    0x000001cc   0x000001cc   0x00000002   Code   RO         1806    .ARM.Collect$$libinit$$00000000  c_t.l(libinit.o)
    0x000001ce   0x000001ce   0x00000000   Code   RO         1747    .ARM.Collect$$libinit$$00000002  c_t.l(libinit2.o)
    0x000001ce   0x000001ce   0x00000000   Code   RO         1749    .ARM.Collect$$libinit$$00000004  c_t.l(libinit2.o)
    0x000001ce   0x000001ce   0x00000000   Code   RO         1752    .ARM.Collect$$libinit$$0000000A  c_t.l(libinit2.o)
    0x000001ce   0x000001ce   0x00000000   Code   RO         1754    .ARM.Collect$$libinit$$0000000C  c_t.l(libinit2.o)
    0x000001ce   0x000001ce   0x00000000   Code   RO         1756    .ARM.Collect$$libinit$$0000000E  c_t.l(libinit2.o)
    0x000001ce   0x000001ce   0x00000000   Code   RO         1759    .ARM.Collect$$libinit$$00000011  c_t.l(libinit2.o)
    0x000001ce   0x000001ce   0x00000000   Code   RO         1761    .ARM.Collect$$libinit$$00000013  c_t.l(libinit2.o)
    0x000001ce   0x000001ce   0x00000000   Code   RO         1763    .ARM.Collect$$libinit$$00000015  c_t.l(libinit2.o)
    0x000001ce   0x000001ce   0x00000000   Code   RO         1765    .ARM.Collect$$libinit$$00000017  c_t.l(libinit2.o)
    0x000001ce   0x000001ce   0x00000000   Code   RO         1767    .ARM.Collect$$libinit$$00000019  c_t.l(libinit2.o)
    0x000001ce   0x000001ce   0x00000000   Code   RO         1769    .ARM.Collect$$libinit$$0000001B  c_t.l(libinit2.o)
    0x000001ce   0x000001ce   0x00000000   Code   RO         1771    .ARM.Collect$$libinit$$0000001D  c_t.l(libinit2.o)
    0x000001ce   0x000001ce   0x00000000   Code   RO         1773    .ARM.Collect$$libinit$$0000001F  c_t.l(libinit2.o)
    0x000001ce   0x000001ce   0x00000000   Code   RO         1775    .ARM.Collect$$libinit$$00000021  c_t.l(libinit2.o)
    0x000001ce   0x000001ce   0x00000000   Code   RO         1777    .ARM.Collect$$libinit$$00000023  c_t.l(libinit2.o)
    0x000001ce   0x000001ce   0x00000000   Code   RO         1779    .ARM.Collect$$libinit$$00000025  c_t.l(libinit2.o)
    0x000001ce   0x000001ce   0x00000000   Code   RO         1783    .ARM.Collect$$libinit$$0000002C  c_t.l(libinit2.o)
    0x000001ce   0x000001ce   0x00000000   Code   RO         1785    .ARM.Collect$$libinit$$0000002E  c_t.l(libinit2.o)
    0x000001ce   0x000001ce   0x00000000   Code   RO         1787    .ARM.Collect$$libinit$$00000030  c_t.l(libinit2.o)
    0x000001ce   0x000001ce   0x00000000   Code   RO         1789    .ARM.Collect$$libinit$$00000032  c_t.l(libinit2.o)
    0x000001ce   0x000001ce   0x0000000c   Code   RO         1790    .ARM.Collect$$libinit$$00000033  c_t.l(libinit2.o)
    0x000001da   0x000001da   0x00000002   PAD
    0x000001dc   0x000001dc   0x00000008   Ven    RO         1855    .ARM.Collect$$libshutdown$$00000000  c_t.l(libshutdown.o)
    0x000001e4   0x000001e4   0x00000004   Code   RO         1855    .ARM.Collect$$libshutdown$$00000000  c_t.l(libshutdown.o)
    0x000001e8   0x000001e8   0x00000000   Code   RO         1871    .ARM.Collect$$libshutdown$$00000002  c_t.l(libshutdown2.o)
    0x000001e8   0x000001e8   0x00000000   Code   RO         1873    .ARM.Collect$$libshutdown$$00000004  c_t.l(libshutdown2.o)
    0x000001e8   0x000001e8   0x00000000   Code   RO         1875    .ARM.Collect$$libshutdown$$00000006  c_t.l(libshutdown2.o)
    0x000001e8   0x000001e8   0x00000000   Code   RO         1878    .ARM.Collect$$libshutdown$$00000009  c_t.l(libshutdown2.o)
    0x000001e8   0x000001e8   0x00000000   Code   RO         1881    .ARM.Collect$$libshutdown$$0000000C  c_t.l(libshutdown2.o)
    0x000001e8   0x000001e8   0x00000000   Code   RO         1883    .ARM.Collect$$libshutdown$$0000000E  c_t.l(libshutdown2.o)
    0x000001e8   0x000001e8   0x00000000   Code   RO         1886    .ARM.Collect$$libshutdown$$00000011  c_t.l(libshutdown2.o)
    0x000001e8   0x000001e8   0x00000006   Code   RO         1887    .ARM.Collect$$libshutdown$$00000012  c_t.l(libshutdown2.o)
    0x000001ee   0x000001ee   0x00000002   PAD
    0x000001f0   0x000001f0   0x00000000   Code   RO         1698    .ARM.Collect$$rtentry$$00000000  c_t.l(__rtentry.o)
    0x000001f0   0x000001f0   0x00000000   Code   RO         1728    .ARM.Collect$$rtentry$$00000002  c_t.l(__rtentry2.o)
    0x000001f0   0x000001f0   0x00000008   Code   RO         1740    .ARM.Collect$$rtentry$$00000004  c_t.l(__rtentry4.o)
    0x000001f8   0x000001f8   0x00000000   Code   RO         1730    .ARM.Collect$$rtentry$$00000009  c_t.l(__rtentry2.o)
    0x000001f8   0x000001f8   0x00000004   Code   RO         1731    .ARM.Collect$$rtentry$$0000000A  c_t.l(__rtentry2.o)
    0x000001fc   0x000001fc   0x00000000   Code   RO         1733    .ARM.Collect$$rtentry$$0000000C  c_t.l(__rtentry2.o)
    0x000001fc   0x000001fc   0x00000028   Code   RO         1734    .ARM.Collect$$rtentry$$0000000D  c_t.l(__rtentry2.o)
    0x00000224   0x00000224   0x00000004   Ven    RO         1809    .ARM.Collect$$rtexit$$00000000  c_t.l(rtexit.o)
    0x00000228   0x00000228   0x00000004   Code   RO         1809    .ARM.Collect$$rtexit$$00000000  c_t.l(rtexit.o)
    0x0000022c   0x0000022c   0x00000000   Code   RO         1826    .ARM.Collect$$rtexit$$00000002  c_t.l(rtexit2.o)
    0x0000022c   0x0000022c   0x00000004   Code   RO         1827    .ARM.Collect$$rtexit$$00000003  c_t.l(rtexit2.o)
    0x00000230   0x00000230   0x00000008   Code   RO         1828    .ARM.Collect$$rtexit$$00000004  c_t.l(rtexit2.o)
    0x00000238   0x00000238   0x00000020   Code   RO            4    .text               startup.o
    0x00000258   0x00000258   0x00000008   Ven    RO         1628    .text               c_t.l(strcpy.o)
    0x00000260   0x00000260   0x00000050   Code   RO         1628    .text               c_t.l(strcpy.o)
    0x000002b0   0x000002b0   0x000000d4   Code   RO         1630    .text               c_t.l(rt_memcpy.o)
    0x00000384   0x00000384   0x00000040   Code   RO         1634    .text               c_t.l(rt_memclr.o)
    0x000003c4   0x000003c4   0x00000054   Code   RO         1636    .text               c_t.l(rt_memclr_w.o)
    0x00000418   0x00000418   0x00000180   Code   RO         1638    .text               c_t.l(aeabi_sdiv.o)
    0x00000598   0x00000598   0x00000006   Code   RO         1654    .text               c_t.l(heapauxi.o)
    0x0000059e   0x0000059e   0x00000002   PAD
    0x000005a0   0x000005a0   0x00000064   Code   RO         1711    .text               c_t.l(rt_memcpy_w.o)
    0x00000604   0x00000604   0x0000000c   Code   RO         1724    .text               c_t.l(libspace.o)
    0x00000610   0x00000610   0x00000060   Code   RO         1791    .text               c_t.l(sys_stackheap_outer.o)
    0x00000670   0x00000670   0x00000014   Code   RO         1793    .text               c_t.l(exit.o)
    0x00000684   0x00000684   0x00000008   Ven    RO         1823    .text               c_t.l(sys_exit.o)
    0x0000068c   0x0000068c   0x0000000c   Code   RO         1823    .text               c_t.l(sys_exit.o)
    0x00000698   0x00000698   0x00000004   Code   RO         1846    .text               c_t.l(use_no_semi.o)
    0x0000069c   0x0000069c   0x00000000   Code   RO         1848    .text               c_t.l(indicate_semi.o)
    0x0000069c   0x0000069c   0x00000024   Code   RO         1639    .text_udiv          c_t.l(aeabi_sdiv.o)
    0x000006c0   0x000006c0   0x000002b4   Code   RO         1250    i.Appl_Data_Retrieve_Para  gen_std_lib_part_1.o
    0x00000974   0x00000974   0x00000104   Code   RO           11    i.Appl_HW_Init      appl.o
    0x00000a78   0x00000a78   0x00000218   Code   RO           12    i.Appl_Init         appl.o
    0x00000c90   0x00000c90   0x0000007c   Code   RO           13    i.Appl_Proc         appl.o
    0x00000d0c   0x00000d0c   0x00000060   Code   RO           14    i.Appl_Reset        appl.o
    0x00000d6c   0x00000d6c   0x00000018   Code   RO           15    i.Appl_Reset_Proc   appl.o
    0x00000d84   0x00000d84   0x000002a4   Code   RO          273    i.Check_GPIO_Func   io_lib.o
    0x00001028   0x00001028   0x00000480   Code   RO         1251    i.Comm_Error_Proc   gen_std_lib_part_1.o
    0x000014a8   0x000014a8   0x00000100   Code   RO         1252    i.Config_Consucc_Bits  gen_std_lib_part_1.o
    0x000015a8   0x000015a8   0x00000380   Code   RO          274    i.Config_GPIO_Func_Set  io_lib.o
    0x00001928   0x00001928   0x00000120   Code   RO          275    i.Config_Port_Pin_Range_Validate  io_lib.o
    0x00001a48   0x00001a48   0x000000bc   Code   RO          276    i.Config_Port_Pin_Validate  io_lib.o
    0x00001b04   0x00001b04   0x00000728   Code   RO          160    i.Cur_Data_ID_Dev_Src_Basic_Oper_Func  dev_oper.o
    0x0000222c   0x0000222c   0x000003a0   Code   RO          161    i.Cur_Data_ID_Devs_Src_Basic_Oper_Func  dev_oper.o
    0x000025cc   0x000025cc   0x00000300   Code   RO          164    i.Data_Dev_Src_Access_Oper_Func  dev_oper.o
    0x000028cc   0x000028cc   0x00000120   Code   RO         1253    i.Data_ID_Set_Para  gen_std_lib_part_1.o
    0x000029ec   0x000029ec   0x000000ac   Code   RO         1254    i.Data_IDs_Set_Para  gen_std_lib_part_1.o
    0x00002a98   0x00002a98   0x0000006c   Code   RO          277    i.Debug_IO_Func_Set_Validate  io_lib.o
    0x00002b04   0x00002b04   0x00000038   Code   RO         1255    i.Delay_MS          gen_std_lib_part_1.o
    0x00002b3c   0x00002b3c   0x00000180   Code   RO          279    i.Dev_IO_Chs_Map_Data_Validate  io_lib.o
    0x00002cbc   0x00002cbc   0x0000002c   Code   RO          494    i.Disable_All_LCDs  lcd.o
    0x00002ce8   0x00002ce8   0x0000002c   Code   RO          832    i.Disable_All_SWs   sw_lib.o
    0x00002d14   0x00002d14   0x00000038   Code   RO         1060    i.Disable_All_UARTs  uart.o
    0x00002d4c   0x00002d4c   0x000001c4   Code   RO          417    i.Disable_Interrupt_Src  isr.o
    0x00002f10   0x00002f10   0x000000f4   Code   RO          966    i.Disable_Timer_Interrupt  timer.o
    0x00003004   0x00003004   0x00000068   Code   RO         1061    i.Error_Or_Warning_UART_Proc  uart.o
    0x0000306c   0x0000306c   0x00000054   Code   RO          495    i.Error_or_Warning_LCD_Proc  lcd.o
    0x000030c0   0x000030c0   0x000000a0   Code   RO           16    i.Error_or_Warning_Occured_Proc  appl.o
    0x00003160   0x00003160   0x00000088   Code   RO         1256    i.Error_or_Warning_Proc  gen_std_lib_part_1.o
    0x000031e8   0x000031e8   0x00000068   Code   RO         1257    i.File_Flush        gen_std_lib_part_1.o
    0x00003250   0x00003250   0x0000018c   Code   RO          280    i.GPIO_Func_Set     io_lib.o
    0x000033dc   0x000033dc   0x0000019c   Code   RO          281    i.Get_IO_Func_Mode  io_lib.o
    0x00003578   0x00003578   0x0000005c   Code   RO          723    i.HW_Init           main.o
    0x000035d4   0x000035d4   0x00000264   Code   RO          282    i.IO_Ch_Func_Reset  io_lib.o
    0x00003838   0x00003838   0x00000114   Code   RO          833    i.IO_Ch_To_SW_Ch    sw_lib.o
    0x0000394c   0x0000394c   0x000001dc   Code   RO          283    i.IO_Ch_Validate    io_lib.o
    0x00003b28   0x00003b28   0x00000098   Code   RO          284    i.IO_Channel_Read   io_lib.o
    0x00003bc0   0x00003bc0   0x00000140   Code   RO          285    i.IO_Channel_Write  io_lib.o
    0x00003d00   0x00003d00   0x000002d0   Code   RO          286    i.IO_Channels_Func_Set  io_lib.o
    0x00003fd0   0x00003fd0   0x00000014   Code   RO          724    i.ISR_Brown_Out_Detect  main.o
    0x00003fe4   0x00003fe4   0x00000014   Code   RO          419    i.ISR_Non_Vector_IRQ  isr.o
    0x00003ff8   0x00003ff8   0x00000014   Code   RO          725    i.ISR_PLL           main.o
    0x0000400c   0x0000400c   0x000000b4   Code   RO          967    i.ISR_Timer_0       timer.o
    0x000040c0   0x000040c0   0x000001d8   Code   RO          968    i.ISR_Timer_1       timer.o
    0x00004298   0x00004298   0x00000014   Code   RO         1062    i.ISR_UART_0        uart.o
    0x000042ac   0x000042ac   0x00000014   Code   RO         1063    i.ISR_UART_1        uart.o
    0x000042c0   0x000042c0   0x00000184   Code   RO         1259    i.Init_File         gen_std_lib_part_1.o
    0x00004444   0x00004444   0x00000064   Code   RO          496    i.LCD_Allow_Access  lcd.o
    0x000044a8   0x000044a8   0x00000384   Code   RO          497    i.LCD_Check_Busy    lcd.o
    0x0000482c   0x0000482c   0x000000a8   Code   RO          498    i.LCD_Clear_Screen  lcd.o
    0x000048d4   0x000048d4   0x00000864   Code   RO           17    i.LCD_Data_Disp     appl.o
    0x00005138   0x00005138   0x00000180   Code   RO          503    i.LCD_DeInit        lcd.o
    0x000052b8   0x000052b8   0x00000064   Code   RO          504    i.LCD_Disable       lcd.o
    0x0000531c   0x0000531c   0x00000420   Code   RO          505    i.LCD_Disp_Char     lcd.o
    0x0000573c   0x0000573c   0x00000224   Code   RO          506    i.LCD_Disp_Goto_XY  lcd.o
    0x00005960   0x00005960   0x00000498   Code   RO          507    i.LCD_Disp_Num      lcd.o
    0x00005df8   0x00005df8   0x000000f4   Code   RO          508    i.LCD_Disp_Str      lcd.o
    0x00005eec   0x00005eec   0x00000064   Code   RO          509    i.LCD_Enable        lcd.o
    0x00005f50   0x00005f50   0x000001e0   Code   RO          510    i.LCD_From_Loc_to_XY  lcd.o
    0x00006130   0x00006130   0x000005f8   Code   RO          512    i.LCD_Init          lcd.o
    0x00006728   0x00006728   0x0000006c   Code   RO          515    i.LCD_No_Access     lcd.o
    0x00006794   0x00006794   0x000002f0   Code   RO          516    i.LCD_Read_Command  lcd.o
    0x00006a84   0x00006a84   0x00000140   Code   RO          517    i.LCD_Read_Data_from_IO_Ch  lcd.o
    0x00006bc4   0x00006bc4   0x000004c8   Code   RO          518    i.LCD_Write         lcd.o
    0x0000708c   0x0000708c   0x00000354   Code   RO          519    i.LCD_Write_Command  lcd.o
    0x000073e0   0x000073e0   0x000001e8   Code   RO          520    i.LCD_Write_Command_NO_BF  lcd.o
    0x000075c8   0x000075c8   0x00000158   Code   RO          521    i.LCD_Write_Data_to_IO_Ch  lcd.o
    0x00007720   0x00007720   0x000000c4   Code   RO         1260    i.Next_Data_Conf_Parameter  gen_std_lib_part_1.o
    0x000077e4   0x000077e4   0x000000e8   Code   RO          287    i.Non_GPIO_Func_Set  io_lib.o
    0x000078cc   0x000078cc   0x00000180   Code   RO         1261    i.Num_To_Str_Conv_No_Conf_Size  gen_std_lib_part_1.o
    0x00007a4c   0x00007a4c   0x00000090   Code   RO          289    i.Output_Dev_Init   io_lib.o
    0x00007adc   0x00007adc   0x00000054   Code   RO          726    i.PLL_Init          main.o
    0x00007b30   0x00007b30   0x00000140   Code   RO          290    i.Port_Read         io_lib.o
    0x00007c70   0x00007c70   0x00000030   Code   RO         1263    i.Power_Of          gen_std_lib_part_1.o
    0x00007ca0   0x00007ca0   0x000002bc   Code   RO         1064    i.Print             uart.o
    0x00007f5c   0x00007f5c   0x000000a4   Code   RO         1065    i.Put_Char          uart.o
    0x00008000   0x00008000   0x00000170   Code   RO         1066    i.Put_Str           uart.o
    0x00008170   0x00008170   0x000000c0   Code   RO          421    i.Reset_All_Interrupts  isr.o
    0x00008230   0x00008230   0x000000f0   Code   RO         1264    i.Reset_Data_ID_Status  gen_std_lib_part_1.o
    0x00008320   0x00008320   0x00000034   Code   RO         1265    i.Reset_Data_IDs_Status  gen_std_lib_part_1.o
    0x00008354   0x00008354   0x00000010   Code   RO          292    i.Reset_IO_Chs      io_lib.o
    0x00008364   0x00008364   0x00000074   Code   RO          293    i.Reset_Ports       io_lib.o
    0x000083d8   0x000083d8   0x000000c0   Code   RO          727    i.Reset_Process     main.o
    0x00008498   0x00008498   0x000000a8   Code   RO          834    i.Reset_SW_Ch       sw_lib.o
    0x00008540   0x00008540   0x00000044   Code   RO          835    i.Reset_SW_Chs      sw_lib.o
    0x00008584   0x00008584   0x00000078   Code   RO          422    i.Reset_Src_Interrupt_Data_Arr  isr.o
    0x000085fc   0x000085fc   0x00000074   Code   RO          423    i.Reset_Src_Interrupt_Data_Arr_By_Specific_Index  isr.o
    0x00008670   0x00008670   0x00000300   Code   RO           18    i.Reset_Water_Lvl_Datas  appl.o
    0x00008970   0x00008970   0x00000074   Code   RO          836    i.SW_Allow_Access   sw_lib.o
    0x000089e4   0x000089e4   0x00000294   Code   RO          837    i.SW_Ch_ID_Check_And_Alloc  sw_lib.o
    0x00008c78   0x00008c78   0x00000088   Code   RO          839    i.SW_Ch_UnConfig_By_IO_Ch  sw_lib.o
    0x00008d00   0x00008d00   0x000000b0   Code   RO          840    i.SW_Ch_Validate    sw_lib.o
    0x00008db0   0x00008db0   0x000000f0   Code   RO          841    i.SW_DeInit         sw_lib.o
    0x00008ea0   0x00008ea0   0x0000006c   Code   RO          842    i.SW_Disable        sw_lib.o
    0x00008f0c   0x00008f0c   0x00000074   Code   RO          843    i.SW_Enable         sw_lib.o
    0x00008f80   0x00008f80   0x000001c8   Code   RO          844    i.SW_Init           sw_lib.o
    0x00009148   0x00009148   0x0000006c   Code   RO          845    i.SW_No_Access      sw_lib.o
    0x000091b4   0x000091b4   0x00000298   Code   RO          846    i.SW_Oper           sw_lib.o
    0x0000944c   0x0000944c   0x000000fc   Code   RO          847    i.SW_Para_Init      sw_lib.o
    0x00009548   0x00009548   0x00000150   Code   RO          848    i.SW_Present_State_By_IO_Ch  sw_lib.o
    0x00009698   0x00009698   0x0000040c   Code   RO          849    i.SW_Press_Proc     sw_lib.o
    0x00009aa4   0x00009aa4   0x00000100   Code   RO          850    i.SW_Read           sw_lib.o
    0x00009ba4   0x00009ba4   0x000011dc   Code   RO           19    i.SWs_Sensors_Read_Proc  appl.o
    0x0000ad80   0x0000ad80   0x00000090   Code   RO          425    i.Search_Src_Interrupt_Data_Arr_Free_Index  isr.o
    0x0000ae10   0x0000ae10   0x00000074   Code   RO         1269    i.Set_Status_Reset_Data_IDs  gen_std_lib_part_1.o
    0x0000ae84   0x0000ae84   0x00000060   Code   RO         1270    i.Str_Len           gen_std_lib_part_1.o
    0x0000aee4   0x0000aee4   0x000000d4   Code   RO          728    i.System_Init       main.o
    0x0000afb8   0x0000afb8   0x00000150   Code   RO         1272    i.Test_Consucc_Bits  gen_std_lib_part_1.o
    0x0000b108   0x0000b108   0x000000f4   Code   RO           20    i.Timer_0_Timeout_Proc  appl.o
    0x0000b1fc   0x0000b1fc   0x000000f4   Code   RO           21    i.Timer_1_Timeout_Proc  appl.o
    0x0000b2f0   0x0000b2f0   0x000001d0   Code   RO          978    i.Timer_Stop        timer.o
    0x0000b4c0   0x0000b4c0   0x0000006c   Code   RO          294    i.Trace_IO_Func_Set_Validate  io_lib.o
    0x0000b52c   0x0000b52c   0x0000006c   Code   RO         1067    i.UART_Allow_Access  uart.o
    0x0000b598   0x0000b598   0x000001bc   Code   RO         1068    i.UART_DeInit       uart.o
    0x0000b754   0x0000b754   0x0000006c   Code   RO         1069    i.UART_Disable      uart.o
    0x0000b7c0   0x0000b7c0   0x0000006c   Code   RO         1070    i.UART_Enable       uart.o
    0x0000b82c   0x0000b82c   0x000002cc   Code   RO         1071    i.UART_Init         uart.o
    0x0000baf8   0x0000baf8   0x00000070   Code   RO         1072    i.UART_No_Access    uart.o
    0x0000bb68   0x0000bb68   0x00000314   Code   RO         1073    i.UART_Receive_Char  uart.o
    0x0000be7c   0x0000be7c   0x000000a0   Code   RO         1074    i.UART_Receive_Enable_Ctrl  uart.o
    0x0000bf1c   0x0000bf1c   0x000000f8   Code   RO         1075    i.UART_Reset_Status  uart.o
    0x0000c014   0x0000c014   0x000003b4   Code   RO         1077    i.UART_Transmit     uart.o
    0x0000c3c8   0x0000c3c8   0x0000010c   Code   RO         1078    i.UART_Transmit_Char  uart.o
    0x0000c4d4   0x0000c4d4   0x000000ac   Code   RO         1080    i.UART_Transmit_Enable_Ctrl  uart.o
    0x0000c580   0x0000c580   0x0000049c   Code   RO         1081    i.UART_Transmit_Num  uart.o
    0x0000ca1c   0x0000ca1c   0x000000f4   Code   RO         1082    i.UART_Transmit_Str  uart.o
    0x0000cb10   0x0000cb10   0x00000100   Code   RO           22    i.Water_Lvl_Error_Proc  appl.o
    0x0000cc10   0x0000cc10   0x000000b4   Code   RO         1273    i.Write_Bit_in_Data  gen_std_lib_part_1.o
    0x0000ccc4   0x0000ccc4   0x00000030   Code   RO          729    i.main              main.o
    0x0000ccf4   0x0000ccf4   0x00000002   Data   RO          172    .constdata          dev_oper.o
    0x0000ccf6   0x0000ccf6   0x00000002   PAD
    0x0000ccf8   0x0000ccf8   0x0000002c   Data   RO          295    .constdata          io_lib.o
    0x0000cd24   0x0000cd24   0x0000000b   Data   RO          731    .constdata          main.o
    0x0000cd2f   0x0000cd2f   0x00000008   Data   RO          732    .constdata          main.o
    0x0000cd37   0x0000cd37   0x00000001   PAD
    0x0000cd38   0x0000cd38   0x0000000e   Data   RO          733    .constdata          main.o
    0x0000cd46   0x0000cd46   0x00000001   Data   RO          734    .constdata          main.o
    0x0000cd47   0x0000cd47   0x00000001   PAD
    0x0000cd48   0x0000cd48   0x00000030   Data   RO          980    .constdata          timer.o
    0x0000cd78   0x0000cd78   0x00000010   Data   RO          981    .constdata          timer.o
    0x0000cd88   0x0000cd88   0x00000010   Data   RO          982    .constdata          timer.o
    0x0000cd98   0x0000cd98   0x00000038   Data   RO         1084    .constdata          uart.o
    0x0000cdd0   0x0000cdd0   0x00000020   Data   RO         1888    Region$$Table       anon$$obj.o


    Execution Region RW_IRAM1 (Exec base: 0x40000000, Load base: 0x0000cdf0, Size: 0x00000940, Max: 0x00008000, ABSOLUTE, COMPRESSED[0x000000e0])

    Exec Addr    Load Addr    Size         Type   Attr      Idx    E Section Name        Object

    0x40000000   COMPRESSED   0x00000010   Data   RW           23    .data               appl.o
    0x40000010   COMPRESSED   0x0000022c   Data   RW          173    .data               dev_oper.o
    0x4000023c   COMPRESSED   0x00000008   Data   RW          297    .data               io_lib.o
    0x40000244   COMPRESSED   0x00000008   Data   RW          427    .data               isr.o
    0x4000024c   COMPRESSED   0x00000010   Data   RW          735    .data               main.o
    0x4000025c   COMPRESSED   0x00000006   Data   RW          736    .data               main.o
    0x40000262   COMPRESSED   0x00000003   Data   RW          737    .data               main.o
    0x40000265   COMPRESSED   0x00000001   PAD
    0x40000266   COMPRESSED   0x00000004   Data   RW          739    .data               main.o
    0x4000026a   COMPRESSED   0x00000002   PAD
    0x4000026c   COMPRESSED   0x000000b0   Data   RW          740    .data               main.o
    0x4000031c   COMPRESSED   0x0000000c   Data   RW          741    .data               main.o
    0x40000328   COMPRESSED   0x00000004   Data   RW          742    .data               main.o
    0x4000032c   COMPRESSED   0x00000001   Data   RW          743    .data               main.o
    0x4000032d   COMPRESSED   0x00000001   Data   RW          744    .data               main.o
    0x4000032e   COMPRESSED   0x00000002   PAD
    0x40000330   COMPRESSED   0x00000004   Data   RW          748    .data               main.o
    0x40000334   COMPRESSED   0x00000001   Data   RW          853    .data               sw_lib.o
    0x40000335   COMPRESSED   0x00000003   PAD
    0x40000338   COMPRESSED   0x00000020   Data   RW          983    .data               timer.o
    0x40000358   COMPRESSED   0x00000002   Data   RW         1279    .data               gen_std_lib_part_1.o
    0x4000035a   COMPRESSED   0x00000002   PAD
    0x4000035c        -       0x00000030   Zero   RW          171    .bss                dev_oper.o
    0x4000038c        -       0x00000050   Zero   RW          426    .bss                isr.o
    0x400003dc        -       0x0000000e   Zero   RW          525    .bss                lcd.o
    0x400003ea   COMPRESSED   0x00000002   PAD
    0x400003ec        -       0x00000018   Zero   RW          730    .bss                main.o
    0x40000404        -       0x00000010   Zero   RW          979    .bss                timer.o
    0x40000414        -       0x00000041   Zero   RW         1083    .bss                uart.o
    0x40000455   COMPRESSED   0x00000003   PAD
    0x40000458        -       0x00000060   Zero   RW         1725    .bss                c_t.l(libspace.o)
    0x400004b8        -       0x00000000   Zero   RW            2    HEAP                startup.o
    0x400004b8        -       0x00000488   Zero   RW            1    STACK               startup.o


==============================================================================

Image component sizes


      Code (inc. data)   RO Data    RW Data    ZI Data      Debug   Object Name

      9432       2048          0         16          0      40768   appl.o
      3528        432          2        556         48      27982   dev_oper.o
      4892        492          0          2          0      37783   gen_std_lib_part_1.o
      6564        980         44          8          0      20077   io_lib.o
      1044        116          0          8         80       7427   isr.o
     11000       1704          0          0         14      43765   lcd.o
       668         76         34        227         24      30671   main.o
       304         60          0          0       1160        612   startup.o
      5216        892          0          1          0      14788   sw_lib.o
      1360        168         80         32         16       6392   timer.o
      7036        928         56          0         65      43345   uart.o

    ----------------------------------------------------------------------
     51044       7896        252        860       1412     273610   Object Totals
         0          0         32          0          0          0   (incl. Generated)
         0          0          4         10          5          0   (incl. Padding)

    ----------------------------------------------------------------------

      Code (inc. data)   RO Data    RW Data    ZI Data      Debug   Library Member Name

        68          2          0          0          0          0   __dczerorl.o
         8          0          0          0          0         68   __main.o
         0          0          0          0          0          0   __rtentry.o
        44          4          0          0          0          0   __rtentry2.o
         8          0          0          0          0          0   __rtentry4.o
        60          8          0          0          0          0   __scatter.o
        44          0          0          0          0          0   __scatter_zi.o
       420          0          0          0          0        148   aeabi_sdiv.o
        20          0          0          0          0         80   exit.o
         6          0          0          0          0        136   heapauxi.o
         0          0          0          0          0          0   indicate_semi.o
        10          0          0          0          0          0   libinit.o
        12          0          0          0          0          0   libinit2.o
        12          0          0          0          0          0   libshutdown.o
         6          0          0          0          0          0   libshutdown2.o
        12          4          0          0         96         68   libspace.o
        64          0          0          0          0         68   rt_memclr.o
        84          0          0          0          0         80   rt_memclr_w.o
       212          0          0          0          0         68   rt_memcpy.o
       100          0          0          0          0         80   rt_memcpy_w.o
         8          0          0          0          0          0   rtexit.o
        12          0          0          0          0          0   rtexit2.o
        88          6          0          0          0         76   strcpy.o
        20          4          0          0          0         60   sys_exit.o
        96          0          0          0          0         80   sys_stackheap_outer.o
         4          0          0          0          0         68   use_no_semi.o

    ----------------------------------------------------------------------
      1424         28          0          0         96       1080   Library Totals
         6          0          0          0          0          0   (incl. Padding)

    ----------------------------------------------------------------------

      Code (inc. data)   RO Data    RW Data    ZI Data      Debug   Library Name

      1418         28          0          0         96       1080   c_t.l

    ----------------------------------------------------------------------
      1424         28          0          0         96       1080   Library Totals

    ----------------------------------------------------------------------

==============================================================================


      Code (inc. data)   RO Data    RW Data    ZI Data      Debug   

     52468       7924        252        860       1508     267690   Grand Totals
     52468       7924        252        224       1508     267690   ELF Image Totals (compressed)
     52468       7924        252        224          0          0   ROM Totals

==============================================================================

    Total RO  Size (Code + RO Data)                52720 (  51.48kB)
    Total RW  Size (RW Data + ZI Data)              2368 (   2.31kB)
    Total ROM Size (Code + RO Data + RW Data)      52944 (  51.70kB)

==============================================================================

